Archive member included to satisfy reference by file (symbol)

c:/siliconlabs/simplicitystudio/v4/developer/toolchains/gnu_arm/7.2_2017q4/bin/../lib/gcc/arm-none-eabi/7.2.1/thumb/v7-m\libgcc.a(_aeabi_ldivmod.o)
                              ./emlib/em_usart.o (__aeabi_ldivmod)
c:/siliconlabs/simplicitystudio/v4/developer/toolchains/gnu_arm/7.2_2017q4/bin/../lib/gcc/arm-none-eabi/7.2.1/thumb/v7-m\libgcc.a(_aeabi_uldivmod.o)
                              ./emlib/em_usart.o (__aeabi_uldivmod)
c:/siliconlabs/simplicitystudio/v4/developer/toolchains/gnu_arm/7.2_2017q4/bin/../lib/gcc/arm-none-eabi/7.2.1/thumb/v7-m\libgcc.a(_udivmoddi4.o)
                              c:/siliconlabs/simplicitystudio/v4/developer/toolchains/gnu_arm/7.2_2017q4/bin/../lib/gcc/arm-none-eabi/7.2.1/thumb/v7-m\libgcc.a(_aeabi_ldivmod.o) (__udivmoddi4)
c:/siliconlabs/simplicitystudio/v4/developer/toolchains/gnu_arm/7.2_2017q4/bin/../lib/gcc/arm-none-eabi/7.2.1/thumb/v7-m\libgcc.a(_dvmd_tls.o)
                              c:/siliconlabs/simplicitystudio/v4/developer/toolchains/gnu_arm/7.2_2017q4/bin/../lib/gcc/arm-none-eabi/7.2.1/thumb/v7-m\libgcc.a(_aeabi_ldivmod.o) (__aeabi_ldiv0)
c:/siliconlabs/simplicitystudio/v4/developer/toolchains/gnu_arm/7.2_2017q4/bin/../lib/gcc/arm-none-eabi/7.2.1/../../../../arm-none-eabi/lib/thumb/v7-m\libc_nano.a(lib_a-assert.o)
                              ./src/gpio.o (__assert_func)
c:/siliconlabs/simplicitystudio/v4/developer/toolchains/gnu_arm/7.2_2017q4/bin/../lib/gcc/arm-none-eabi/7.2.1/../../../../arm-none-eabi/lib/thumb/v7-m\libc_nano.a(lib_a-exit.o)
                              c:/siliconlabs/simplicitystudio/v4/developer/toolchains/gnu_arm/7.2_2017q4/bin/../lib/gcc/arm-none-eabi/7.2.1/../../../../arm-none-eabi/lib/thumb/v7-m/crt0.o (exit)
c:/siliconlabs/simplicitystudio/v4/developer/toolchains/gnu_arm/7.2_2017q4/bin/../lib/gcc/arm-none-eabi/7.2.1/../../../../arm-none-eabi/lib/thumb/v7-m\libc_nano.a(lib_a-fprintf.o)
                              c:/siliconlabs/simplicitystudio/v4/developer/toolchains/gnu_arm/7.2_2017q4/bin/../lib/gcc/arm-none-eabi/7.2.1/../../../../arm-none-eabi/lib/thumb/v7-m\libc_nano.a(lib_a-assert.o) (fiprintf)
c:/siliconlabs/simplicitystudio/v4/developer/toolchains/gnu_arm/7.2_2017q4/bin/../lib/gcc/arm-none-eabi/7.2.1/../../../../arm-none-eabi/lib/thumb/v7-m\libc_nano.a(lib_a-impure.o)
                              c:/siliconlabs/simplicitystudio/v4/developer/toolchains/gnu_arm/7.2_2017q4/bin/../lib/gcc/arm-none-eabi/7.2.1/../../../../arm-none-eabi/lib/thumb/v7-m\libc_nano.a(lib_a-exit.o) (_global_impure_ptr)
c:/siliconlabs/simplicitystudio/v4/developer/toolchains/gnu_arm/7.2_2017q4/bin/../lib/gcc/arm-none-eabi/7.2.1/../../../../arm-none-eabi/lib/thumb/v7-m\libc_nano.a(lib_a-init.o)
                              c:/siliconlabs/simplicitystudio/v4/developer/toolchains/gnu_arm/7.2_2017q4/bin/../lib/gcc/arm-none-eabi/7.2.1/../../../../arm-none-eabi/lib/thumb/v7-m/crt0.o (__libc_init_array)
c:/siliconlabs/simplicitystudio/v4/developer/toolchains/gnu_arm/7.2_2017q4/bin/../lib/gcc/arm-none-eabi/7.2.1/../../../../arm-none-eabi/lib/thumb/v7-m\libc_nano.a(lib_a-malloc.o)
                              ./src/fpga.o (malloc)
c:/siliconlabs/simplicitystudio/v4/developer/toolchains/gnu_arm/7.2_2017q4/bin/../lib/gcc/arm-none-eabi/7.2.1/../../../../arm-none-eabi/lib/thumb/v7-m\libc_nano.a(lib_a-memset.o)
                              c:/siliconlabs/simplicitystudio/v4/developer/toolchains/gnu_arm/7.2_2017q4/bin/../lib/gcc/arm-none-eabi/7.2.1/../../../../arm-none-eabi/lib/thumb/v7-m/crt0.o (memset)
c:/siliconlabs/simplicitystudio/v4/developer/toolchains/gnu_arm/7.2_2017q4/bin/../lib/gcc/arm-none-eabi/7.2.1/../../../../arm-none-eabi/lib/thumb/v7-m\libc_nano.a(lib_a-nano-freer.o)
                              c:/siliconlabs/simplicitystudio/v4/developer/toolchains/gnu_arm/7.2_2017q4/bin/../lib/gcc/arm-none-eabi/7.2.1/../../../../arm-none-eabi/lib/thumb/v7-m\libc_nano.a(lib_a-malloc.o) (_free_r)
c:/siliconlabs/simplicitystudio/v4/developer/toolchains/gnu_arm/7.2_2017q4/bin/../lib/gcc/arm-none-eabi/7.2.1/../../../../arm-none-eabi/lib/thumb/v7-m\libc_nano.a(lib_a-nano-mallocr.o)
                              c:/siliconlabs/simplicitystudio/v4/developer/toolchains/gnu_arm/7.2_2017q4/bin/../lib/gcc/arm-none-eabi/7.2.1/../../../../arm-none-eabi/lib/thumb/v7-m\libc_nano.a(lib_a-malloc.o) (_malloc_r)
c:/siliconlabs/simplicitystudio/v4/developer/toolchains/gnu_arm/7.2_2017q4/bin/../lib/gcc/arm-none-eabi/7.2.1/../../../../arm-none-eabi/lib/thumb/v7-m\libc_nano.a(lib_a-nano-vfprintf.o)
                              c:/siliconlabs/simplicitystudio/v4/developer/toolchains/gnu_arm/7.2_2017q4/bin/../lib/gcc/arm-none-eabi/7.2.1/../../../../arm-none-eabi/lib/thumb/v7-m\libc_nano.a(lib_a-fprintf.o) (_vfprintf_r)
c:/siliconlabs/simplicitystudio/v4/developer/toolchains/gnu_arm/7.2_2017q4/bin/../lib/gcc/arm-none-eabi/7.2.1/../../../../arm-none-eabi/lib/thumb/v7-m\libc_nano.a(lib_a-nano-vfprintf_i.o)
[...]
Memory Configuration

Name             Origin             Length             Attributes
FLASH            0x00000000         0x00100000         xr
RAM              0x20000000         0x00020000         xrw
*default*        0x00000000         0xffffffff

Linker script and memory map

LOAD c:/siliconlabs/simplicitystudio/v4/developer/toolchains/gnu_arm/7.2_2017q4/bin/../lib/gcc/arm-none-eabi/7.2.1/thumb/v7-m/crti.o
LOAD c:/siliconlabs/simplicitystudio/v4/developer/toolchains/gnu_arm/7.2_2017q4/bin/../lib/gcc/arm-none-eabi/7.2.1/thumb/v7-m/crtbegin.o
LOAD c:/siliconlabs/simplicitystudio/v4/developer/toolchains/gnu_arm/7.2_2017q4/bin/../lib/gcc/arm-none-eabi/7.2.1/../../../../arm-none-eabi/lib/thumb/v7-m/crt0.o
LOAD ./CMSIS/EFM32GG11B/startup_efm32gg11b.o
LOAD ./CMSIS/EFM32GG11B/system_efm32gg11b.o
LOAD ./Drivers/dmactrl.o
LOAD ./Drivers/dmadrv.o
LOAD ./Drivers/em_dma.o
LOAD ./Drivers/em_ldma.o
LOAD ./Drivers/gpiointerrupt.o
LOAD ./Drivers/spidrv.o
LOAD ./emlib/em_assert.o
LOAD ./emlib/em_cmu.o
LOAD ./emlib/em_core.o
LOAD ./emlib/em_ebi.o
LOAD ./emlib/em_emu.o
LOAD ./emlib/em_gpio.o
LOAD ./emlib/em_lcd.o
LOAD ./emlib/em_system.o
LOAD ./emlib/em_timer.o
LOAD ./emlib/em_usart.o
LOAD ./emusb/em_usbd.o
LOAD ./emusb/em_usbdch9.o
LOAD ./emusb/em_usbdep.o
LOAD ./emusb/em_usbdint.o
LOAD ./emusb/em_usbh.o
LOAD ./emusb/em_usbhal.o
LOAD ./emusb/em_usbhep.o
LOAD ./emusb/em_usbhint.o
LOAD ./emusb/em_usbtimer.o
LOAD ./src/fpga.o
LOAD ./src/gpio.o
LOAD ./src/input.o
LOAD ./src/main.o
LOAD ./src/midi.o
LOAD ./src/spi.o
LOAD ./src/timer.o
LOAD ./src/usbhost.o
START GROUP
LOAD c:/siliconlabs/simplicitystudio/v4/developer/toolchains/gnu_arm/7.2_2017q4/bin/../lib/gcc/arm-none-eabi/7.2.1/thumb/v7-m\libgcc.a
LOAD c:/siliconlabs/simplicitystudio/v4/developer/toolchains/gnu_arm/7.2_2017q4/bin/../lib/gcc/arm-none-eabi/7.2.1/../../../../arm-none-eabi/lib/thumb/v7-m\libc_nano.a
LOAD c:/siliconlabs/simplicitystudio/v4/developer/toolchains/gnu_arm/7.2_2017q4/bin/../lib/gcc/arm-none-eabi/7.2.1/../../../../arm-none-eabi/lib/thumb/v7-m\libnosys.a
END GROUP
START GROUP
LOAD c:/siliconlabs/simplicitystudio/v4/developer/toolchains/gnu_arm/7.2_2017q4/bin/../lib/gcc/arm-none-eabi/7.2.1/thumb/v7-m\libgcc.a
LOAD c:/siliconlabs/simplicitystudio/v4/developer/toolchains/gnu_arm/7.2_2017q4/bin/../lib/gcc/arm-none-eabi/7.2.1/../../../../arm-none-eabi/lib/thumb/v7-m\libg_nano.a
LOAD c:/siliconlabs/simplicitystudio/v4/developer/toolchains/gnu_arm/7.2_2017q4/bin/../lib/gcc/arm-none-eabi/7.2.1/../../../../arm-none-eabi/lib/thumb/v7-m\libc_nano.a
END GROUP
START GROUP
LOAD c:/siliconlabs/simplicitystudio/v4/developer/toolchains/gnu_arm/7.2_2017q4/bin/../lib/gcc/arm-none-eabi/7.2.1/thumb/v7-m\libgcc.a
LOAD c:/siliconlabs/simplicitystudio/v4/developer/toolchains/gnu_arm/7.2_2017q4/bin/../lib/gcc/arm-none-eabi/7.2.1/../../../../arm-none-eabi/lib/thumb/v7-m\libc_nano.a
END GROUP
LOAD c:/siliconlabs/simplicitystudio/v4/developer/toolchains/gnu_arm/7.2_2017q4/bin/../lib/gcc/arm-none-eabi/7.2.1/thumb/v7-m/crtend.o
LOAD c:/siliconlabs/simplicitystudio/v4/developer/toolchains/gnu_arm/7.2_2017q4/bin/../lib/gcc/arm-none-eabi/7.2.1/thumb/v7-m/crtn.o

.text           0x00000000     0x7170
 *(.vectors)
 .vectors       0x00000000      0x150 ./CMSIS/EFM32GG11B/startup_efm32gg11b.o
                0x00000000                __Vectors
                0x00000150                __Vectors_End = .
                0x00000150                __Vectors_Size = (__Vectors_End - __Vectors)
                0x00000150                __end__ = .
 *(.text*)
 .text          0x00000150       0x40 c:/siliconlabs/simplicitystudio/v4/developer/toolchains/gnu_arm/7.2_2017q4/bin/../lib/gcc/arm-none-eabi/7.2.1/thumb/v7-m/crtbegin.o
 .text          0x00000190       0x74 c:/siliconlabs/simplicitystudio/v4/developer/toolchains/gnu_arm/7.2_2017q4/bin/../lib/gcc/arm-none-eabi/7.2.1/../../../../arm-none-eabi/lib/thumb/v7-m/crt0.o
                0x00000190                _start
                0x00000190                _mainCRTStartup
 .text          0x00000204       0x30 ./CMSIS/EFM32GG11B/startup_efm32gg11b.o
                0x00000204                Reset_Handler
                0x00000230                TIMER5_IRQHandler
                0x00000230                DebugMon_Handler
                0x00000230                USART0_TX_IRQHandler
                0x00000230                USART5_RX_IRQHandler
                0x00000230                I2C0_IRQHandler
                0x00000230                HardFault_Handler
                0x00000230                LEUART1_IRQHandler
                0x00000230                SysTick_Handler
                0x00000230                SDIO_IRQHandler
                0x00000230                USART1_RX_IRQHandler
                0x00000230                PendSV_Handler
                0x00000230                NMI_Handler
                0x00000230                I2C1_IRQHandler
                0x00000230                CAN1_IRQHandler
                0x00000230                WTIMER0_IRQHandler
                0x00000230                WTIMER3_IRQHandler
                0x00000230                CRYPTO0_IRQHandler
                0x00000230                WDOG0_IRQHandler
                0x00000230                TIMER3_IRQHandler
                0x00000230                USART1_TX_IRQHandler
                0x00000230                USART4_RX_IRQHandler
                0x00000230                SMU_IRQHandler
                0x00000230                MSC_IRQHandler
                0x00000230                ADC0_IRQHandler
                0x00000230                UsageFault_Handler
                0x00000230                WDOG1_IRQHandler
                0x00000230                LEUART0_IRQHandler
                0x00000230                TIMER4_IRQHandler
                0x00000230                FPUEH_IRQHandler
                0x00000230                WTIMER1_IRQHandler
                0x00000230                UART0_TX_IRQHandler
                0x00000230                UART1_TX_IRQHandler
                0x00000230                VDAC0_IRQHandler
                0x00000230                QSPI0_IRQHandler
                0x00000230                TIMER6_IRQHandler
                0x00000230                CSEN_IRQHandler
                0x00000230                ADC1_IRQHandler
                0x00000230                I2C2_IRQHandler
                0x00000230                RTC_IRQHandler
                0x00000230                TIMER2_IRQHandler
                0x00000230                LCD_IRQHandler
                0x00000230                PCNT2_IRQHandler
                0x00000230                UART0_RX_IRQHandler
                0x00000230                WTIMER2_IRQHandler
                0x00000230                LETIMER0_IRQHandler
                0x00000230                TIMER1_IRQHandler
                0x00000230                TRNG0_IRQHandler
                0x00000230                USART2_RX_IRQHandler
                0x00000230                Default_Handler
                0x00000230                EMU_IRQHandler
                0x00000230                CRYOTIMER_IRQHandler
                0x00000230                PCNT0_IRQHandler
                0x00000230                sl_app_properties
                0x00000230                USART4_TX_IRQHandler
                0x00000230                PCNT1_IRQHandler
                0x00000230                ACMP0_IRQHandler
                0x00000230                USART0_RX_IRQHandler
                0x00000230                USART5_TX_IRQHandler
                0x00000230                MemManage_Handler
                0x00000230                SVC_Handler
                0x00000230                USART3_RX_IRQHandler
                0x00000230                RTCC_IRQHandler
                0x00000230                UART1_RX_IRQHandler
                0x00000230                ETH_IRQHandler
                0x00000230                CMU_IRQHandler
                0x00000230                EBI_IRQHandler
                0x00000230                CAN0_IRQHandler
                0x00000230                LESENSE_IRQHandler
                0x00000230                USART3_TX_IRQHandler
                0x00000230                LETIMER1_IRQHandler
                0x00000230                ACMP2_IRQHandler
                0x00000230                BusFault_Handler
                0x00000230                USART2_TX_IRQHandler
                0x00000230                IDAC0_IRQHandler
 .text.SystemMaxCoreClockGet
                0x00000234        0x8 ./CMSIS/EFM32GG11B/system_efm32gg11b.o
                0x00000234                SystemMaxCoreClockGet
 .text.SystemHFClockGet
                0x0000023c       0x50 ./CMSIS/EFM32GG11B/system_efm32gg11b.o
                0x0000023c                SystemHFClockGet
 .text.SystemCoreClockGet
                0x0000028c       0x24 ./CMSIS/EFM32GG11B/system_efm32gg11b.o
                0x0000028c                SystemCoreClockGet
 .text.SystemHFXOClockGet
                0x000002b0        0xc ./CMSIS/EFM32GG11B/system_efm32gg11b.o
                0x000002b0                SystemHFXOClockGet
 .text.SystemInit
                0x000002bc       0x10 ./CMSIS/EFM32GG11B/system_efm32gg11b.o
                0x000002bc                SystemInit
 .text.SystemLFRCOClockGet
                0x000002cc        0x8 ./CMSIS/EFM32GG11B/system_efm32gg11b.o
                0x000002cc                SystemLFRCOClockGet
 .text.SystemULFRCOClockGet
                0x000002d4        0x8 ./CMSIS/EFM32GG11B/system_efm32gg11b.o
                0x000002d4                SystemULFRCOClockGet
 .text.SystemLFXOClockGet
                0x000002dc        0xc ./CMSIS/EFM32GG11B/system_efm32gg11b.o
                0x000002dc                SystemLFXOClockGet
 .text.StartTransfer
                0x000002e8      0x184 ./Drivers/dmadrv.o
 .text.DMADRV_AllocateChannel
                0x0000046c       0x5c ./Drivers/dmadrv.o
                0x0000046c                DMADRV_AllocateChannel
 .text.DMADRV_Init
                0x000004c8       0x60 ./Drivers/dmadrv.o
                0x000004c8                DMADRV_Init
 .text.DMADRV_MemoryPeripheral
                0x00000528       0x34 ./Drivers/dmadrv.o
                0x00000528                DMADRV_MemoryPeripheral
 .text.DMADRV_PeripheralMemory
                0x0000055c       0x34 ./Drivers/dmadrv.o
                0x0000055c                DMADRV_PeripheralMemory
 .text.LDMA_IRQHandler
                0x00000590       0x74 ./Drivers/dmadrv.o
                0x00000590                LDMA_IRQHandler
 .text.LDMA_Init
                0x00000604       0x88 ./Drivers/em_ldma.o
                0x00000604                LDMA_Init
 .text.LDMA_StartTransfer
                0x0000068c      0x154 ./Drivers/em_ldma.o
                0x0000068c                LDMA_StartTransfer
 .text.GPIOINT_Init
                0x000007e0       0x1c ./Drivers/gpiointerrupt.o
                0x000007e0                GPIOINT_Init
 .text.GPIOINT_CallbackRegister
                0x000007fc       0x1c ./Drivers/gpiointerrupt.o
                0x000007fc                GPIOINT_CallbackRegister
 .text.GPIO_EVEN_IRQHandler
                0x00000818       0x44 ./Drivers/gpiointerrupt.o
                0x00000818                GPIO_EVEN_IRQHandler
 .text.GPIO_ODD_IRQHandler
                0x0000085c       0x44 ./Drivers/gpiointerrupt.o
                0x0000085c                GPIO_ODD_IRQHandler
 .text.BlockingComplete
                0x000008a0        0xc ./Drivers/spidrv.o
 .text.GetSpiPins
                0x000008ac      0x9ac ./Drivers/spidrv.o
 .text.RxDMAComplete
                0x00001258       0x28 ./Drivers/spidrv.o
 .text.StartTransmitDMA
                0x00001280       0x88 ./Drivers/spidrv.o
 .text.TransferApiPrologue.part.0
                0x00001308       0x2c ./Drivers/spidrv.o
 .text.WaitForTransferCompletion
                0x00001334       0x34 ./Drivers/spidrv.o
 .text.SPIDRV_Init
                0x00001368      0x308 ./Drivers/spidrv.o
                0x00001368                SPIDRV_Init
 .text.SPIDRV_MTransmitB
                0x00001670       0x4c ./Drivers/spidrv.o
                0x00001670                SPIDRV_MTransmitB
 .text.flashWaitStateControl
                0x000016bc       0x64 ./emlib/em_cmu.o
 .text.flashWaitStateMax
                0x00001720       0x20 ./emlib/em_cmu.o
 .text.CMU_UpdateWaitStates
                0x00001740       0x74 ./emlib/em_cmu.o
                0x00001740                CMU_UpdateWaitStates
 .text.CMU_ClockEnable
                0x000017b4       0xfc ./emlib/em_cmu.o
                0x000017b4                CMU_ClockEnable
 .text.CMU_ClockSelectGet
                0x000018b0      0x170 ./emlib/em_cmu.o
                0x000018b0                CMU_ClockSelectGet
 .text.lfClkGet
                0x00001a20       0xfc ./emlib/em_cmu.o
 .text.adcAsyncClkGet
                0x00001b1c       0x68 ./emlib/em_cmu.o
 .text.CMU_ClockFreqGet
                0x00001b84      0x3c8 ./emlib/em_cmu.o
                0x00001b84                CMU_ClockFreqGet
 .text.CMU_ClockPrescSet
                0x00001f4c      0x7b8 ./emlib/em_cmu.o
                0x00001f4c                CMU_ClockPrescSet
 .text.hfperClkSafePrescaler
                0x00002704       0x2c ./emlib/em_cmu.o
 .text.hfperClkOptimizedPrescaler
                0x00002730       0xb4 ./emlib/em_cmu.o
 .text.CMU_USHFRCOBandSet
                0x000027e4       0x98 ./emlib/em_cmu.o
                0x000027e4                CMU_USHFRCOBandSet
 .text.CMU_OscillatorTuningWait
                0x0000287c       0x50 ./emlib/em_cmu.o
                0x0000287c                CMU_OscillatorTuningWait
 .text.CMU_OscillatorEnable
                0x000028cc      0x180 ./emlib/em_cmu.o
                0x000028cc                CMU_OscillatorEnable
 .text.CMU_ClockSelectSet
                0x00002a4c      0x518 ./emlib/em_cmu.o
                0x00002a4c                CMU_ClockSelectSet
 .text.CORE_ExitCritical
                0x00002f64        0x8 ./emlib/em_core.o
                0x00002f64                CORE_ExitCritical
 .text.CORE_AtomicDisableIrq
                0x00002f6c        0x4 ./emlib/em_core.o
                0x00002f6c                CORE_AtomicDisableIrq
 .text.CORE_AtomicEnableIrq
                0x00002f70        0x4 ./emlib/em_core.o
                0x00002f70                CORE_AtomicEnableIrq
 .text.CORE_EnterAtomic
                0x00002f74        0x8 ./emlib/em_core.o
                0x00002f74                CORE_EnterAtomic
 .text.CORE_ExitAtomic
                0x00002f7c        0x4 ./emlib/em_core.o
                0x00002f7c                CORE_ExitAtomic
 .text.CORE_InIrqContext
                0x00002f80       0x14 ./emlib/em_core.o
                0x00002f80                CORE_InIrqContext
 .text.CORE_IrqIsDisabled
                0x00002f94        0xc ./emlib/em_core.o
                0x00002f94                CORE_IrqIsDisabled
 .text.CORE_NvicIRQDisabled
                0x00002fa0       0x34 ./emlib/em_core.o
                0x00002fa0                CORE_NvicIRQDisabled
 .text.CORE_IrqIsBlocked
                0x00002fd4       0xa8 ./emlib/em_core.o
                0x00002fd4                CORE_IrqIsBlocked
 .text.EMU_VScaleEM01
                0x0000307c       0x94 ./emlib/em_emu.o
                0x0000307c                EMU_VScaleEM01
 .text.EMU_VScaleEM01ByClock
                0x00003110       0x50 ./emlib/em_emu.o
                0x00003110                EMU_VScaleEM01ByClock
 .text.GPIO_ExtIntConfig
                0x00003160       0xf8 ./emlib/em_gpio.o
                0x00003160                GPIO_ExtIntConfig
 .text.GPIO_PinModeSet
                0x00003258      0x150 ./emlib/em_gpio.o
                0x00003258                GPIO_PinModeSet
 .text.TIMER_Init
                0x000033a8      0x118 ./emlib/em_timer.o
                0x000033a8                TIMER_Init
 .text.TIMER_InitCC
                0x000034c0       0xf0 ./emlib/em_timer.o
                0x000034c0                TIMER_InitCC
 .text.USART_BaudrateSyncSet
                0x000035b0       0x58 ./emlib/em_usart.o
                0x000035b0                USART_BaudrateSyncSet
 .text.USART_Reset
                0x00003608       0xc8 ./emlib/em_usart.o
                0x00003608                USART_Reset
 .text.USART_InitSync
                0x000036d0       0xc0 ./emlib/em_usart.o
                0x000036d0                USART_InitSync
 .text.Timeout  0x00003790       0xb0 ./emusb/em_usbh.o
 .text.Timeout13
                0x00003840        0x8 ./emusb/em_usbh.o
 .text.Timeout12
                0x00003848        0x8 ./emusb/em_usbh.o
 .text.Timeout11
                0x00003850        0x8 ./emusb/em_usbh.o
 .text.Timeout10
                0x00003858        0x8 ./emusb/em_usbh.o
 .text.Timeout9
                0x00003860        0x8 ./emusb/em_usbh.o
 .text.Timeout8
                0x00003868        0x8 ./emusb/em_usbh.o
 .text.Timeout7
                0x00003870        0x8 ./emusb/em_usbh.o
 .text.Timeout6
                0x00003878        0x8 ./emusb/em_usbh.o
 .text.Timeout5
                0x00003880        0x8 ./emusb/em_usbh.o
 .text.Timeout4
                0x00003888        0x8 ./emusb/em_usbh.o
 .text.Timeout3
                0x00003890        0x8 ./emusb/em_usbh.o
 .text.Timeout2
                0x00003898        0x8 ./emusb/em_usbh.o
 .text.Timeout1
                0x000038a0        0x8 ./emusb/em_usbh.o
 .text.Timeout0
                0x000038a8        0x8 ./emusb/em_usbh.o
 .text.USBH_AssignHostChannel
                0x000038b0       0x44 ./emusb/em_usbh.o
                0x000038b0                USBH_AssignHostChannel
 .text.USBH_CtlReceiveData
                0x000038f4       0x34 ./emusb/em_usbh.o
                0x000038f4                USBH_CtlReceiveData
 .text.USBH_CtlSendData
                0x00003928       0x30 ./emusb/em_usbh.o
                0x00003928                USBH_CtlSendData
 .text.USBH_CtlSendSetup
                0x00003958       0x50 ./emusb/em_usbh.o
                0x00003958                USBH_CtlSendSetup
 .text.USBH_ControlMsg
                0x000039a8       0xe8 ./emusb/em_usbh.o
                0x000039a8                USBH_ControlMsg
 .text.USBH_ControlMsgB
                0x00003a90       0x6c ./emusb/em_usbh.o
                0x00003a90                USBH_ControlMsgB
 .text.USBH_DeviceConnected
                0x00003afc       0x14 ./emusb/em_usbh.o
                0x00003afc                USBH_DeviceConnected
 .text.USBH_GetConfigurationDescriptorB
                0x00003b10       0x50 ./emusb/em_usbh.o
                0x00003b10                USBH_GetConfigurationDescriptorB
 .text.USBH_GetDeviceDescriptorB
                0x00003b60       0x50 ./emusb/em_usbh.o
                0x00003b60                USBH_GetDeviceDescriptorB
 .text.USBH_GetPortSpeed
                0x00003bb0       0x10 ./emusb/em_usbh.o
                0x00003bb0                USBH_GetPortSpeed
 .text.USBH_Init
                0x00003bc0       0xb0 ./emusb/em_usbh.o
                0x00003bc0                USBH_Init
 .text.USBH_PortVbusOn
                0x00003c70       0x6c ./emusb/em_usbh.o
                0x00003c70                USBH_PortVbusOn
 .text.USBH_QGetConfigurationDescriptor
                0x00003cdc       0x74 ./emusb/em_usbh.o
                0x00003cdc                USBH_QGetConfigurationDescriptor
 .text.USBH_QGetInterfaceDescriptor
                0x00003d50       0x64 ./emusb/em_usbh.o
                0x00003d50                USBH_QGetInterfaceDescriptor
 .text.USBH_QGetEndpointDescriptor
                0x00003db4       0x68 ./emusb/em_usbh.o
                0x00003db4                USBH_QGetEndpointDescriptor
 .text.USBH_InitDeviceData
                0x00003e1c      0x1dc ./emusb/em_usbh.o
                0x00003e1c                USBH_InitDeviceData
 .text.USBH_QueryDeviceB
                0x00003ff8       0xbc ./emusb/em_usbh.o
                0x00003ff8                USBH_QueryDeviceB
 .text.USBH_Read
                0x000040b4      0x120 ./emusb/em_usbh.o
                0x000040b4                USBH_Read
 .text.USBH_ReadB
                0x000041d4       0x50 ./emusb/em_usbh.o
                0x000041d4                USBH_ReadB
 .text.USBH_Stop
                0x00004224       0x60 ./emusb/em_usbh.o
                0x00004224                USBH_Stop
 .text.USBH_WaitForDeviceConnectionB
                0x00004284      0x2ac ./emusb/em_usbh.o
                0x00004284                USBH_WaitForDeviceConnectionB
 .text.assertEFM
                0x00004530        0x4 ./emusb/em_usbhal.o
                0x00004530                assertEFM
 .text.USBHAL_CoreReset
                0x00004534       0x5c ./emusb/em_usbhal.o
                0x00004534                USBHAL_CoreReset
 .text.USBHHAL_CoreInit
                0x00004590      0x138 ./emusb/em_usbhal.o
                0x00004590                USBHHAL_CoreInit
 .text.USBHHAL_HCHalt
                0x000046c8       0x18 ./emusb/em_usbhal.o
                0x000046c8                USBHHAL_HCHalt
 .text.USBHHAL_HCInit
                0x000046e0       0x9c ./emusb/em_usbhal.o
                0x000046e0                USBHHAL_HCInit
 .text.USBHHAL_HCStart
                0x0000477c       0xc4 ./emusb/em_usbhal.o
                0x0000477c                USBHHAL_HCStart
 .text.USBHEP_TransferDone
                0x00004840       0xbc ./emusb/em_usbhep.o
                0x00004840                USBHEP_TransferDone
 .text.USBHEP_CtrlEpHandler
                0x000048fc       0x7c ./emusb/em_usbhep.o
                0x000048fc                USBHEP_CtrlEpHandler
 .text.USBHEP_EpHandler
                0x00004978       0x10 ./emusb/em_usbhep.o
                0x00004978                USBHEP_EpHandler
 .text.PortResetComplete
                0x00004988       0x28 ./emusb/em_usbhint.o
 .text.PortDebounceComplete
                0x000049b0       0x98 ./emusb/em_usbhint.o
 .text.USB_IRQHandler
                0x00004a48      0x2f4 ./emusb/em_usbhint.o
                0x00004a48                USB_IRQHandler
 .text.DelayTicks.part.1
                0x00004d3c       0x28 ./emusb/em_usbtimer.o
 .text.TIMER0_IRQHandler
                0x00004d64       0x6c ./emusb/em_usbtimer.o
                0x00004d64                TIMER0_IRQHandler
 .text.USBTIMER_DelayMs
                0x00004dd0       0x54 ./emusb/em_usbtimer.o
                0x00004dd0                USBTIMER_DelayMs
 .text.USBTIMER_DelayUs
                0x00004e24       0x90 ./emusb/em_usbtimer.o
                0x00004e24                USBTIMER_DelayUs
 .text.USBTIMER_Init
                0x00004eb4      0x108 ./emusb/em_usbtimer.o
                0x00004eb4                USBTIMER_Init
 .text.USBTIMER_Stop
                0x00004fbc       0x4c ./emusb/em_usbtimer.o
                0x00004fbc                USBTIMER_Stop
 .text.USBTIMER_Start
                0x00005008       0xcc ./emusb/em_usbtimer.o
                0x00005008                USBTIMER_Start
 .text.microcontroller_send_generator_update
                0x000050d4       0x48 ./src/fpga.o
                0x000050d4                microcontroller_send_generator_update
 .text.handleMIDIEvent
                0x0000511c      0x13c ./src/fpga.o
                0x0000511c                handleMIDIEvent
 .text.generator_state_new
                0x00005258       0x18 ./src/fpga.o
                0x00005258                generator_state_new
 .text.global_state_new
                0x00005270       0x28 ./src/fpga.o
                0x00005270                global_state_new
 .text.pulse_reset
                0x00005298       0x28 ./src/gpio.o
                0x00005298                pulse_reset
 .text.handleButtons
                0x000052c0       0xa8 ./src/gpio.o
                0x000052c0                handleButtons
 .text.setupGPIO
                0x00005368      0x11c ./src/gpio.o
                0x00005368                setupGPIO
 .text.isButtonDown
                0x00005484       0x28 ./src/gpio.o
                0x00005484                isButtonDown
 .text.setExtLed
                0x000054ac       0x1c ./src/gpio.o
                0x000054ac                setExtLed
 .text.getInstrumentValue
                0x000054c8        0xc ./src/input.o
                0x000054c8                getInstrumentValue
 .text.waitForInput
                0x000054d4       0x28 ./src/input.o
                0x000054d4                waitForInput
 .text.handleMultipleButtonPresses
                0x000054fc       0xb0 ./src/input.o
                0x000054fc                handleMultipleButtonPresses
 .text.setupCMU
                0x000055ac       0x40 ./src/main.o
                0x000055ac                setupCMU
 .text.startup.main
                0x000055ec       0xd4 ./src/main.o
                0x000055ec                main
 .text.get_MIDI_packet_info
                0x000056c0       0x1c ./src/midi.o
                0x000056c0                get_MIDI_packet_info
 .text.spi_init
                0x000056dc       0x2c ./src/spi.o
                0x000056dc                spi_init
 .text.spi_transmit
                0x00005708       0x10 ./src/spi.o
                0x00005708                spi_transmit
 .text.setupTimer
                0x00005718       0x34 ./src/timer.o
                0x00005718                setupTimer
 .text.pulse    0x0000574c       0x38 ./src/timer.o
                0x0000574c                pulse
 .text.setDone  0x00005784       0x14 ./src/timer.o
                0x00005784                setDone
 .text.USBConnect
                0x00005798       0x74 ./src/usbhost.o
                0x00005798                USBConnect
 .text.USBIsConnected
                0x0000580c        0x4 ./src/usbhost.o
                0x0000580c                USBIsConnected
 .text.USBWaitForData
                0x00005810       0x44 ./src/usbhost.o
                0x00005810                USBWaitForData
 .text.__assert_func
                0x00005854       0x3c c:/siliconlabs/simplicitystudio/v4/developer/toolchains/gnu_arm/7.2_2017q4/bin/../lib/gcc/arm-none-eabi/7.2.1/../../../../arm-none-eabi/lib/thumb/v7-m\libc_nano.a(lib_a-assert.o)
                0x00005854                __assert_func
 .text.exit     0x00005890       0x28 c:/siliconlabs/simplicitystudio/v4/developer/toolchains/gnu_arm/7.2_2017q4/bin/../lib/gcc/arm-none-eabi/7.2.1/../../../../arm-none-eabi/lib/thumb/v7-m\libc_nano.a(lib_a-exit.o)
                0x00005890                exit
 .text.fprintf  0x000058b8       0x24 c:/siliconlabs/simplicitystudio/v4/developer/toolchains/gnu_arm/7.2_2017q4/bin/../lib/gcc/arm-none-eabi/7.2.1/../../../../arm-none-eabi/lib/thumb/v7-m\libc_nano.a(lib_a-fprintf.o)
                0x000058b8                fiprintf
                0x000058b8                fprintf
 .text.__libc_init_array
                0x000058dc       0x48 c:/siliconlabs/simplicitystudio/v4/developer/toolchains/gnu_arm/7.2_2017q4/bin/../lib/gcc/arm-none-eabi/7.2.1/../../../../arm-none-eabi/lib/thumb/v7-m\libc_nano.a(lib_a-init.o)
                0x000058dc                __libc_init_array
 .text.malloc   0x00005924       0x10 c:/siliconlabs/simplicitystudio/v4/developer/toolchains/gnu_arm/7.2_2017q4/bin/../lib/gcc/arm-none-eabi/7.2.1/../../../../arm-none-eabi/lib/thumb/v7-m\libc_nano.a(lib_a-malloc.o)
                0x00005924                malloc
 .text.memset   0x00005934       0x10 c:/siliconlabs/simplicitystudio/v4/developer/toolchains/gnu_arm/7.2_2017q4/bin/../lib/gcc/arm-none-eabi/7.2.1/../../../../arm-none-eabi/lib/thumb/v7-m\libc_nano.a(lib_a-memset.o)
                0x00005934                memset
 .text._free_r  0x00005944       0x98 c:/siliconlabs/simplicitystudio/v4/developer/toolchains/gnu_arm/7.2_2017q4/bin/../lib/gcc/arm-none-eabi/7.2.1/../../../../arm-none-eabi/lib/thumb/v7-m\libc_nano.a(lib_a-nano-freer.o)
                0x00005944                _free_r
 .text._malloc_r
                0x000059dc       0xb4 c:/siliconlabs/simplicitystudio/v4/developer/toolchains/gnu_arm/7.2_2017q4/bin/../lib/gcc/arm-none-eabi/7.2.1/../../../../arm-none-eabi/lib/thumb/v7-m\libc_nano.a(lib_a-nano-mallocr.o)
                0x000059dc                _malloc_r
 .text.__sfputc_r
                0x00005a90       0x2a c:/siliconlabs/simplicitystudio/v4/developer/toolchains/gnu_arm/7.2_2017q4/bin/../lib/gcc/arm-none-eabi/7.2.1/../../../../arm-none-eabi/lib/thumb/v7-m\libc_nano.a(lib_a-nano-vfprintf.o)
 .text.__sfputs_r
                0x00005aba       0x24 c:/siliconlabs/simplicitystudio/v4/developer/toolchains/gnu_arm/7.2_2017q4/bin/../lib/gcc/arm-none-eabi/7.2.1/../../../../arm-none-eabi/lib/thumb/v7-m\libc_nano.a(lib_a-nano-vfprintf.o)
                0x00005aba                __sfputs_r
 *fill*         0x00005ade        0x2 
 .text._vfprintf_r
                0x00005ae0      0x228 c:/siliconlabs/simplicitystudio/v4/developer/toolchains/gnu_arm/7.2_2017q4/bin/../lib/gcc/arm-none-eabi/7.2.1/../../../../arm-none-eabi/lib/thumb/v7-m\libc_nano.a(lib_a-nano-vfprintf.o)
                0x00005ae0                _vfprintf_r
                0x00005ae0                _vfiprintf_r
 .text._printf_common
                0x00005d08       0xec c:/siliconlabs/simplicitystudio/v4/developer/toolchains/gnu_arm/7.2_2017q4/bin/../lib/gcc/arm-none-eabi/7.2.1/../../../../arm-none-eabi/lib/thumb/v7-m\libc_nano.a(lib_a-nano-vfprintf_i.o)
                0x00005d08                _printf_common
 .text._printf_i
                0x00005df4      0x224 c:/siliconlabs/simplicitystudio/v4/developer/toolchains/gnu_arm/7.2_2017q4/bin/../lib/gcc/arm-none-eabi/7.2.1/../../../../arm-none-eabi/lib/thumb/v7-m\libc_nano.a(lib_a-nano-vfprintf_i.o)
                0x00005df4                _printf_i
 .text._sbrk_r  0x00006018       0x20 c:/siliconlabs/simplicitystudio/v4/developer/toolchains/gnu_arm/7.2_2017q4/bin/../lib/gcc/arm-none-eabi/7.2.1/../../../../arm-none-eabi/lib/thumb/v7-m\libc_nano.a(lib_a-sbrkr.o)
                0x00006018                _sbrk_r
 .text.snprintf
                0x00006038       0x68 c:/siliconlabs/simplicitystudio/v4/developer/toolchains/gnu_arm/7.2_2017q4/bin/../lib/gcc/arm-none-eabi/7.2.1/../../../../arm-none-eabi/lib/thumb/v7-m\libc_nano.a(lib_a-snprintf.o)
                0x00006038                sniprintf
                0x00006038                snprintf
 .text.sprintf  0x000060a0       0x40 c:/siliconlabs/simplicitystudio/v4/developer/toolchains/gnu_arm/7.2_2017q4/bin/../lib/gcc/arm-none-eabi/7.2.1/../../../../arm-none-eabi/lib/thumb/v7-m\libc_nano.a(lib_a-sprintf.o)
                0x000060a0                siprintf
                0x000060a0                sprintf
 .text.__swbuf_r
                0x000060e0       0xa4 c:/siliconlabs/simplicitystudio/v4/developer/toolchains/gnu_arm/7.2_2017q4/bin/../lib/gcc/arm-none-eabi/7.2.1/../../../../arm-none-eabi/lib/thumb/v7-m\libc_nano.a(lib_a-wbuf.o)
                0x000060e0                __swbuf_r
 .text.__swsetup_r
                0x00006184       0xdc c:/siliconlabs/simplicitystudio/v4/developer/toolchains/gnu_arm/7.2_2017q4/bin/../lib/gcc/arm-none-eabi/7.2.1/../../../../arm-none-eabi/lib/thumb/v7-m\libc_nano.a(lib_a-wsetup.o)
                0x00006184                __swsetup_r
 .text.abort    0x00006260        0xe c:/siliconlabs/simplicitystudio/v4/developer/toolchains/gnu_arm/7.2_2017q4/bin/../lib/gcc/arm-none-eabi/7.2.1/../../../../arm-none-eabi/lib/thumb/v7-m\libc_nano.a(lib_a-abort.o)
                0x00006260                abort
 *fill*         0x0000626e        0x2 
 .text.__sflush_r
                0x00006270      0x10c c:/siliconlabs/simplicitystudio/v4/developer/toolchains/gnu_arm/7.2_2017q4/bin/../lib/gcc/arm-none-eabi/7.2.1/../../../../arm-none-eabi/lib/thumb/v7-m\libc_nano.a(lib_a-fflush.o)
                0x00006270                __sflush_r
 .text._fflush_r
                0x0000637c       0x54 c:/siliconlabs/simplicitystudio/v4/developer/toolchains/gnu_arm/7.2_2017q4/bin/../lib/gcc/arm-none-eabi/7.2.1/../../../../arm-none-eabi/lib/thumb/v7-m\libc_nano.a(lib_a-fflush.o)
                0x0000637c                _fflush_r
 .text.std      0x000063d0       0x48 c:/siliconlabs/simplicitystudio/v4/developer/toolchains/gnu_arm/7.2_2017q4/bin/../lib/gcc/arm-none-eabi/7.2.1/../../../../arm-none-eabi/lib/thumb/v7-m\libc_nano.a(lib_a-findfp.o)
 .text._cleanup_r
                0x00006418        0xc c:/siliconlabs/simplicitystudio/v4/developer/toolchains/gnu_arm/7.2_2017q4/bin/../lib/gcc/arm-none-eabi/7.2.1/../../../../arm-none-eabi/lib/thumb/v7-m\libc_nano.a(lib_a-findfp.o)
                0x00006418                _cleanup_r
 .text.__sfmoreglue
                0x00006424       0x2c c:/siliconlabs/simplicitystudio/v4/developer/toolchains/gnu_arm/7.2_2017q4/bin/../lib/gcc/arm-none-eabi/7.2.1/../../../../arm-none-eabi/lib/thumb/v7-m\libc_nano.a(lib_a-findfp.o)
                0x00006424                __sfmoreglue
 .text.__sinit  0x00006450       0x60 c:/siliconlabs/simplicitystudio/v4/developer/toolchains/gnu_arm/7.2_2017q4/bin/../lib/gcc/arm-none-eabi/7.2.1/../../../../arm-none-eabi/lib/thumb/v7-m\libc_nano.a(lib_a-findfp.o)
                0x00006450                __sinit
 .text.__sfp    0x000064b0       0x78 c:/siliconlabs/simplicitystudio/v4/developer/toolchains/gnu_arm/7.2_2017q4/bin/../lib/gcc/arm-none-eabi/7.2.1/../../../../arm-none-eabi/lib/thumb/v7-m\libc_nano.a(lib_a-findfp.o)
                0x000064b0                __sfp
 .text._fwalk_reent
                0x00006528       0x3c c:/siliconlabs/simplicitystudio/v4/developer/toolchains/gnu_arm/7.2_2017q4/bin/../lib/gcc/arm-none-eabi/7.2.1/../../../../arm-none-eabi/lib/thumb/v7-m\libc_nano.a(lib_a-fwalk.o)
                0x00006528                _fwalk_reent
 .text.__swhatbuf_r
                0x00006564       0x48 c:/siliconlabs/simplicitystudio/v4/developer/toolchains/gnu_arm/7.2_2017q4/bin/../lib/gcc/arm-none-eabi/7.2.1/../../../../arm-none-eabi/lib/thumb/v7-m\libc_nano.a(lib_a-makebuf.o)
                0x00006564                __swhatbuf_r
 .text.__smakebuf_r
                0x000065ac       0x80 c:/siliconlabs/simplicitystudio/v4/developer/toolchains/gnu_arm/7.2_2017q4/bin/../lib/gcc/arm-none-eabi/7.2.1/../../../../arm-none-eabi/lib/thumb/v7-m\libc_nano.a(lib_a-makebuf.o)
                0x000065ac                __smakebuf_r
 .text.memchr   0x0000662c       0x1c c:/siliconlabs/simplicitystudio/v4/developer/toolchains/gnu_arm/7.2_2017q4/bin/../lib/gcc/arm-none-eabi/7.2.1/../../../../arm-none-eabi/lib/thumb/v7-m\libc_nano.a(lib_a-memchr-stub.o)
                0x0000662c                memchr
 .text.memcpy   0x00006648       0x16 c:/siliconlabs/simplicitystudio/v4/developer/toolchains/gnu_arm/7.2_2017q4/bin/../lib/gcc/arm-none-eabi/7.2.1/../../../../arm-none-eabi/lib/thumb/v7-m\libc_nano.a(lib_a-memcpy-stub.o)
                0x00006648                memcpy
 .text.memmove  0x0000665e       0x32 c:/siliconlabs/simplicitystudio/v4/developer/toolchains/gnu_arm/7.2_2017q4/bin/../lib/gcc/arm-none-eabi/7.2.1/../../../../arm-none-eabi/lib/thumb/v7-m\libc_nano.a(lib_a-memmove.o)
                0x0000665e                memmove
 .text.__malloc_lock
                0x00006690        0x2 c:/siliconlabs/simplicitystudio/v4/developer/toolchains/gnu_arm/7.2_2017q4/bin/../lib/gcc/arm-none-eabi/7.2.1/../../../../arm-none-eabi/lib/thumb/v7-m\libc_nano.a(lib_a-mlock.o)
                0x00006690                __malloc_lock
 .text.__malloc_unlock
                0x00006692        0x2 c:/siliconlabs/simplicitystudio/v4/developer/toolchains/gnu_arm/7.2_2017q4/bin/../lib/gcc/arm-none-eabi/7.2.1/../../../../arm-none-eabi/lib/thumb/v7-m\libc_nano.a(lib_a-mlock.o)
                0x00006692                __malloc_unlock
 .text._realloc_r
                0x00006694       0x4c c:/siliconlabs/simplicitystudio/v4/developer/toolchains/gnu_arm/7.2_2017q4/bin/../lib/gcc/arm-none-eabi/7.2.1/../../../../arm-none-eabi/lib/thumb/v7-m\libc_nano.a(lib_a-nano-reallocr.o)
                0x00006694                _realloc_r
 .text.__ssputs_r
                0x000066e0       0xb4 c:/siliconlabs/simplicitystudio/v4/developer/toolchains/gnu_arm/7.2_2017q4/bin/../lib/gcc/arm-none-eabi/7.2.1/../../../../arm-none-eabi/lib/thumb/v7-m\libc_nano.a(lib_a-nano-svfprintf.o)
                0x000066e0                __ssputs_r
 .text._svfprintf_r
                0x00006794      0x1ec c:/siliconlabs/simplicitystudio/v4/developer/toolchains/gnu_arm/7.2_2017q4/bin/../lib/gcc/arm-none-eabi/7.2.1/../../../../arm-none-eabi/lib/thumb/v7-m\libc_nano.a(lib_a-nano-svfprintf.o)
                0x00006794                _svfiprintf_r
                0x00006794                _svfprintf_r
 .text._raise_r
                0x00006980       0x50 c:/siliconlabs/simplicitystudio/v4/developer/toolchains/gnu_arm/7.2_2017q4/bin/../lib/gcc/arm-none-eabi/7.2.1/../../../../arm-none-eabi/lib/thumb/v7-m\libc_nano.a(lib_a-signal.o)
                0x00006980                _raise_r
 .text.raise    0x000069d0       0x10 c:/siliconlabs/simplicitystudio/v4/developer/toolchains/gnu_arm/7.2_2017q4/bin/../lib/gcc/arm-none-eabi/7.2.1/../../../../arm-none-eabi/lib/thumb/v7-m\libc_nano.a(lib_a-signal.o)
                0x000069d0                raise
 .text._kill_r  0x000069e0       0x24 c:/siliconlabs/simplicitystudio/v4/developer/toolchains/gnu_arm/7.2_2017q4/bin/../lib/gcc/arm-none-eabi/7.2.1/../../../../arm-none-eabi/lib/thumb/v7-m\libc_nano.a(lib_a-signalr.o)
                0x000069e0                _kill_r
 .text._getpid_r
                0x00006a04        0x4 c:/siliconlabs/simplicitystudio/v4/developer/toolchains/gnu_arm/7.2_2017q4/bin/../lib/gcc/arm-none-eabi/7.2.1/../../../../arm-none-eabi/lib/thumb/v7-m\libc_nano.a(lib_a-signalr.o)
                0x00006a04                _getpid_r
 .text.__sread  0x00006a08       0x22 c:/siliconlabs/simplicitystudio/v4/developer/toolchains/gnu_arm/7.2_2017q4/bin/../lib/gcc/arm-none-eabi/7.2.1/../../../../arm-none-eabi/lib/thumb/v7-m\libc_nano.a(lib_a-stdio.o)
                0x00006a08                __sread
 .text.__swrite
                0x00006a2a       0x38 c:/siliconlabs/simplicitystudio/v4/developer/toolchains/gnu_arm/7.2_2017q4/bin/../lib/gcc/arm-none-eabi/7.2.1/../../../../arm-none-eabi/lib/thumb/v7-m\libc_nano.a(lib_a-stdio.o)
                0x00006a2a                __swrite
 .text.__sseek  0x00006a62       0x24 c:/siliconlabs/simplicitystudio/v4/developer/toolchains/gnu_arm/7.2_2017q4/bin/../lib/gcc/arm-none-eabi/7.2.1/../../../../arm-none-eabi/lib/thumb/v7-m\libc_nano.a(lib_a-stdio.o)
                0x00006a62                __sseek
 .text.__sclose
                0x00006a86        0x8 c:/siliconlabs/simplicitystudio/v4/developer/toolchains/gnu_arm/7.2_2017q4/bin/../lib/gcc/arm-none-eabi/7.2.1/../../../../arm-none-eabi/lib/thumb/v7-m\libc_nano.a(lib_a-stdio.o)
                0x00006a86                __sclose
 *fill*         0x00006a8e        0x2 
 .text._write_r
                0x00006a90       0x24 c:/siliconlabs/simplicitystudio/v4/developer/toolchains/gnu_arm/7.2_2017q4/bin/../lib/gcc/arm-none-eabi/7.2.1/../../../../arm-none-eabi/lib/thumb/v7-m\libc_nano.a(lib_a-writer.o)
                0x00006a90                _write_r
 .text._close_r
                0x00006ab4       0x20 c:/siliconlabs/simplicitystudio/v4/developer/toolchains/gnu_arm/7.2_2017q4/bin/../lib/gcc/arm-none-eabi/7.2.1/../../../../arm-none-eabi/lib/thumb/v7-m\libc_nano.a(lib_a-closer.o)
                0x00006ab4                _close_r
 .text._fstat_r
                0x00006ad4       0x24 c:/siliconlabs/simplicitystudio/v4/developer/toolchains/gnu_arm/7.2_2017q4/bin/../lib/gcc/arm-none-eabi/7.2.1/../../../../arm-none-eabi/lib/thumb/v7-m\libc_nano.a(lib_a-fstatr.o)
                0x00006ad4                _fstat_r
 .text._isatty_r
                0x00006af8       0x20 c:/siliconlabs/simplicitystudio/v4/developer/toolchains/gnu_arm/7.2_2017q4/bin/../lib/gcc/arm-none-eabi/7.2.1/../../../../arm-none-eabi/lib/thumb/v7-m\libc_nano.a(lib_a-isattyr.o)
                0x00006af8                _isatty_r
 .text._lseek_r
                0x00006b18       0x24 c:/siliconlabs/simplicitystudio/v4/developer/toolchains/gnu_arm/7.2_2017q4/bin/../lib/gcc/arm-none-eabi/7.2.1/../../../../arm-none-eabi/lib/thumb/v7-m\libc_nano.a(lib_a-lseekr.o)
                0x00006b18                _lseek_r
 .text._malloc_usable_size_r
                0x00006b3c       0x10 c:/siliconlabs/simplicitystudio/v4/developer/toolchains/gnu_arm/7.2_2017q4/bin/../lib/gcc/arm-none-eabi/7.2.1/../../../../arm-none-eabi/lib/thumb/v7-m\libc_nano.a(lib_a-nano-msizer.o)
                0x00006b3c                _malloc_usable_size_r
 .text._read_r  0x00006b4c       0x24 c:/siliconlabs/simplicitystudio/v4/developer/toolchains/gnu_arm/7.2_2017q4/bin/../lib/gcc/arm-none-eabi/7.2.1/../../../../arm-none-eabi/lib/thumb/v7-m\libc_nano.a(lib_a-readr.o)
                0x00006b4c                _read_r
 .text._close   0x00006b70       0x10 c:/siliconlabs/simplicitystudio/v4/developer/toolchains/gnu_arm/7.2_2017q4/bin/../lib/gcc/arm-none-eabi/7.2.1/../../../../arm-none-eabi/lib/thumb/v7-m\libnosys.a(close.o)
                0x00006b70                _close
 .text._fstat   0x00006b80       0x10 c:/siliconlabs/simplicitystudio/v4/developer/toolchains/gnu_arm/7.2_2017q4/bin/../lib/gcc/arm-none-eabi/7.2.1/../../../../arm-none-eabi/lib/thumb/v7-m\libnosys.a(fstat.o)
                0x00006b80                _fstat
 .text._getpid  0x00006b90       0x10 c:/siliconlabs/simplicitystudio/v4/developer/toolchains/gnu_arm/7.2_2017q4/bin/../lib/gcc/arm-none-eabi/7.2.1/../../../../arm-none-eabi/lib/thumb/v7-m\libnosys.a(getpid.o)
                0x00006b90                _getpid
 .text._isatty  0x00006ba0       0x10 c:/siliconlabs/simplicitystudio/v4/developer/toolchains/gnu_arm/7.2_2017q4/bin/../lib/gcc/arm-none-eabi/7.2.1/../../../../arm-none-eabi/lib/thumb/v7-m\libnosys.a(isatty.o)
                0x00006ba0                _isatty
 .text._kill    0x00006bb0       0x10 c:/siliconlabs/simplicitystudio/v4/developer/toolchains/gnu_arm/7.2_2017q4/bin/../lib/gcc/arm-none-eabi/7.2.1/../../../../arm-none-eabi/lib/thumb/v7-m\libnosys.a(kill.o)
                0x00006bb0                _kill
 .text._lseek   0x00006bc0       0x10 c:/siliconlabs/simplicitystudio/v4/developer/toolchains/gnu_arm/7.2_2017q4/bin/../lib/gcc/arm-none-eabi/7.2.1/../../../../arm-none-eabi/lib/thumb/v7-m\libnosys.a(lseek.o)
                0x00006bc0                _lseek
 .text._read    0x00006bd0       0x10 c:/siliconlabs/simplicitystudio/v4/developer/toolchains/gnu_arm/7.2_2017q4/bin/../lib/gcc/arm-none-eabi/7.2.1/../../../../arm-none-eabi/lib/thumb/v7-m\libnosys.a(read.o)
                0x00006bd0                _read
 .text._sbrk    0x00006be0       0x1c c:/siliconlabs/simplicitystudio/v4/developer/toolchains/gnu_arm/7.2_2017q4/bin/../lib/gcc/arm-none-eabi/7.2.1/../../../../arm-none-eabi/lib/thumb/v7-m\libnosys.a(sbrk.o)
                0x00006be0                _sbrk
 .text._write   0x00006bfc       0x10 c:/siliconlabs/simplicitystudio/v4/developer/toolchains/gnu_arm/7.2_2017q4/bin/../lib/gcc/arm-none-eabi/7.2.1/../../../../arm-none-eabi/lib/thumb/v7-m\libnosys.a(write.o)
                0x00006bfc                _write
 .text._exit    0x00006c0c        0x4 c:/siliconlabs/simplicitystudio/v4/developer/toolchains/gnu_arm/7.2_2017q4/bin/../lib/gcc/arm-none-eabi/7.2.1/../../../../arm-none-eabi/lib/thumb/v7-m\libnosys.a(_exit.o)
                0x00006c0c                _exit
 *(.init)
 .init          0x00006c10        0x4 c:/siliconlabs/simplicitystudio/v4/developer/toolchains/gnu_arm/7.2_2017q4/bin/../lib/gcc/arm-none-eabi/7.2.1/thumb/v7-m/crti.o
                0x00006c10                _init
 .init          0x00006c14        0x8 c:/siliconlabs/simplicitystudio/v4/developer/toolchains/gnu_arm/7.2_2017q4/bin/../lib/gcc/arm-none-eabi/7.2.1/thumb/v7-m/crtn.o
 *(.fini)
 .fini          0x00006c1c        0x4 c:/siliconlabs/simplicitystudio/v4/developer/toolchains/gnu_arm/7.2_2017q4/bin/../lib/gcc/arm-none-eabi/7.2.1/thumb/v7-m/crti.o
                0x00006c1c                _fini
 .fini          0x00006c20        0x8 c:/siliconlabs/simplicitystudio/v4/developer/toolchains/gnu_arm/7.2_2017q4/bin/../lib/gcc/arm-none-eabi/7.2.1/thumb/v7-m/crtn.o
 *crtbegin.o(.ctors)
 *crtbegin?.o(.ctors)
 *(EXCLUDE_FILE(*crtend.o *crtend?.o) .ctors)
 *(SORT_BY_NAME(.ctors.*))
 *(.ctors)
 *crtbegin.o(.dtors)
 *crtbegin?.o(.dtors)
 *(EXCLUDE_FILE(*crtend.o *crtend?.o) .dtors)
 *(SORT_BY_NAME(.dtors.*))
 *(.dtors)
 *(.rodata*)
 .rodata        0x00006c28        0x4 ./Drivers/dmadrv.o
 .rodata.LDMA_EnableChannelRequest.str1.4
                0x00006c2c       0x15 ./Drivers/em_ldma.o
 *fill*         0x00006c41        0x3 
 .rodata        0x00006c44       0x18 ./Drivers/spidrv.o
 .rodata.CMU_ClockPrescSet.str1.4
                0x00006c5c       0xca ./emlib/em_cmu.o
 *fill*         0x00006d26        0x2 
 .rodata.flashWaitStateControl.str1.4
                0x00006d28       0x12 ./emlib/em_cmu.o
 *fill*         0x00006d3a        0x2 
 .rodata.flashWsTable
                0x00006d3c       0x38 ./emlib/em_cmu.o
 .rodata.CORE_NvicMaskSetIRQ.str1.4
                0x00006d74       0x13 ./emlib/em_core.o
 *fill*         0x00006d87        0x1 
 .rodata.lpGetDevinfoVrefLowHigh.str1.4
                0x00006d88       0x12 ./emlib/em_emu.o
 *fill*         0x00006d9a        0x2 
 .rodata.GPIO_DbgLocationSet.str1.4
                0x00006d9c       0x13 ./emlib/em_gpio.o
 *fill*         0x00006daf        0x1 
 .rodata.GPIO_PinModeSet.str1.4
                0x00006db0       0x64 ./emlib/em_gpio.o
 .rodata.TIMER_Init.str1.4
                0x00006e14       0x14 ./emlib/em_timer.o
 .rodata.USART_BaudrateAsyncSet.str1.4
                0x00006e28       0x14 ./emlib/em_usart.o
 .rodata.USBH_AssignHostChannel.str1.4
                0x00006e3c       0x13 ./emusb/em_usbh.o
 *fill*         0x00006e4f        0x1 
 .rodata.USBH_attachTiming
                0x00006e50       0x18 ./emusb/em_usbh.o
                0x00006e50                USBH_attachTiming
 .rodata.hcTimeoutFunc
                0x00006e68       0x38 ./emusb/em_usbh.o
 .rodata.USBTIMER_Init.str1.4
                0x00006ea0       0x65 ./emusb/em_usbtimer.o
 *fill*         0x00006f05        0x3 
 .rodata.handleMIDIEvent.str1.4
                0x00006f08        0x5 ./src/fpga.o
 *fill*         0x00006f0d        0x3 
 .rodata.microcontroller_send_generator_update.str1.4
                0x00006f10       0x1a ./src/fpga.o
 *fill*         0x00006f2a        0x2 
 .rodata.__func__.7193
                0x00006f2c        0xd ./src/gpio.o
 *fill*         0x00006f39        0x3 
 .rodata.gpio_btn_index_to_int
                0x00006f3c       0x30 ./src/gpio.o
 .rodata.gpio_btn_index_to_pin
                0x00006f6c       0x30 ./src/gpio.o
 .rodata.gpio_btn_index_to_port
                0x00006f9c       0x30 ./src/gpio.o
 .rodata.handleButtons.str1.4
                0x00006fcc       0x64 ./src/gpio.o
 .rodata.isButtonDown.str1.4
                0x00006fcc       0x28 ./src/gpio.o
                                 0x26 (size before relaxing)
 .rodata.button_is_on_keyboard
                0x00006ff4       0x30 ./src/input.o
 .rodata.keydown_to_midi
                0x00007024       0x24 ./src/input.o
 .rodata.keyup_to_midi
                0x00007048       0x24 ./src/input.o
 .rodata        0x0000706c       0x1c ./src/spi.o
 .rodata        0x00007088       0x10 ./src/usbhost.o
 .rodata.__assert_func.str1.1
                0x00007098       0x3c c:/siliconlabs/simplicitystudio/v4/developer/toolchains/gnu_arm/7.2_2017q4/bin/../lib/gcc/arm-none-eabi/7.2.1/../../../../arm-none-eabi/lib/thumb/v7-m\libc_nano.a(lib_a-assert.o)
                                 0x3d (size before relaxing)
 .rodata._global_impure_ptr
                0x000070d4        0x4 c:/siliconlabs/simplicitystudio/v4/developer/toolchains/gnu_arm/7.2_2017q4/bin/../lib/gcc/arm-none-eabi/7.2.1/../../../../arm-none-eabi/lib/thumb/v7-m\libc_nano.a(lib_a-impure.o)
                0x000070d4                _global_impure_ptr
 .rodata._vfprintf_r.str1.1
                0x000070d8       0x11 c:/siliconlabs/simplicitystudio/v4/developer/toolchains/gnu_arm/7.2_2017q4/bin/../lib/gcc/arm-none-eabi/7.2.1/../../../../arm-none-eabi/lib/thumb/v7-m\libc_nano.a(lib_a-nano-vfprintf.o)
 .rodata._printf_i.str1.1
                0x000070e9       0x22 c:/siliconlabs/simplicitystudio/v4/developer/toolchains/gnu_arm/7.2_2017q4/bin/../lib/gcc/arm-none-eabi/7.2.1/../../../../arm-none-eabi/lib/thumb/v7-m\libc_nano.a(lib_a-nano-vfprintf_i.o)
 *fill*         0x0000710b        0x1 
 .rodata.__sf_fake_stderr
                0x0000710c       0x20 c:/siliconlabs/simplicitystudio/v4/developer/toolchains/gnu_arm/7.2_2017q4/bin/../lib/gcc/arm-none-eabi/7.2.1/../../../../arm-none-eabi/lib/thumb/v7-m\libc_nano.a(lib_a-findfp.o)
                0x0000710c                __sf_fake_stderr
 .rodata.__sf_fake_stdin
                0x0000712c       0x20 c:/siliconlabs/simplicitystudio/v4/developer/toolchains/gnu_arm/7.2_2017q4/bin/../lib/gcc/arm-none-eabi/7.2.1/../../../../arm-none-eabi/lib/thumb/v7-m\libc_nano.a(lib_a-findfp.o)
                0x0000712c                __sf_fake_stdin
 .rodata.__sf_fake_stdout
                0x0000714c       0x20 c:/siliconlabs/simplicitystudio/v4/developer/toolchains/gnu_arm/7.2_2017q4/bin/../lib/gcc/arm-none-eabi/7.2.1/../../../../arm-none-eabi/lib/thumb/v7-m\libc_nano.a(lib_a-findfp.o)
                0x0000714c                __sf_fake_stdout
 .rodata._svfprintf_r.str1.1
                0x0000716c       0x11 c:/siliconlabs/simplicitystudio/v4/developer/toolchains/gnu_arm/7.2_2017q4/bin/../lib/gcc/arm-none-eabi/7.2.1/../../../../arm-none-eabi/lib/thumb/v7-m\libc_nano.a(lib_a-nano-svfprintf.o)
 *(.eh_frame*)
 .eh_frame      0x0000716c        0x0 c:/siliconlabs/simplicitystudio/v4/developer/toolchains/gnu_arm/7.2_2017q4/bin/../lib/gcc/arm-none-eabi/7.2.1/thumb/v7-m/crtbegin.o
 .eh_frame      0x0000716c        0x4 c:/siliconlabs/simplicitystudio/v4/developer/toolchains/gnu_arm/7.2_2017q4/bin/../lib/gcc/arm-none-eabi/7.2.1/thumb/v7-m/crtend.o

.glue_7         0x00007170        0x0
 .glue_7        0x00007170        0x0 linker stubs

.glue_7t        0x00007170        0x0
 .glue_7t       0x00007170        0x0 linker stubs

.vfp11_veneer   0x00007170        0x0
 .vfp11_veneer  0x00007170        0x0 linker stubs

.v4_bx          0x00007170        0x0
 .v4_bx         0x00007170        0x0 linker stubs

.iplt           0x00007170        0x0
 .iplt          0x00007170        0x0 c:/siliconlabs/simplicitystudio/v4/developer/toolchains/gnu_arm/7.2_2017q4/bin/../lib/gcc/arm-none-eabi/7.2.1/thumb/v7-m/crtbegin.o

.ARM.extab
 *(.ARM.extab* .gnu.linkonce.armextab.*)
                0x00007170                __exidx_start = .

.ARM.exidx      0x00007170        0x8
 *(.ARM.exidx* .gnu.linkonce.armexidx.*)
 .ARM.exidx     0x00007170        0x8 c:/siliconlabs/simplicitystudio/v4/developer/toolchains/gnu_arm/7.2_2017q4/bin/../lib/gcc/arm-none-eabi/7.2.1/../../../../arm-none-eabi/lib/thumb/v7-m/crt0.o
                0x00007178                __exidx_end = .
                0x00007178                __etext = .

.rel.dyn        0x00007178        0x0
 .rel.iplt      0x00007178        0x0 c:/siliconlabs/simplicitystudio/v4/developer/toolchains/gnu_arm/7.2_2017q4/bin/../lib/gcc/arm-none-eabi/7.2.1/thumb/v7-m/crtbegin.o

.data           0x20000000       0x98 load address 0x00007178
                0x20000000                __data_start__ = .
 *(vtable)
 *(.data*)
 .data.SystemCoreClock
                0x20000000        0x4 ./CMSIS/EFM32GG11B/system_efm32gg11b.o
                0x20000000                SystemCoreClock
 .data.SystemHFXOClock
                0x20000004        0x4 ./CMSIS/EFM32GG11B/system_efm32gg11b.o
 .data.SystemHfrcoFreq
                0x20000008        0x4 ./CMSIS/EFM32GG11B/system_efm32gg11b.o
                0x20000008                SystemHfrcoFreq
 .data.SystemLFXOClock
                0x2000000c        0x4 ./CMSIS/EFM32GG11B/system_efm32gg11b.o
 .data.auxHfrcoFreq
                0x20000010        0x4 ./emlib/em_cmu.o
 .data.ushfrcoFreq
                0x20000014        0x4 ./emlib/em_cmu.o
 .data.handle   0x20000018        0x4 ./src/spi.o
                0x20000018                handle
 .data.timerInit
                0x2000001c        0xd ./src/timer.o
                0x2000001c                timerInit
 *fill*         0x20000029        0x3 
 .data._impure_ptr
                0x2000002c        0x4 c:/siliconlabs/simplicitystudio/v4/developer/toolchains/gnu_arm/7.2_2017q4/bin/../lib/gcc/arm-none-eabi/7.2.1/../../../../arm-none-eabi/lib/thumb/v7-m\libc_nano.a(lib_a-impure.o)
                0x2000002c                _impure_ptr
 .data.impure_data
                0x20000030       0x60 c:/siliconlabs/simplicitystudio/v4/developer/toolchains/gnu_arm/7.2_2017q4/bin/../lib/gcc/arm-none-eabi/7.2.1/../../../../arm-none-eabi/lib/thumb/v7-m\libc_nano.a(lib_a-impure.o)
                0x20000090                . = ALIGN (0x4)
                [!provide]                PROVIDE (__ram_func_section_start, .)
 *(.ram)
                [!provide]                PROVIDE (__ram_func_section_end, .)
                0x20000090                . = ALIGN (0x4)
                0x20000090                PROVIDE (__preinit_array_start, .)
 *(.preinit_array)
                0x20000090                PROVIDE (__preinit_array_end, .)
                0x20000090                . = ALIGN (0x4)
                0x20000090                PROVIDE (__init_array_start, .)
 *(SORT_BY_NAME(.init_array.*))
 *(.init_array)
 .init_array    0x20000090        0x4 c:/siliconlabs/simplicitystudio/v4/developer/toolchains/gnu_arm/7.2_2017q4/bin/../lib/gcc/arm-none-eabi/7.2.1/thumb/v7-m/crtbegin.o
                0x20000094                PROVIDE (__init_array_end, .)
                0x20000094                . = ALIGN (0x4)
                [!provide]                PROVIDE (__fini_array_start, .)
 *(SORT_BY_NAME(.fini_array.*))
 *(.fini_array)
 .fini_array    0x20000094        0x4 c:/siliconlabs/simplicitystudio/v4/developer/toolchains/gnu_arm/7.2_2017q4/bin/../lib/gcc/arm-none-eabi/7.2.1/thumb/v7-m/crtbegin.o
                [!provide]                PROVIDE (__fini_array_end, .)
 *(.jcr*)
                0x20000098                . = ALIGN (0x4)
                0x20000098                __data_end__ = .

.igot.plt       0x20000098        0x0 load address 0x00007210
 .igot.plt      0x20000098        0x0 c:/siliconlabs/simplicitystudio/v4/developer/toolchains/gnu_arm/7.2_2017q4/bin/../lib/gcc/arm-none-eabi/7.2.1/thumb/v7-m/crtbegin.o

.bss            0x20000098      0x760 load address 0x00007210
                0x20000098                . = ALIGN (0x4)
                0x20000098                __bss_start__ = .
 *(.bss*)
 .bss           0x20000098       0x1c c:/siliconlabs/simplicitystudio/v4/developer/toolchains/gnu_arm/7.2_2017q4/bin/../lib/gcc/arm-none-eabi/7.2.1/thumb/v7-m/crtbegin.o
 .bss.chTable   0x200000b4       0x40 ./Drivers/dmadrv.o
 .bss.dmaXfer   0x200000f4       0x80 ./Drivers/dmadrv.o
 .bss.initialized
                0x20000174        0x1 ./Drivers/dmadrv.o
 *fill*         0x20000175        0x3 
 .bss.gpioCallbacks
                0x20000178       0x40 ./Drivers/gpiointerrupt.o
 .bss.spidrvIsInitialized
                0x200001b8        0x1 ./Drivers/spidrv.o
 *fill*         0x200001b9        0x3 
 .bss.vScaleEM01Config
                0x200001bc        0x1 ./emlib/em_emu.o
 *fill*         0x200001bd        0x3 
 .bss.head      0x200001c0        0x4 ./emusb/em_usbtimer.o
 .bss.ticksPr100us
                0x200001c4        0x4 ./emusb/em_usbtimer.o
 .bss.ticksPr10us
                0x200001c8        0x4 ./emusb/em_usbtimer.o
 .bss.ticksPr1us
                0x200001cc        0x4 ./emusb/em_usbtimer.o
 .bss.ticksPrMs
                0x200001d0        0x4 ./emusb/em_usbtimer.o
 .bss.timers    0x200001d4       0x40 ./emusb/em_usbtimer.o
 .bss.generator_activation
                0x20000214        0x4 ./src/fpga.o
 .bss.generator_activation_count
                0x20000218       0x40 ./src/fpga.o
 .bss.button_state
                0x20000258        0xc ./src/gpio.o
 .bss.led_toggle
                0x20000264        0x1 ./src/gpio.o
 *fill*         0x20000265        0x3 
 .bss.instrumentValue
                0x20000268        0x4 ./src/input.o
                0x20000268                instrumentValue
 .bss.last_button_state
                0x2000026c        0xc ./src/input.o
 .bss.device    0x20000278       0x68 ./src/usbhost.o
 .bss.ep        0x200002e0       0x38 ./src/usbhost.o
 .bss.readbuffer
                0x20000318       0x10 ./src/usbhost.o
 .bss.tmpBuf    0x20000328      0x400 ./src/usbhost.o
 .bss.__malloc_free_list
                0x20000728        0x4 c:/siliconlabs/simplicitystudio/v4/developer/toolchains/gnu_arm/7.2_2017q4/bin/../lib/gcc/arm-none-eabi/7.2.1/../../../../arm-none-eabi/lib/thumb/v7-m\libc_nano.a(lib_a-nano-mallocr.o)
                0x20000728                __malloc_free_list
 .bss.__malloc_sbrk_start
                0x2000072c        0x4 c:/siliconlabs/simplicitystudio/v4/developer/toolchains/gnu_arm/7.2_2017q4/bin/../lib/gcc/arm-none-eabi/7.2.1/../../../../arm-none-eabi/lib/thumb/v7-m\libc_nano.a(lib_a-nano-mallocr.o)
                0x2000072c                __malloc_sbrk_start
 .bss.heap_end.4102
                0x20000730        0x4 c:/siliconlabs/simplicitystudio/v4/developer/toolchains/gnu_arm/7.2_2017q4/bin/../lib/gcc/arm-none-eabi/7.2.1/../../../../arm-none-eabi/lib/thumb/v7-m\libnosys.a(sbrk.o)
 *(COMMON)
 COMMON         0x20000734       0x6c ./emusb/em_usbh.o
                0x20000734                USBH_portStatus
                0x20000738                USBH_initData
                0x20000748                hcs
                0x2000079c                USBH_attachRetryCount
 COMMON         0x200007a0       0x54 ./src/spi.o
                0x200007a0                handleData
 COMMON         0x200007f4        0x4 c:/siliconlabs/simplicitystudio/v4/developer/toolchains/gnu_arm/7.2_2017q4/bin/../lib/gcc/arm-none-eabi/7.2.1/../../../../arm-none-eabi/lib/thumb/v7-m\libc_nano.a(lib_a-reent.o)
                0x200007f4                errno
                0x200007f8                . = ALIGN (0x4)
                0x200007f8                __bss_end__ = .

.heap           0x200007f8      0xc00
                0x200007f8                __HeapBase = .
                0x200007f8                __end__ = .
                0x200007f8                end = __end__
                0x200007f8                _end = __end__
 *(.heap*)
 .heap          0x200007f8      0xc00 ./CMSIS/EFM32GG11B/startup_efm32gg11b.o
                0x200013f8                __HeapLimit = .

.stack_dummy    0x200007f8      0x400
 *(.stack*)
 .stack         0x200007f8      0x400 ./CMSIS/EFM32GG11B/startup_efm32gg11b.o
                0x20020000                __StackTop = (ORIGIN (RAM) + LENGTH (RAM))
                0x2001fc00                __StackLimit = (__StackTop - SIZEOF (.stack_dummy))
                0x20020000                PROVIDE (__stack, __StackTop)
                0x00000001                ASSERT ((__StackLimit >= __HeapLimit), region RAM overflowed with stack)
                0x00000001                ASSERT ((LENGTH (FLASH) >= (__etext + SIZEOF (.data))), FLASH memory overflowed !)
OUTPUT(microcontroller.axf elf32-littlearm)

.ARM.attributes
                0x00000000       0x29
 .ARM.attributes
                0x00000000       0x1d c:/siliconlabs/simplicitystudio/v4/developer/toolchains/gnu_arm/7.2_2017q4/bin/../lib/gcc/arm-none-eabi/7.2.1/thumb/v7-m/crti.o
 .ARM.attributes
                0x0000001d       0x2d c:/siliconlabs/simplicitystudio/v4/developer/toolchains/gnu_arm/7.2_2017q4/bin/../lib/gcc/arm-none-eabi/7.2.1/thumb/v7-m/crtbegin.o
 .ARM.attributes
                0x0000004a       0x1b c:/siliconlabs/simplicitystudio/v4/developer/toolchains/gnu_arm/7.2_2017q4/bin/../lib/gcc/arm-none-eabi/7.2.1/../../../../arm-none-eabi/lib/thumb/v7-m/crt0.o
 .ARM.attributes
                0x00000065       0x1b ./CMSIS/EFM32GG11B/startup_efm32gg11b.o
 .ARM.attributes
                0x00000080       0x33 ./CMSIS/EFM32GG11B/system_efm32gg11b.o
 .ARM.attributes
                0x000000b3       0x33 ./Drivers/dmadrv.o
 .ARM.attributes
                0x000000e6       0x33 ./Drivers/em_ldma.o
 .ARM.attributes
                0x00000119       0x33 ./Drivers/gpiointerrupt.o
 .ARM.attributes
                0x0000014c       0x33 ./Drivers/spidrv.o
 .ARM.attributes
                0x0000017f       0x33 ./emlib/em_cmu.o
 .ARM.attributes
                0x000001b2       0x33 ./emlib/em_core.o
 .ARM.attributes
                0x000001e5       0x33 ./emlib/em_emu.o
 .ARM.attributes
                0x00000218       0x33 ./emlib/em_gpio.o
 .ARM.attributes
                0x0000024b       0x33 ./emlib/em_timer.o
 .ARM.attributes
                0x0000027e       0x33 ./emlib/em_usart.o
 .ARM.attributes
                0x000002b1       0x33 ./emusb/em_usbh.o
 .ARM.attributes
                0x000002e4       0x33 ./emusb/em_usbhal.o
 .ARM.attributes
                0x00000317       0x33 ./emusb/em_usbhep.o
 .ARM.attributes
                0x0000034a       0x33 ./emusb/em_usbhint.o
 .ARM.attributes
                0x0000037d       0x33 ./emusb/em_usbtimer.o
 .ARM.attributes
                0x000003b0       0x33 ./src/fpga.o
 .ARM.attributes
                0x000003e3       0x33 ./src/gpio.o
 .ARM.attributes
                0x00000416       0x33 ./src/input.o
 .ARM.attributes
                0x00000449       0x33 ./src/main.o
 .ARM.attributes
                0x0000047c       0x33 ./src/midi.o
 .ARM.attributes
                0x000004af       0x33 ./src/spi.o
 .ARM.attributes
                0x000004e2       0x33 ./src/timer.o
 .ARM.attributes
                0x00000515       0x33 ./src/usbhost.o
 .ARM.attributes
                0x00000548       0x2d c:/siliconlabs/simplicitystudio/v4/developer/toolchains/gnu_arm/7.2_2017q4/bin/../lib/gcc/arm-none-eabi/7.2.1/../../../../arm-none-eabi/lib/thumb/v7-m\libc_nano.a(lib_a-assert.o)
 .ARM.attributes
                0x00000575       0x2d c:/siliconlabs/simplicitystudio/v4/developer/toolchains/gnu_arm/7.2_2017q4/bin/../lib/gcc/arm-none-eabi/7.2.1/../../../../arm-none-eabi/lib/thumb/v7-m\libc_nano.a(lib_a-exit.o)
 .ARM.attributes
                0x000005a2       0x2d c:/siliconlabs/simplicitystudio/v4/developer/toolchains/gnu_arm/7.2_2017q4/bin/../lib/gcc/arm-none-eabi/7.2.1/../../../../arm-none-eabi/lib/thumb/v7-m\libc_nano.a(lib_a-fprintf.o)
 .ARM.attributes
                0x000005cf       0x2d c:/siliconlabs/simplicitystudio/v4/developer/toolchains/gnu_arm/7.2_2017q4/bin/../lib/gcc/arm-none-eabi/7.2.1/../../../../arm-none-eabi/lib/thumb/v7-m\libc_nano.a(lib_a-impure.o)
 .ARM.attributes
                0x000005fc       0x2d c:/siliconlabs/simplicitystudio/v4/developer/toolchains/gnu_arm/7.2_2017q4/bin/../lib/gcc/arm-none-eabi/7.2.1/../../../../arm-none-eabi/lib/thumb/v7-m\libc_nano.a(lib_a-init.o)
 .ARM.attributes
                0x00000629       0x2d c:/siliconlabs/simplicitystudio/v4/developer/toolchains/gnu_arm/7.2_2017q4/bin/../lib/gcc/arm-none-eabi/7.2.1/../../../../arm-none-eabi/lib/thumb/v7-m\libc_nano.a(lib_a-malloc.o)
 .ARM.attributes
                0x00000656       0x2d c:/siliconlabs/simplicitystudio/v4/developer/toolchains/gnu_arm/7.2_2017q4/bin/../lib/gcc/arm-none-eabi/7.2.1/../../../../arm-none-eabi/lib/thumb/v7-m\libc_nano.a(lib_a-memset.o)
 .ARM.attributes
                0x00000683       0x2d c:/siliconlabs/simplicitystudio/v4/developer/toolchains/gnu_arm/7.2_2017q4/bin/../lib/gcc/arm-none-eabi/7.2.1/../../../../arm-none-eabi/lib/thumb/v7-m\libc_nano.a(lib_a-nano-freer.o)
 .ARM.attributes
                0x000006b0       0x2d c:/siliconlabs/simplicitystudio/v4/developer/toolchains/gnu_arm/7.2_2017q4/bin/../lib/gcc/arm-none-eabi/7.2.1/../../../../arm-none-eabi/lib/thumb/v7-m\libc_nano.a(lib_a-nano-mallocr.o)
 .ARM.attributes
                0x000006dd       0x2d c:/siliconlabs/simplicitystudio/v4/developer/toolchains/gnu_arm/7.2_2017q4/bin/../lib/gcc/arm-none-eabi/7.2.1/../../../../arm-none-eabi/lib/thumb/v7-m\libc_nano.a(lib_a-nano-vfprintf.o)
 .ARM.attributes
                0x0000070a       0x2d c:/siliconlabs/simplicitystudio/v4/developer/toolchains/gnu_arm/7.2_2017q4/bin/../lib/gcc/arm-none-eabi/7.2.1/../../../../arm-none-eabi/lib/thumb/v7-m\libc_nano.a(lib_a-nano-vfprintf_i.o)
 .ARM.attributes
                0x00000737       0x2d c:/siliconlabs/simplicitystudio/v4/developer/toolchains/gnu_arm/7.2_2017q4/bin/../lib/gcc/arm-none-eabi/7.2.1/../../../../arm-none-eabi/lib/thumb/v7-m\libc_nano.a(lib_a-sbrkr.o)
 .ARM.attributes
                0x00000764       0x2d c:/siliconlabs/simplicitystudio/v4/developer/toolchains/gnu_arm/7.2_2017q4/bin/../lib/gcc/arm-none-eabi/7.2.1/../../../../arm-none-eabi/lib/thumb/v7-m\libc_nano.a(lib_a-snprintf.o)
 .ARM.attributes
                0x00000791       0x2d c:/siliconlabs/simplicitystudio/v4/developer/toolchains/gnu_arm/7.2_2017q4/bin/../lib/gcc/arm-none-eabi/7.2.1/../../../../arm-none-eabi/lib/thumb/v7-m\libc_nano.a(lib_a-sprintf.o)
 .ARM.attributes
                0x000007be       0x2d c:/siliconlabs/simplicitystudio/v4/developer/toolchains/gnu_arm/7.2_2017q4/bin/../lib/gcc/arm-none-eabi/7.2.1/../../../../arm-none-eabi/lib/thumb/v7-m\libc_nano.a(lib_a-wbuf.o)
 .ARM.attributes
                0x000007eb       0x2d c:/siliconlabs/simplicitystudio/v4/developer/toolchains/gnu_arm/7.2_2017q4/bin/../lib/gcc/arm-none-eabi/7.2.1/../../../../arm-none-eabi/lib/thumb/v7-m\libc_nano.a(lib_a-wsetup.o)
 .ARM.attributes
                0x00000818       0x2d c:/siliconlabs/simplicitystudio/v4/developer/toolchains/gnu_arm/7.2_2017q4/bin/../lib/gcc/arm-none-eabi/7.2.1/../../../../arm-none-eabi/lib/thumb/v7-m\libc_nano.a(lib_a-abort.o)
 .ARM.attributes
                0x00000845       0x2d c:/siliconlabs/simplicitystudio/v4/developer/toolchains/gnu_arm/7.2_2017q4/bin/../lib/gcc/arm-none-eabi/7.2.1/../../../../arm-none-eabi/lib/thumb/v7-m\libc_nano.a(lib_a-fflush.o)
 .ARM.attributes
                0x00000872       0x2d c:/siliconlabs/simplicitystudio/v4/developer/toolchains/gnu_arm/7.2_2017q4/bin/../lib/gcc/arm-none-eabi/7.2.1/../../../../arm-none-eabi/lib/thumb/v7-m\libc_nano.a(lib_a-findfp.o)
 .ARM.attributes
                0x0000089f       0x2d c:/siliconlabs/simplicitystudio/v4/developer/toolchains/gnu_arm/7.2_2017q4/bin/../lib/gcc/arm-none-eabi/7.2.1/../../../../arm-none-eabi/lib/thumb/v7-m\libc_nano.a(lib_a-fwalk.o)
 .ARM.attributes
                0x000008cc       0x2d c:/siliconlabs/simplicitystudio/v4/developer/toolchains/gnu_arm/7.2_2017q4/bin/../lib/gcc/arm-none-eabi/7.2.1/../../../../arm-none-eabi/lib/thumb/v7-m\libc_nano.a(lib_a-makebuf.o)
 .ARM.attributes
                0x000008f9       0x2d c:/siliconlabs/simplicitystudio/v4/developer/toolchains/gnu_arm/7.2_2017q4/bin/../lib/gcc/arm-none-eabi/7.2.1/../../../../arm-none-eabi/lib/thumb/v7-m\libc_nano.a(lib_a-memchr-stub.o)
 .ARM.attributes
                0x00000926       0x2d c:/siliconlabs/simplicitystudio/v4/developer/toolchains/gnu_arm/7.2_2017q4/bin/../lib/gcc/arm-none-eabi/7.2.1/../../../../arm-none-eabi/lib/thumb/v7-m\libc_nano.a(lib_a-memcpy-stub.o)
 .ARM.attributes
                0x00000953       0x2d c:/siliconlabs/simplicitystudio/v4/developer/toolchains/gnu_arm/7.2_2017q4/bin/../lib/gcc/arm-none-eabi/7.2.1/../../../../arm-none-eabi/lib/thumb/v7-m\libc_nano.a(lib_a-memmove.o)
 .ARM.attributes
                0x00000980       0x2d c:/siliconlabs/simplicitystudio/v4/developer/toolchains/gnu_arm/7.2_2017q4/bin/../lib/gcc/arm-none-eabi/7.2.1/../../../../arm-none-eabi/lib/thumb/v7-m\libc_nano.a(lib_a-mlock.o)
 .ARM.attributes
                0x000009ad       0x2d c:/siliconlabs/simplicitystudio/v4/developer/toolchains/gnu_arm/7.2_2017q4/bin/../lib/gcc/arm-none-eabi/7.2.1/../../../../arm-none-eabi/lib/thumb/v7-m\libc_nano.a(lib_a-nano-reallocr.o)
 .ARM.attributes
                0x000009da       0x2d c:/siliconlabs/simplicitystudio/v4/developer/toolchains/gnu_arm/7.2_2017q4/bin/../lib/gcc/arm-none-eabi/7.2.1/../../../../arm-none-eabi/lib/thumb/v7-m\libc_nano.a(lib_a-nano-svfprintf.o)
 .ARM.attributes
                0x00000a07       0x2d c:/siliconlabs/simplicitystudio/v4/developer/toolchains/gnu_arm/7.2_2017q4/bin/../lib/gcc/arm-none-eabi/7.2.1/../../../../arm-none-eabi/lib/thumb/v7-m\libc_nano.a(lib_a-reent.o)
 .ARM.attributes
                0x00000a34       0x2d c:/siliconlabs/simplicitystudio/v4/developer/toolchains/gnu_arm/7.2_2017q4/bin/../lib/gcc/arm-none-eabi/7.2.1/../../../../arm-none-eabi/lib/thumb/v7-m\libc_nano.a(lib_a-signal.o)
 .ARM.attributes
                0x00000a61       0x2d c:/siliconlabs/simplicitystudio/v4/developer/toolchains/gnu_arm/7.2_2017q4/bin/../lib/gcc/arm-none-eabi/7.2.1/../../../../arm-none-eabi/lib/thumb/v7-m\libc_nano.a(lib_a-signalr.o)
 .ARM.attributes
                0x00000a8e       0x2d c:/siliconlabs/simplicitystudio/v4/developer/toolchains/gnu_arm/7.2_2017q4/bin/../lib/gcc/arm-none-eabi/7.2.1/../../../../arm-none-eabi/lib/thumb/v7-m\libc_nano.a(lib_a-stdio.o)
 .ARM.attributes
                0x00000abb       0x2d c:/siliconlabs/simplicitystudio/v4/developer/toolchains/gnu_arm/7.2_2017q4/bin/../lib/gcc/arm-none-eabi/7.2.1/../../../../arm-none-eabi/lib/thumb/v7-m\libc_nano.a(lib_a-writer.o)
 .ARM.attributes
                0x00000ae8       0x2d c:/siliconlabs/simplicitystudio/v4/developer/toolchains/gnu_arm/7.2_2017q4/bin/../lib/gcc/arm-none-eabi/7.2.1/../../../../arm-none-eabi/lib/thumb/v7-m\libc_nano.a(lib_a-closer.o)
 .ARM.attributes
                0x00000b15       0x2d c:/siliconlabs/simplicitystudio/v4/developer/toolchains/gnu_arm/7.2_2017q4/bin/../lib/gcc/arm-none-eabi/7.2.1/../../../../arm-none-eabi/lib/thumb/v7-m\libc_nano.a(lib_a-fstatr.o)
 .ARM.attributes
                0x00000b42       0x2d c:/siliconlabs/simplicitystudio/v4/developer/toolchains/gnu_arm/7.2_2017q4/bin/../lib/gcc/arm-none-eabi/7.2.1/../../../../arm-none-eabi/lib/thumb/v7-m\libc_nano.a(lib_a-isattyr.o)
 .ARM.attributes
                0x00000b6f       0x2d c:/siliconlabs/simplicitystudio/v4/developer/toolchains/gnu_arm/7.2_2017q4/bin/../lib/gcc/arm-none-eabi/7.2.1/../../../../arm-none-eabi/lib/thumb/v7-m\libc_nano.a(lib_a-lseekr.o)
 .ARM.attributes
                0x00000b9c       0x2d c:/siliconlabs/simplicitystudio/v4/developer/toolchains/gnu_arm/7.2_2017q4/bin/../lib/gcc/arm-none-eabi/7.2.1/../../../../arm-none-eabi/lib/thumb/v7-m\libc_nano.a(lib_a-nano-msizer.o)
 .ARM.attributes
                0x00000bc9       0x2d c:/siliconlabs/simplicitystudio/v4/developer/toolchains/gnu_arm/7.2_2017q4/bin/../lib/gcc/arm-none-eabi/7.2.1/../../../../arm-none-eabi/lib/thumb/v7-m\libc_nano.a(lib_a-readr.o)
 .ARM.attributes
                0x00000bf6       0x2d c:/siliconlabs/simplicitystudio/v4/developer/toolchains/gnu_arm/7.2_2017q4/bin/../lib/gcc/arm-none-eabi/7.2.1/../../../../arm-none-eabi/lib/thumb/v7-m\libnosys.a(close.o)
 .ARM.attributes
                0x00000c23       0x2d c:/siliconlabs/simplicitystudio/v4/developer/toolchains/gnu_arm/7.2_2017q4/bin/../lib/gcc/arm-none-eabi/7.2.1/../../../../arm-none-eabi/lib/thumb/v7-m\libnosys.a(fstat.o)
 .ARM.attributes
                0x00000c50       0x2d c:/siliconlabs/simplicitystudio/v4/developer/toolchains/gnu_arm/7.2_2017q4/bin/../lib/gcc/arm-none-eabi/7.2.1/../../../../arm-none-eabi/lib/thumb/v7-m\libnosys.a(getpid.o)
 .ARM.attributes
                0x00000c7d       0x2d c:/siliconlabs/simplicitystudio/v4/developer/toolchains/gnu_arm/7.2_2017q4/bin/../lib/gcc/arm-none-eabi/7.2.1/../../../../arm-none-eabi/lib/thumb/v7-m\libnosys.a(isatty.o)
 .ARM.attributes
                0x00000caa       0x2d c:/siliconlabs/simplicitystudio/v4/developer/toolchains/gnu_arm/7.2_2017q4/bin/../lib/gcc/arm-none-eabi/7.2.1/../../../../arm-none-eabi/lib/thumb/v7-m\libnosys.a(kill.o)
 .ARM.attributes
                0x00000cd7       0x2d c:/siliconlabs/simplicitystudio/v4/developer/toolchains/gnu_arm/7.2_2017q4/bin/../lib/gcc/arm-none-eabi/7.2.1/../../../../arm-none-eabi/lib/thumb/v7-m\libnosys.a(lseek.o)
 .ARM.attributes
                0x00000d04       0x2d c:/siliconlabs/simplicitystudio/v4/developer/toolchains/gnu_arm/7.2_2017q4/bin/../lib/gcc/arm-none-eabi/7.2.1/../../../../arm-none-eabi/lib/thumb/v7-m\libnosys.a(read.o)
 .ARM.attributes
                0x00000d31       0x2d c:/siliconlabs/simplicitystudio/v4/developer/toolchains/gnu_arm/7.2_2017q4/bin/../lib/gcc/arm-none-eabi/7.2.1/../../../../arm-none-eabi/lib/thumb/v7-m\libnosys.a(sbrk.o)
 .ARM.attributes
                0x00000d5e       0x2d c:/siliconlabs/simplicitystudio/v4/developer/toolchains/gnu_arm/7.2_2017q4/bin/../lib/gcc/arm-none-eabi/7.2.1/../../../../arm-none-eabi/lib/thumb/v7-m\libnosys.a(write.o)
 .ARM.attributes
                0x00000d8b       0x2d c:/siliconlabs/simplicitystudio/v4/developer/toolchains/gnu_arm/7.2_2017q4/bin/../lib/gcc/arm-none-eabi/7.2.1/../../../../arm-none-eabi/lib/thumb/v7-m\libnosys.a(_exit.o)
 .ARM.attributes
                0x00000db8       0x2d c:/siliconlabs/simplicitystudio/v4/developer/toolchains/gnu_arm/7.2_2017q4/bin/../lib/gcc/arm-none-eabi/7.2.1/thumb/v7-m/crtend.o
 .ARM.attributes
                0x00000de5       0x1d c:/siliconlabs/simplicitystudio/v4/developer/toolchains/gnu_arm/7.2_2017q4/bin/../lib/gcc/arm-none-eabi/7.2.1/thumb/v7-m/crtn.o

.comment        0x00000000       0x7e
 .comment       0x00000000       0x7e ./CMSIS/EFM32GG11B/system_efm32gg11b.o
                                 0x7f (size before relaxing)
 .comment       0x0000007e       0x7f ./Drivers/dmadrv.o
 .comment       0x0000007e       0x7f ./Drivers/em_ldma.o
 .comment       0x0000007e       0x7f ./Drivers/gpiointerrupt.o
 .comment       0x0000007e       0x7f ./Drivers/spidrv.o
 .comment       0x0000007e       0x7f ./emlib/em_cmu.o
 .comment       0x0000007e       0x7f ./emlib/em_core.o
 .comment       0x0000007e       0x7f ./emlib/em_emu.o
 .comment       0x0000007e       0x7f ./emlib/em_gpio.o
 .comment       0x0000007e       0x7f ./emlib/em_timer.o
 .comment       0x0000007e       0x7f ./emlib/em_usart.o
 .comment       0x0000007e       0x7f ./emusb/em_usbh.o
 .comment       0x0000007e       0x7f ./emusb/em_usbhal.o
 .comment       0x0000007e       0x7f ./emusb/em_usbhep.o
 .comment       0x0000007e       0x7f ./emusb/em_usbhint.o
 .comment       0x0000007e       0x7f ./emusb/em_usbtimer.o
 .comment       0x0000007e       0x7f ./src/fpga.o
 .comment       0x0000007e       0x7f ./src/gpio.o
 .comment       0x0000007e       0x7f ./src/input.o
 .comment       0x0000007e       0x7f ./src/main.o
 .comment       0x0000007e       0x7f ./src/midi.o
 .comment       0x0000007e       0x7f ./src/spi.o
 .comment       0x0000007e       0x7f ./src/timer.o
 .comment       0x0000007e       0x7f ./src/usbhost.o

.debug_line     0x00000000    0x14e01
 .debug_line    0x00000000       0xd9 ./CMSIS/EFM32GG11B/startup_efm32gg11b.o
 .debug_line    0x000000d9      0xa4f ./CMSIS/EFM32GG11B/system_efm32gg11b.o
 .debug_line    0x00000b28      0xd9c ./Drivers/dmadrv.o
 .debug_line    0x000018c4      0xbaa ./Drivers/em_ldma.o
 .debug_line    0x0000246e      0xb00 ./Drivers/gpiointerrupt.o
 .debug_line    0x00002f6e     0x17b7 ./Drivers/spidrv.o
 .debug_line    0x00004725     0x2068 ./emlib/em_cmu.o
 .debug_line    0x0000678d      0xc20 ./emlib/em_core.o
 .debug_line    0x000073ad     0x15d9 ./emlib/em_emu.o
 .debug_line    0x00008986      0xc22 ./emlib/em_gpio.o
 .debug_line    0x000095a8      0xb8b ./emlib/em_timer.o
 .debug_line    0x0000a133      0xdde ./emlib/em_usart.o
 .debug_line    0x0000af11     0x148e ./emusb/em_usbh.o
 .debug_line    0x0000c39f      0xc7f ./emusb/em_usbhal.o
 .debug_line    0x0000d01e      0xb79 ./emusb/em_usbhep.o
 .debug_line    0x0000db97      0xc51 ./emusb/em_usbhint.o
 .debug_line    0x0000e7e8      0xcc3 ./emusb/em_usbtimer.o
 .debug_line    0x0000f4ab      0xdc3 ./src/fpga.o
 .debug_line    0x0001026e      0xccc ./src/gpio.o
 .debug_line    0x00010f3a      0xc22 ./src/input.o
 .debug_line    0x00011b5c      0xd6f ./src/main.o
 .debug_line    0x000128cb      0x2d5 ./src/midi.o
 .debug_line    0x00012ba0      0xc0a ./src/spi.o
 .debug_line    0x000137aa      0xacd ./src/timer.o
 .debug_line    0x00014277      0xb8a ./src/usbhost.o

.debug_info     0x00000000    0x2a465
 .debug_info    0x00000000       0x26 ./CMSIS/EFM32GG11B/startup_efm32gg11b.o
 .debug_info    0x00000026      0x9f1 ./CMSIS/EFM32GG11B/system_efm32gg11b.o
 .debug_info    0x00000a17     0x1b8d ./Drivers/dmadrv.o
 .debug_info    0x000025a4     0x1752 ./Drivers/em_ldma.o
 .debug_info    0x00003cf6      0xa98 ./Drivers/gpiointerrupt.o
 .debug_info    0x0000478e     0x2e96 ./Drivers/spidrv.o
 .debug_info    0x00007624     0x5970 ./emlib/em_cmu.o
 .debug_info    0x0000cf94      0xf0b ./emlib/em_core.o
 .debug_info    0x0000de9f     0x3d7a ./emlib/em_emu.o
 .debug_info    0x00011c19     0x114d ./emlib/em_gpio.o
 .debug_info    0x00012d66      0xb57 ./emlib/em_timer.o
 .debug_info    0x000138bd     0x148d ./emlib/em_usart.o
 .debug_info    0x00014d4a     0x514f ./emusb/em_usbh.o
 .debug_info    0x00019e99     0x22e0 ./emusb/em_usbhal.o
 .debug_info    0x0001c179     0x1360 ./emusb/em_usbhep.o
 .debug_info    0x0001d4d9     0x2488 ./emusb/em_usbhint.o
 .debug_info    0x0001f961     0x1e79 ./emusb/em_usbtimer.o
 .debug_info    0x000217da     0x13ec ./src/fpga.o
 .debug_info    0x00022bc6     0x17a6 ./src/gpio.o
 .debug_info    0x0002436c      0xd36 ./src/input.o
 .debug_info    0x000250a2     0x1932 ./src/main.o
 .debug_info    0x000269d4      0x163 ./src/midi.o
 .debug_info    0x00026b37     0x16fb ./src/spi.o
 .debug_info    0x00028232      0xedf ./src/timer.o
 .debug_info    0x00029111     0x1354 ./src/usbhost.o

.debug_abbrev   0x00000000     0x512f
 .debug_abbrev  0x00000000       0x14 ./CMSIS/EFM32GG11B/startup_efm32gg11b.o
 .debug_abbrev  0x00000014      0x218 ./CMSIS/EFM32GG11B/system_efm32gg11b.o
 .debug_abbrev  0x0000022c      0x38d ./Drivers/dmadrv.o
 .debug_abbrev  0x000005b9      0x3ab ./Drivers/em_ldma.o
 .debug_abbrev  0x00000964      0x2d2 ./Drivers/gpiointerrupt.o
 .debug_abbrev  0x00000c36      0x43a ./Drivers/spidrv.o
 .debug_abbrev  0x00001070      0x4dd ./emlib/em_cmu.o
 .debug_abbrev  0x0000154d      0x349 ./emlib/em_core.o
 .debug_abbrev  0x00001896      0x4c1 ./emlib/em_emu.o
 .debug_abbrev  0x00001d57      0x2c5 ./emlib/em_gpio.o
 .debug_abbrev  0x0000201c      0x23a ./emlib/em_timer.o
 .debug_abbrev  0x00002256      0x2e7 ./emlib/em_usart.o
 .debug_abbrev  0x0000253d      0x629 ./emusb/em_usbh.o
 .debug_abbrev  0x00002b66      0x437 ./emusb/em_usbhal.o
 .debug_abbrev  0x00002f9d      0x2e6 ./emusb/em_usbhep.o
 .debug_abbrev  0x00003283      0x459 ./emusb/em_usbhint.o
 .debug_abbrev  0x000036dc      0x424 ./emusb/em_usbtimer.o
 .debug_abbrev  0x00003b00      0x386 ./src/fpga.o
 .debug_abbrev  0x00003e86      0x434 ./src/gpio.o
 .debug_abbrev  0x000042ba      0x283 ./src/input.o
 .debug_abbrev  0x0000453d      0x2b4 ./src/main.o
 .debug_abbrev  0x000047f1       0xe1 ./src/midi.o
 .debug_abbrev  0x000048d2      0x26d ./src/spi.o
 .debug_abbrev  0x00004b3f      0x2fc ./src/timer.o
 .debug_abbrev  0x00004e3b      0x2f4 ./src/usbhost.o

.debug_aranges  0x00000000      0xbb0
 .debug_aranges
                0x00000000       0x20 ./CMSIS/EFM32GG11B/startup_efm32gg11b.o
 .debug_aranges
                0x00000020       0x68 ./CMSIS/EFM32GG11B/system_efm32gg11b.o
 .debug_aranges
                0x00000088       0xa0 ./Drivers/dmadrv.o
 .debug_aranges
                0x00000128       0x50 ./Drivers/em_ldma.o
 .debug_aranges
                0x00000178       0x38 ./Drivers/gpiointerrupt.o
 .debug_aranges
                0x000001b0       0xd0 ./Drivers/spidrv.o
 .debug_aranges
                0x00000280      0x158 ./emlib/em_cmu.o
 .debug_aranges
                0x000003d8       0xb8 ./emlib/em_core.o
 .debug_aranges
                0x00000490      0x178 ./emlib/em_emu.o
 .debug_aranges
                0x00000608       0x48 ./emlib/em_gpio.o
 .debug_aranges
                0x00000650       0x38 ./emlib/em_timer.o
 .debug_aranges
                0x00000688       0xb8 ./emlib/em_usart.o
 .debug_aranges
                0x00000740      0x1a0 ./emusb/em_usbh.o
 .debug_aranges
                0x000008e0       0x50 ./emusb/em_usbhal.o
 .debug_aranges
                0x00000930       0x30 ./emusb/em_usbhep.o
 .debug_aranges
                0x00000960       0x30 ./emusb/em_usbhint.o
 .debug_aranges
                0x00000990       0x50 ./emusb/em_usbtimer.o
 .debug_aranges
                0x000009e0       0x70 ./src/fpga.o
 .debug_aranges
                0x00000a50       0x50 ./src/gpio.o
 .debug_aranges
                0x00000aa0       0x30 ./src/input.o
 .debug_aranges
                0x00000ad0       0x28 ./src/main.o
 .debug_aranges
                0x00000af8       0x28 ./src/midi.o
 .debug_aranges
                0x00000b20       0x30 ./src/spi.o
 .debug_aranges
                0x00000b50       0x30 ./src/timer.o
 .debug_aranges
                0x00000b80       0x30 ./src/usbhost.o

.debug_str      0x00000000   0x1f2017
 .debug_str     0x00000000       0xf1 ./CMSIS/EFM32GG11B/startup_efm32gg11b.o
 .debug_str     0x000000f1   0x1dc4bc ./CMSIS/EFM32GG11B/system_efm32gg11b.o
                             0x1dd6e9 (size before relaxing)
 .debug_str     0x001dc5ad     0x6e57 ./Drivers/dmadrv.o
                             0x1e4060 (size before relaxing)
 .debug_str     0x001e3404      0x909 ./Drivers/em_ldma.o
                             0x1e2e60 (size before relaxing)
 .debug_str     0x001e3d0d      0x1a4 ./Drivers/gpiointerrupt.o
                             0x1de856 (size before relaxing)
 .debug_str     0x001e3eb1     0x4c79 ./Drivers/spidrv.o
                             0x1e8d15 (size before relaxing)
 .debug_str     0x001e8b2a     0x1e3b ./emlib/em_cmu.o
                             0x1e2b59 (size before relaxing)
 .debug_str     0x001ea965      0x339 ./emlib/em_core.o
                             0x1de28d (size before relaxing)
 .debug_str     0x001eac9e     0x15a0 ./emlib/em_emu.o
                             0x1e31e8 (size before relaxing)
 .debug_str     0x001ec23e      0x218 ./emlib/em_gpio.o
                             0x1de11c (size before relaxing)
 .debug_str     0x001ec456      0xa84 ./emlib/em_timer.o
                             0x1ddccc (size before relaxing)
 .debug_str     0x001eceda      0x6e7 ./emlib/em_usart.o
                             0x1dfeb4 (size before relaxing)
 .debug_str     0x001ed5c1     0x31f4 ./emusb/em_usbh.o
                             0x1e629d (size before relaxing)
 .debug_str     0x001f07b5       0xd8 ./emusb/em_usbhal.o
                             0x1e563b (size before relaxing)
 .debug_str     0x001f088d       0x3b ./emusb/em_usbhep.o
                             0x1e2e78 (size before relaxing)
 .debug_str     0x001f08c8      0x193 ./emusb/em_usbhint.o
                             0x1e436c (size before relaxing)
 .debug_str     0x001f0a5b      0x1c8 ./emusb/em_usbtimer.o
                             0x1e57bf (size before relaxing)
 .debug_str     0x001f0c23      0xd1b ./src/fpga.o
                             0x1e6a8e (size before relaxing)
 .debug_str     0x001f193e      0x20d ./src/gpio.o
                             0x1e2481 (size before relaxing)
 .debug_str     0x001f1b4b      0x142 ./src/input.o
                             0x1e3dd7 (size before relaxing)
 .debug_str     0x001f1c8d       0x73 ./src/main.o
                             0x1e89d8 (size before relaxing)
 .debug_str     0x001f1d00       0x2f ./src/midi.o
                               0x3fc2 (size before relaxing)
 .debug_str     0x001f1d2f      0x24b ./src/spi.o
                             0x1e7f78 (size before relaxing)
 .debug_str     0x001f1f7a       0x54 ./src/timer.o
                             0x1df7d1 (size before relaxing)
 .debug_str     0x001f1fce       0x49 ./src/usbhost.o
                             0x1e3f47 (size before relaxing)

.debug_loc      0x00000000    0x127a2
 .debug_loc     0x00000000       0xe6 ./CMSIS/EFM32GG11B/system_efm32gg11b.o
 .debug_loc     0x000000e6     0x1068 ./Drivers/dmadrv.o
 .debug_loc     0x0000114e      0x631 ./Drivers/em_ldma.o
 .debug_loc     0x0000177f      0x200 ./Drivers/gpiointerrupt.o
 .debug_loc     0x0000197f     0x229d ./Drivers/spidrv.o
 .debug_loc     0x00003c1c     0x53c6 ./emlib/em_cmu.o
 .debug_loc     0x00008fe2      0x7f0 ./emlib/em_core.o
 .debug_loc     0x000097d2     0x24f7 ./emlib/em_emu.o
 .debug_loc     0x0000bcc9      0xb3d ./emlib/em_gpio.o
 .debug_loc     0x0000c806      0x401 ./emlib/em_timer.o
 .debug_loc     0x0000cc07      0x940 ./emlib/em_usart.o
 .debug_loc     0x0000d547     0x2987 ./emusb/em_usbh.o
 .debug_loc     0x0000fece      0x360 ./emusb/em_usbhal.o
 .debug_loc     0x0001022e      0x2e5 ./emusb/em_usbhep.o
 .debug_loc     0x00010513      0x4ef ./emusb/em_usbhint.o
 .debug_loc     0x00010a02      0x966 ./emusb/em_usbtimer.o
 .debug_loc     0x00011368      0x76b ./src/fpga.o
 .debug_loc     0x00011ad3      0x680 ./src/gpio.o
 .debug_loc     0x00012153      0x108 ./src/input.o
 .debug_loc     0x0001225b       0xa2 ./src/main.o
 .debug_loc     0x000122fd      0x113 ./src/midi.o
 .debug_loc     0x00012410       0x85 ./src/spi.o
 .debug_loc     0x00012495      0x266 ./src/timer.o
 .debug_loc     0x000126fb       0xa7 ./src/usbhost.o

.debug_ranges   0x00000000     0x2438
 .debug_ranges  0x00000000       0x58 ./CMSIS/EFM32GG11B/system_efm32gg11b.o
 .debug_ranges  0x00000058       0xa8 ./Drivers/dmadrv.o
 .debug_ranges  0x00000100       0xd8 ./Drivers/em_ldma.o
 .debug_ranges  0x000001d8       0xa0 ./Drivers/gpiointerrupt.o
 .debug_ranges  0x00000278      0x1a0 ./Drivers/spidrv.o
 .debug_ranges  0x00000418      0xaa8 ./emlib/em_cmu.o
 .debug_ranges  0x00000ec0       0xd8 ./emlib/em_core.o
 .debug_ranges  0x00000f98      0x538 ./emlib/em_emu.o
 .debug_ranges  0x000014d0      0x2d0 ./emlib/em_gpio.o
 .debug_ranges  0x000017a0      0x100 ./emlib/em_timer.o
 .debug_ranges  0x000018a0       0xa8 ./emlib/em_usart.o
 .debug_ranges  0x00001948      0x430 ./emusb/em_usbh.o
 .debug_ranges  0x00001d78       0x78 ./emusb/em_usbhal.o
 .debug_ranges  0x00001df0       0x20 ./emusb/em_usbhep.o
 .debug_ranges  0x00001e10      0x110 ./emusb/em_usbhint.o
 .debug_ranges  0x00001f20      0x128 ./emusb/em_usbtimer.o
 .debug_ranges  0x00002048      0x110 ./src/fpga.o
 .debug_ranges  0x00002158      0x100 ./src/gpio.o
 .debug_ranges  0x00002258       0x58 ./src/input.o
 .debug_ranges  0x000022b0       0x30 ./src/main.o
 .debug_ranges  0x000022e0       0x30 ./src/midi.o
 .debug_ranges  0x00002310       0x20 ./src/spi.o
 .debug_ranges  0x00002330       0xe8 ./src/timer.o
 .debug_ranges  0x00002418       0x20 ./src/usbhost.o

.debug_macro    0x00000000    0x4f430
 .debug_macro   0x00000000      0x2fa ./CMSIS/EFM32GG11B/system_efm32gg11b.o
 .debug_macro   0x000002fa      0xa4e ./CMSIS/EFM32GG11B/system_efm32gg11b.o
 .debug_macro   0x00000d48       0x22 ./CMSIS/EFM32GG11B/system_efm32gg11b.o
 .debug_macro   0x00000d6a       0x4f ./CMSIS/EFM32GG11B/system_efm32gg11b.o
 .debug_macro   0x00000db9       0x51 ./CMSIS/EFM32GG11B/system_efm32gg11b.o
 .debug_macro   0x00000e0a       0xef ./CMSIS/EFM32GG11B/system_efm32gg11b.o
 .debug_macro   0x00000ef9       0x6a ./CMSIS/EFM32GG11B/system_efm32gg11b.o
 .debug_macro   0x00000f63      0x1df ./CMSIS/EFM32GG11B/system_efm32gg11b.o
 .debug_macro   0x00001142      0x5ba ./CMSIS/EFM32GG11B/system_efm32gg11b.o
 .debug_macro   0x000016fc       0x1c ./CMSIS/EFM32GG11B/system_efm32gg11b.o
 .debug_macro   0x00001718       0x22 ./CMSIS/EFM32GG11B/system_efm32gg11b.o
 .debug_macro   0x0000173a       0xc3 ./CMSIS/EFM32GG11B/system_efm32gg11b.o
 .debug_macro   0x000017fd      0xff5 ./CMSIS/EFM32GG11B/system_efm32gg11b.o
 .debug_macro   0x000027f2       0xe2 ./CMSIS/EFM32GG11B/system_efm32gg11b.o
 .debug_macro   0x000028d4     0x12b6 ./CMSIS/EFM32GG11B/system_efm32gg11b.o
 .debug_macro   0x00003b8a     0x3007 ./CMSIS/EFM32GG11B/system_efm32gg11b.o
 .debug_macro   0x00006b91      0x34d ./CMSIS/EFM32GG11B/system_efm32gg11b.o
 .debug_macro   0x00006ede     0x4214 ./CMSIS/EFM32GG11B/system_efm32gg11b.o
 .debug_macro   0x0000b0f2     0x1b59 ./CMSIS/EFM32GG11B/system_efm32gg11b.o
 .debug_macro   0x0000cc4b     0x3244 ./CMSIS/EFM32GG11B/system_efm32gg11b.o
 .debug_macro   0x0000fe8f     0x2923 ./CMSIS/EFM32GG11B/system_efm32gg11b.o
 .debug_macro   0x000127b2     0x3445 ./CMSIS/EFM32GG11B/system_efm32gg11b.o
 .debug_macro   0x00015bf7     0x2f72 ./CMSIS/EFM32GG11B/system_efm32gg11b.o
 .debug_macro   0x00018b69     0x269e ./CMSIS/EFM32GG11B/system_efm32gg11b.o
 .debug_macro   0x0001b207     0x27da ./CMSIS/EFM32GG11B/system_efm32gg11b.o
 .debug_macro   0x0001d9e1     0x1182 ./CMSIS/EFM32GG11B/system_efm32gg11b.o
 .debug_macro   0x0001eb63      0x345 ./CMSIS/EFM32GG11B/system_efm32gg11b.o
 .debug_macro   0x0001eea8      0x29e ./CMSIS/EFM32GG11B/system_efm32gg11b.o
 .debug_macro   0x0001f146      0xda9 ./CMSIS/EFM32GG11B/system_efm32gg11b.o
 .debug_macro   0x0001feef     0x2079 ./CMSIS/EFM32GG11B/system_efm32gg11b.o
 .debug_macro   0x00021f68     0x2c39 ./CMSIS/EFM32GG11B/system_efm32gg11b.o
 .debug_macro   0x00024ba1     0x1851 ./CMSIS/EFM32GG11B/system_efm32gg11b.o
 .debug_macro   0x000263f2     0x113c ./CMSIS/EFM32GG11B/system_efm32gg11b.o
 .debug_macro   0x0002752e      0xd3b ./CMSIS/EFM32GG11B/system_efm32gg11b.o
 .debug_macro   0x00028269      0x249 ./CMSIS/EFM32GG11B/system_efm32gg11b.o
 .debug_macro   0x000284b2      0xf9b ./CMSIS/EFM32GG11B/system_efm32gg11b.o
 .debug_macro   0x0002944d     0x1366 ./CMSIS/EFM32GG11B/system_efm32gg11b.o
 .debug_macro   0x0002a7b3     0x3e08 ./CMSIS/EFM32GG11B/system_efm32gg11b.o
 .debug_macro   0x0002e5bb     0x22bb ./CMSIS/EFM32GG11B/system_efm32gg11b.o
 .debug_macro   0x00030876     0x2b5e ./CMSIS/EFM32GG11B/system_efm32gg11b.o
 .debug_macro   0x000333d4     0x4a80 ./CMSIS/EFM32GG11B/system_efm32gg11b.o
 .debug_macro   0x00037e54      0x7b5 ./CMSIS/EFM32GG11B/system_efm32gg11b.o
 .debug_macro   0x00038609     0x17a9 ./CMSIS/EFM32GG11B/system_efm32gg11b.o
 .debug_macro   0x00039db2      0xca5 ./CMSIS/EFM32GG11B/system_efm32gg11b.o
 .debug_macro   0x0003aa57      0x1eb ./CMSIS/EFM32GG11B/system_efm32gg11b.o
 .debug_macro   0x0003ac42     0x109e ./CMSIS/EFM32GG11B/system_efm32gg11b.o
 .debug_macro   0x0003bce0      0x76c ./CMSIS/EFM32GG11B/system_efm32gg11b.o
 .debug_macro   0x0003c44c     0x1022 ./CMSIS/EFM32GG11B/system_efm32gg11b.o
 .debug_macro   0x0003d46e      0xd61 ./CMSIS/EFM32GG11B/system_efm32gg11b.o
 .debug_macro   0x0003e1cf      0x500 ./CMSIS/EFM32GG11B/system_efm32gg11b.o
 .debug_macro   0x0003e6cf     0x26c3 ./CMSIS/EFM32GG11B/system_efm32gg11b.o
 .debug_macro   0x00040d92       0x40 ./CMSIS/EFM32GG11B/system_efm32gg11b.o
 .debug_macro   0x00040dd2      0x433 ./CMSIS/EFM32GG11B/system_efm32gg11b.o
 .debug_macro   0x00041205      0x557 ./CMSIS/EFM32GG11B/system_efm32gg11b.o
 .debug_macro   0x0004175c      0x2be ./CMSIS/EFM32GG11B/system_efm32gg11b.o
 .debug_macro   0x00041a1a     0x20a3 ./CMSIS/EFM32GG11B/system_efm32gg11b.o
 .debug_macro   0x00043abd     0x2c11 ./CMSIS/EFM32GG11B/system_efm32gg11b.o
 .debug_macro   0x000466ce       0x35 ./CMSIS/EFM32GG11B/system_efm32gg11b.o
 .debug_macro   0x00046703      0x916 ./CMSIS/EFM32GG11B/system_efm32gg11b.o
 .debug_macro   0x00047019      0x916 ./CMSIS/EFM32GG11B/system_efm32gg11b.o
 .debug_macro   0x0004792f      0x354 ./Drivers/dmadrv.o
 .debug_macro   0x00047c83      0x16d ./Drivers/dmadrv.o
 .debug_macro   0x00047df0       0xea ./Drivers/dmadrv.o
 .debug_macro   0x00047eda       0x69 ./Drivers/dmadrv.o
 .debug_macro   0x00047f43      0x353 ./Drivers/dmadrv.o
 .debug_macro   0x00048296       0xc0 ./Drivers/dmadrv.o
 .debug_macro   0x00048356       0x4c ./Drivers/dmadrv.o
 .debug_macro   0x000483a2       0x10 ./Drivers/dmadrv.o
 .debug_macro   0x000483b2       0xc0 ./Drivers/dmadrv.o
 .debug_macro   0x00048472       0x1c ./Drivers/dmadrv.o
 .debug_macro   0x0004848e       0x3b ./Drivers/dmadrv.o
 .debug_macro   0x000484c9      0x33c ./Drivers/em_ldma.o
 .debug_macro   0x00048805       0xba ./Drivers/em_ldma.o
 .debug_macro   0x000488bf      0x32b ./Drivers/gpiointerrupt.o
 .debug_macro   0x00048bea       0xe4 ./Drivers/gpiointerrupt.o
 .debug_macro   0x00048cce       0xba ./Drivers/gpiointerrupt.o
 .debug_macro   0x00048d88      0x42a ./Drivers/spidrv.o
 .debug_macro   0x000491b2       0x52 ./Drivers/spidrv.o
 .debug_macro   0x00049204       0x17 ./Drivers/spidrv.o
 .debug_macro   0x0004921b       0x55 ./Drivers/spidrv.o
 .debug_macro   0x00049270       0x35 ./Drivers/spidrv.o
 .debug_macro   0x000492a5       0x9c ./Drivers/spidrv.o
 .debug_macro   0x00049341       0x57 ./Drivers/spidrv.o
 .debug_macro   0x00049398       0x58 ./Drivers/spidrv.o
 .debug_macro   0x000493f0       0x1f ./Drivers/spidrv.o
 .debug_macro   0x0004940f       0x43 ./Drivers/spidrv.o
 .debug_macro   0x00049452       0x20 ./Drivers/spidrv.o
 .debug_macro   0x00049472      0x18e ./Drivers/spidrv.o
 .debug_macro   0x00049600      0x353 ./Drivers/spidrv.o
 .debug_macro   0x00049953       0x10 ./Drivers/spidrv.o
 .debug_macro   0x00049963       0x35 ./Drivers/spidrv.o
 .debug_macro   0x00049998       0xbd ./Drivers/spidrv.o
 .debug_macro   0x00049a55       0xf1 ./Drivers/spidrv.o
 .debug_macro   0x00049b46       0x94 ./Drivers/spidrv.o
 .debug_macro   0x00049bda      0x41a ./emlib/em_cmu.o
 .debug_macro   0x00049ff4       0x58 ./emlib/em_cmu.o
 .debug_macro   0x0004a04c      0x34d ./emlib/em_cmu.o
 .debug_macro   0x0004a399       0x25 ./emlib/em_cmu.o
 .debug_macro   0x0004a3be       0xee ./emlib/em_cmu.o
 .debug_macro   0x0004a4ac       0x87 ./emlib/em_cmu.o
 .debug_macro   0x0004a533      0x326 ./emlib/em_core.o
 .debug_macro   0x0004a859      0x422 ./emlib/em_emu.o
 .debug_macro   0x0004ac7b       0x81 ./emlib/em_emu.o
 .debug_macro   0x0004acfc      0x30d ./emlib/em_gpio.o
 .debug_macro   0x0004b009      0x2fb ./emlib/em_timer.o
 .debug_macro   0x0004b304       0x79 ./emlib/em_timer.o
 .debug_macro   0x0004b37d      0x355 ./emlib/em_usart.o
 .debug_macro   0x0004b6d2       0xeb ./emlib/em_usart.o
 .debug_macro   0x0004b7bd      0x429 ./emusb/em_usbh.o
 .debug_macro   0x0004bbe6       0xd0 ./emusb/em_usbh.o
 .debug_macro   0x0004bcb6      0x100 ./emusb/em_usbh.o
 .debug_macro   0x0004bdb6      0x423 ./emusb/em_usbhal.o
 .debug_macro   0x0004c1d9      0x3ea ./emusb/em_usbhep.o
 .debug_macro   0x0004c5c3      0x428 ./emusb/em_usbhint.o