Archive member included to satisfy reference by file (symbol)

/Applications/Simplicity Studio.app/Contents/Eclipse/developer/toolchains/gnu_arm/7.2_2017q4/bin/../lib/gcc/arm-none-eabi/7.2.1/thumb/v7-m/libgcc.a(_aeabi_uldivmod.o)
                              ./emlib/em_usart.o (__aeabi_uldivmod)
/Applications/Simplicity Studio.app/Contents/Eclipse/developer/toolchains/gnu_arm/7.2_2017q4/bin/../lib/gcc/arm-none-eabi/7.2.1/thumb/v7-m/libgcc.a(_udivmoddi4.o)
                              /Applications/Simplicity Studio.app/Contents/Eclipse/developer/toolchains/gnu_arm/7.2_2017q4/bin/../lib/gcc/arm-none-eabi/7.2.1/thumb/v7-m/libgcc.a(_aeabi_uldivmod.o) (__udivmoddi4)
/Applications/Simplicity Studio.app/Contents/Eclipse/developer/toolchains/gnu_arm/7.2_2017q4/bin/../lib/gcc/arm-none-eabi/7.2.1/thumb/v7-m/libgcc.a(_dvmd_tls.o)
                              /Applications/Simplicity Studio.app/Contents/Eclipse/developer/toolchains/gnu_arm/7.2_2017q4/bin/../lib/gcc/arm-none-eabi/7.2.1/thumb/v7-m/libgcc.a(_aeabi_uldivmod.o) (__aeabi_ldiv0)
/Applications/Simplicity Studio.app/Contents/Eclipse/developer/toolchains/gnu_arm/7.2_2017q4/bin/../lib/gcc/arm-none-eabi/7.2.1/../../../../arm-none-eabi/lib/thumb/v7-m/libc_nano.a(lib_a-abs.o)
                              ./Drivers/segmentlcd.o (abs)
/Applications/Simplicity Studio.app/Contents/Eclipse/developer/toolchains/gnu_arm/7.2_2017q4/bin/../lib/gcc/arm-none-eabi/7.2.1/../../../../arm-none-eabi/lib/thumb/v7-m/libc_nano.a(lib_a-assert.o)
                              ./src/fpga.o (__assert_func)
/Applications/Simplicity Studio.app/Contents/Eclipse/developer/toolchains/gnu_arm/7.2_2017q4/bin/../lib/gcc/arm-none-eabi/7.2.1/../../../../arm-none-eabi/lib/thumb/v7-m/libc_nano.a(lib_a-exit.o)
                              /Applications/Simplicity Studio.app/Contents/Eclipse/developer/toolchains/gnu_arm/7.2_2017q4/bin/../lib/gcc/arm-none-eabi/7.2.1/../../../../arm-none-eabi/lib/thumb/v7-m/crt0.o (exit)
/Applications/Simplicity Studio.app/Contents/Eclipse/developer/toolchains/gnu_arm/7.2_2017q4/bin/../lib/gcc/arm-none-eabi/7.2.1/../../../../arm-none-eabi/lib/thumb/v7-m/libc_nano.a(lib_a-fprintf.o)
                              /Applications/Simplicity Studio.app/Contents/Eclipse/developer/toolchains/gnu_arm/7.2_2017q4/bin/../lib/gcc/arm-none-eabi/7.2.1/../../../../arm-none-eabi/lib/thumb/v7-m/libc_nano.a(lib_a-assert.o) (fiprintf)
/Applications/Simplicity Studio.app/Contents/Eclipse/developer/toolchains/gnu_arm/7.2_2017q4/bin/../lib/gcc/arm-none-eabi/7.2.1/../../../../arm-none-eabi/lib/thumb/v7-m/libc_nano.a(lib_a-impure.o)
                              /Applications/Simplicity Studio.app/Contents/Eclipse/developer/toolchains/gnu_arm/7.2_2017q4/bin/../lib/gcc/arm-none-eabi/7.2.1/../../../../arm-none-eabi/lib/thumb/v7-m/libc_nano.a(lib_a-exit.o) (_global_impure_ptr)
/Applications/Simplicity Studio.app/Contents/Eclipse/developer/toolchains/gnu_arm/7.2_2017q4/bin/../lib/gcc/arm-none-eabi/7.2.1/../../../../arm-none-eabi/lib/thumb/v7-m/libc_nano.a(lib_a-init.o)
                              /Applications/Simplicity Studio.app/Contents/Eclipse/developer/toolchains/gnu_arm/7.2_2017q4/bin/../lib/gcc/arm-none-eabi/7.2.1/../../../../arm-none-eabi/lib/thumb/v7-m/crt0.o (__libc_init_array)
/Applications/Simplicity Studio.app/Contents/Eclipse/developer/toolchains/gnu_arm/7.2_2017q4/bin/../lib/gcc/arm-none-eabi/7.2.1/../../../../arm-none-eabi/lib/thumb/v7-m/libc_nano.a(lib_a-memcpy-stub.o)
                              ./BSP/bsp_stk.o (memcpy)
/Applications/Simplicity Studio.app/Contents/Eclipse/developer/toolchains/gnu_arm/7.2_2017q4/bin/../lib/gcc/arm-none-eabi/7.2.1/../../../../arm-none-eabi/lib/thumb/v7-m/libc_nano.a(lib_a-memset.o)
                              /Applications/Simplicity Studio.app/Contents/Eclipse/developer/toolchains/gnu_arm/7.2_2017q4/bin/../lib/gcc/arm-none-eabi/7.2.1/../../../../arm-none-eabi/lib/thumb/v7-m/crt0.o (memset)
/Applications/Simplicity Studio.app/Contents/Eclipse/developer/toolchains/gnu_arm/7.2_2017q4/bin/../lib/gcc/arm-none-eabi/7.2.1/../../../../arm-none-eabi/lib/thumb/v7-m/libc_nano.a(lib_a-nano-vfprintf.o)
                              /Applications/Simplicity Studio.app/Contents/Eclipse/developer/toolchains/gnu_arm/7.2_2017q4/bin/../lib/gcc/arm-none-eabi/7.2.1/../../../../arm-none-eabi/lib/thumb/v7-m/libc_nano.a(lib_a-fprintf.o) (_vfprintf_r)
/Applications/Simplicity Studio.app/Contents/Eclipse/developer/toolchains/gnu_arm/7.2_2017q4/bin/../lib/gcc/arm-none-eabi/7.2.1/../../../../arm-none-eabi/lib/thumb/v7-m/libc_nano.a(lib_a-nano-vfprintf_i.o)
                              /Applications/Simplicity Studio.app/Contents/Eclipse/developer/toolchains/gnu_arm/7.2_2017q4/bin/../lib/gcc/arm-none-eabi/7.2.1/../../../../arm-none-eabi/lib/thumb/v7-m/libc_nano.a(lib_a-nano-vfprintf.o) (_printf_i)
[...]
Memory Configuration

Name             Origin             Length             Attributes
FLASH            0x0000000000000000 0x0000000000100000 xr
RAM              0x0000000020000000 0x0000000000020000 xrw
*default*        0x0000000000000000 0xffffffffffffffff

Linker script and memory map

LOAD /Applications/Simplicity Studio.app/Contents/Eclipse/developer/toolchains/gnu_arm/7.2_2017q4/bin/../lib/gcc/arm-none-eabi/7.2.1/thumb/v7-m/crti.o
LOAD /Applications/Simplicity Studio.app/Contents/Eclipse/developer/toolchains/gnu_arm/7.2_2017q4/bin/../lib/gcc/arm-none-eabi/7.2.1/thumb/v7-m/crtbegin.o
LOAD /Applications/Simplicity Studio.app/Contents/Eclipse/developer/toolchains/gnu_arm/7.2_2017q4/bin/../lib/gcc/arm-none-eabi/7.2.1/../../../../arm-none-eabi/lib/thumb/v7-m/crt0.o
LOAD ./BSP/bsp_bcc.o
LOAD ./BSP/bsp_stk.o
LOAD ./BSP/bsp_stk_leds.o
LOAD ./BSP/bsp_trace.o
LOAD ./CMSIS/EFM32GG/startup_gcc_efm32gg.o
LOAD ./CMSIS/EFM32GG/system_efm32gg.o
LOAD ./Drivers/hidkbd.o
LOAD ./Drivers/segmentlcd.o
LOAD ./emlib/em_assert.o
LOAD ./emlib/em_cmu.o
LOAD ./emlib/em_core.o
LOAD ./emlib/em_ebi.o
LOAD ./emlib/em_emu.o
LOAD ./emlib/em_gpio.o
LOAD ./emlib/em_lcd.o
LOAD ./emlib/em_system.o
LOAD ./emlib/em_timer.o
LOAD ./emlib/em_usart.o
LOAD ./emusb/em_usbd.o
LOAD ./emusb/em_usbdch9.o
LOAD ./emusb/em_usbdep.o
LOAD ./emusb/em_usbdint.o
LOAD ./emusb/em_usbhal.o
LOAD ./emusb/em_usbtimer.o
LOAD ./src/descriptors.o
LOAD ./src/fpga.o
LOAD ./src/gpio.o
LOAD ./src/interrupts.o
LOAD ./src/main.o
LOAD ./src/midi.o
LOAD ./src/spi_master.o
LOAD ./src/timer.o
START GROUP
LOAD /Applications/Simplicity Studio.app/Contents/Eclipse/developer/toolchains/gnu_arm/7.2_2017q4/bin/../lib/gcc/arm-none-eabi/7.2.1/thumb/v7-m/libgcc.a
LOAD /Applications/Simplicity Studio.app/Contents/Eclipse/developer/toolchains/gnu_arm/7.2_2017q4/bin/../lib/gcc/arm-none-eabi/7.2.1/../../../../arm-none-eabi/lib/thumb/v7-m/libc_nano.a
LOAD /Applications/Simplicity Studio.app/Contents/Eclipse/developer/toolchains/gnu_arm/7.2_2017q4/bin/../lib/gcc/arm-none-eabi/7.2.1/../../../../arm-none-eabi/lib/thumb/v7-m/libnosys.a
END GROUP
START GROUP
LOAD /Applications/Simplicity Studio.app/Contents/Eclipse/developer/toolchains/gnu_arm/7.2_2017q4/bin/../lib/gcc/arm-none-eabi/7.2.1/thumb/v7-m/libgcc.a
LOAD /Applications/Simplicity Studio.app/Contents/Eclipse/developer/toolchains/gnu_arm/7.2_2017q4/bin/../lib/gcc/arm-none-eabi/7.2.1/../../../../arm-none-eabi/lib/thumb/v7-m/libg_nano.a
LOAD /Applications/Simplicity Studio.app/Contents/Eclipse/developer/toolchains/gnu_arm/7.2_2017q4/bin/../lib/gcc/arm-none-eabi/7.2.1/../../../../arm-none-eabi/lib/thumb/v7-m/libc_nano.a
END GROUP
START GROUP
LOAD /Applications/Simplicity Studio.app/Contents/Eclipse/developer/toolchains/gnu_arm/7.2_2017q4/bin/../lib/gcc/arm-none-eabi/7.2.1/thumb/v7-m/libgcc.a
LOAD /Applications/Simplicity Studio.app/Contents/Eclipse/developer/toolchains/gnu_arm/7.2_2017q4/bin/../lib/gcc/arm-none-eabi/7.2.1/../../../../arm-none-eabi/lib/thumb/v7-m/libc_nano.a
END GROUP
LOAD /Applications/Simplicity Studio.app/Contents/Eclipse/developer/toolchains/gnu_arm/7.2_2017q4/bin/../lib/gcc/arm-none-eabi/7.2.1/thumb/v7-m/crtend.o
LOAD /Applications/Simplicity Studio.app/Contents/Eclipse/developer/toolchains/gnu_arm/7.2_2017q4/bin/../lib/gcc/arm-none-eabi/7.2.1/thumb/v7-m/crtn.o

.text           0x0000000000000000     0x7f44
 *(.vectors)
 .vectors       0x0000000000000000       0xdc ./CMSIS/EFM32GG/startup_gcc_efm32gg.o
                0x0000000000000000                __Vectors
                0x00000000000000dc                __Vectors_End = .
                0x00000000000000dc                __Vectors_Size = (__Vectors_End - __Vectors)
                0x00000000000000dc                __end__ = .
 *(.text*)
 .text          0x00000000000000dc       0x40 /Applications/Simplicity Studio.app/Contents/Eclipse/developer/toolchains/gnu_arm/7.2_2017q4/bin/../lib/gcc/arm-none-eabi/7.2.1/thumb/v7-m/crtbegin.o
 .text          0x000000000000011c       0x74 /Applications/Simplicity Studio.app/Contents/Eclipse/developer/toolchains/gnu_arm/7.2_2017q4/bin/../lib/gcc/arm-none-eabi/7.2.1/../../../../arm-none-eabi/lib/thumb/v7-m/crt0.o
                0x000000000000011c                _mainCRTStartup
                0x000000000000011c                _start
 .text.GPIO_PinOutToggle
                0x0000000000000190       0x98 ./BSP/bsp_stk_leds.o
 .text.BSP_LedToggle
                0x0000000000000228       0x40 ./BSP/bsp_stk_leds.o
                0x0000000000000228                BSP_LedToggle
 .text.BSP_TraceProfilerSetup
                0x0000000000000268      0x118 ./BSP/bsp_trace.o
                0x0000000000000268                BSP_TraceProfilerSetup
 .text          0x0000000000000380       0x30 ./CMSIS/EFM32GG/startup_gcc_efm32gg.o
                0x0000000000000380                Reset_Handler
                0x00000000000003ac                DebugMon_Handler
                0x00000000000003ac                USART0_TX_IRQHandler
                0x00000000000003ac                I2C0_IRQHandler
                0x00000000000003ac                HardFault_Handler
                0x00000000000003ac                LEUART1_IRQHandler
                0x00000000000003ac                SysTick_Handler
                0x00000000000003ac                USART1_RX_IRQHandler
                0x00000000000003ac                PendSV_Handler
                0x00000000000003ac                NMI_Handler
                0x00000000000003ac                I2C1_IRQHandler
                0x00000000000003ac                TIMER3_IRQHandler
                0x00000000000003ac                USART1_TX_IRQHandler
                0x00000000000003ac                MSC_IRQHandler
                0x00000000000003ac                ADC0_IRQHandler
                0x00000000000003ac                UsageFault_Handler
                0x00000000000003ac                LEUART0_IRQHandler
                0x00000000000003ac                UART0_TX_IRQHandler
                0x00000000000003ac                UART1_TX_IRQHandler
                0x00000000000003ac                RTC_IRQHandler
                0x00000000000003ac                LCD_IRQHandler
                0x00000000000003ac                PCNT2_IRQHandler
                0x00000000000003ac                UART0_RX_IRQHandler
                0x00000000000003ac                LETIMER0_IRQHandler
                0x00000000000003ac                USART2_RX_IRQHandler
                0x00000000000003ac                Default_Handler
                0x00000000000003ac                EMU_IRQHandler
                0x00000000000003ac                PCNT0_IRQHandler
                0x00000000000003ac                sl_app_properties
                0x00000000000003ac                BURTC_IRQHandler
                0x00000000000003ac                PCNT1_IRQHandler
                0x00000000000003ac                ACMP0_IRQHandler
                0x00000000000003ac                USART0_RX_IRQHandler
                0x00000000000003ac                MemManage_Handler
                0x00000000000003ac                SVC_Handler
                0x00000000000003ac                DAC0_IRQHandler
                0x00000000000003ac                UART1_RX_IRQHandler
                0x00000000000003ac                CMU_IRQHandler
                0x00000000000003ac                EBI_IRQHandler
                0x00000000000003ac                LESENSE_IRQHandler
                0x00000000000003ac                AES_IRQHandler
                0x00000000000003ac                VCMP_IRQHandler
                0x00000000000003ac                DMA_IRQHandler
                0x00000000000003ac                BusFault_Handler
                0x00000000000003ac                TIMER2_IRQHandler
                0x00000000000003ac                USART2_TX_IRQHandler
 .text.GetProdRev
                0x00000000000003b0       0x18 ./CMSIS/EFM32GG/system_efm32gg.o
 .text.SystemCoreClockGet
                0x00000000000003c8       0x34 ./CMSIS/EFM32GG/system_efm32gg.o
                0x00000000000003c8                SystemCoreClockGet
 .text.SystemMaxCoreClockGet
                0x00000000000003fc       0x14 ./CMSIS/EFM32GG/system_efm32gg.o
                0x00000000000003fc                SystemMaxCoreClockGet
 .text.SystemHFClockGet
                0x0000000000000410      0x100 ./CMSIS/EFM32GG/system_efm32gg.o
                0x0000000000000410                SystemHFClockGet
 .text.SystemHFXOClockGet
                0x0000000000000510       0x14 ./CMSIS/EFM32GG/system_efm32gg.o
                0x0000000000000510                SystemHFXOClockGet
 .text.SystemInit
                0x0000000000000524       0x1c ./CMSIS/EFM32GG/system_efm32gg.o
                0x0000000000000524                SystemInit
 .text.SystemLFRCOClockGet
                0x0000000000000540       0x10 ./CMSIS/EFM32GG/system_efm32gg.o
                0x0000000000000540                SystemLFRCOClockGet
 .text.SystemULFRCOClockGet
                0x0000000000000550       0x10 ./CMSIS/EFM32GG/system_efm32gg.o
                0x0000000000000550                SystemULFRCOClockGet
 .text.SystemLFXOClockGet
                0x0000000000000560       0x14 ./CMSIS/EFM32GG/system_efm32gg.o
                0x0000000000000560                SystemLFXOClockGet
 .text.IdleTimeout
                0x0000000000000574       0x48 ./Drivers/hidkbd.o
 .text.OutputReportReceived
                0x00000000000005bc       0x44 ./Drivers/hidkbd.o
 .text.HIDKBD_Init
                0x0000000000000600       0x44 ./Drivers/hidkbd.o
                0x0000000000000600                HIDKBD_Init
 .text.HIDKBD_KeyboardEvent
                0x0000000000000644       0x4c ./Drivers/hidkbd.o
                0x0000000000000644                HIDKBD_KeyboardEvent
 .text.HIDKBD_SetupCmd
                0x0000000000000690      0x28c ./Drivers/hidkbd.o
                0x0000000000000690                HIDKBD_SetupCmd
 .text.HIDKBD_StateChangeEvent
                0x000000000000091c       0x70 ./Drivers/hidkbd.o
                0x000000000000091c                HIDKBD_StateChangeEvent
 .text.QueueEmpty
                0x000000000000098c       0x24 ./Drivers/hidkbd.o
 .text.QueueFull
                0x00000000000009b0       0x24 ./Drivers/hidkbd.o
 .text.QueueGet
                0x00000000000009d4       0x58 ./Drivers/hidkbd.o
 .text.QueueInit
                0x0000000000000a2c       0x1c ./Drivers/hidkbd.o
 .text.QueuePut
                0x0000000000000a48       0x58 ./Drivers/hidkbd.o
 .text.LCD_FreezeEnable
                0x0000000000000aa0       0x2c ./Drivers/segmentlcd.o
 .text.LCD_SyncBusyDelay
                0x0000000000000acc       0x24 ./Drivers/segmentlcd.o
 .text.LCD_IntDisable
                0x0000000000000af0       0x24 ./Drivers/segmentlcd.o
 .text.SegmentLCD_AllOff
                0x0000000000000b14       0xac ./Drivers/segmentlcd.o
                0x0000000000000b14                SegmentLCD_AllOff
 .text.SegmentLCD_AlphaNumberOff
                0x0000000000000bc0       0xa8 ./Drivers/segmentlcd.o
                0x0000000000000bc0                SegmentLCD_AlphaNumberOff
 .text.SegmentLCD_Init
                0x0000000000000c68       0xb8 ./Drivers/segmentlcd.o
                0x0000000000000c68                SegmentLCD_Init
 .text.SegmentLCD_Symbol
                0x0000000000000d20      0x118 ./Drivers/segmentlcd.o
                0x0000000000000d20                SegmentLCD_Symbol
 .text.SegmentLCD_Write
                0x0000000000000e38       0xd8 ./Drivers/segmentlcd.o
                0x0000000000000e38                SegmentLCD_Write
 .text.BUS_RegBitWrite
                0x0000000000000f10       0x2c ./emlib/em_cmu.o
 .text.BUS_RegBitRead
                0x0000000000000f3c       0x28 ./emlib/em_cmu.o
 .text.CMU_DivToLog2
                0x0000000000000f64       0x3c ./emlib/em_cmu.o
 .text.SYSTEM_GetProdRev
                0x0000000000000fa0       0x18 ./emlib/em_cmu.o
 .text.SYSTEM_GetFamily
                0x0000000000000fb8       0x18 ./emlib/em_cmu.o
 .text.maxFreqHfle
                0x0000000000000fd0       0x88 ./emlib/em_cmu.o
 .text.setHfLeConfig
                0x0000000000001058       0x64 ./emlib/em_cmu.o
 .text.getHfLeConfig
                0x00000000000010bc       0x20 ./emlib/em_cmu.o
 .text.auxClkGet
                0x00000000000010dc       0xc0 ./emlib/em_cmu.o
 .text.dbgClkGet
                0x000000000000119c       0x4c ./emlib/em_cmu.o
 .text.flashWaitStateControl
                0x00000000000011e8       0x98 ./emlib/em_cmu.o
 .text.flashWaitStateMax
                0x0000000000001280       0x44 ./emlib/em_cmu.o
 .text.CMU_UpdateWaitStates
                0x00000000000012c4       0x40 ./emlib/em_cmu.o
                0x00000000000012c4                CMU_UpdateWaitStates
 .text.lfClkGet
                0x0000000000001304      0x10c ./emlib/em_cmu.o
 .text.syncReg  0x0000000000001410       0x34 ./emlib/em_cmu.o
 .text.usbCClkGet
                0x0000000000001444       0x4c ./emlib/em_cmu.o
 .text.hfperClkSafePrescaler
                0x0000000000001490        0xc ./emlib/em_cmu.o
 .text.hfperClkOptimizedPrescaler
                0x000000000000149c        0xc ./emlib/em_cmu.o
 .text.CMU_ClockDivSet
                0x00000000000014a8      0x2d0 ./emlib/em_cmu.o
                0x00000000000014a8                CMU_ClockDivSet
 .text.CMU_ClockEnable
                0x0000000000001778       0xdc ./emlib/em_cmu.o
                0x0000000000001778                CMU_ClockEnable
 .text.CMU_ClockFreqGet
                0x0000000000001854      0x1e4 ./emlib/em_cmu.o
                0x0000000000001854                CMU_ClockFreqGet
 .text.CMU_ClockSelectGet
                0x0000000000001a38      0x168 ./emlib/em_cmu.o
                0x0000000000001a38                CMU_ClockSelectGet
 .text.CMU_ClockSelectSet
                0x0000000000001ba0      0x2e0 ./emlib/em_cmu.o
                0x0000000000001ba0                CMU_ClockSelectSet
 .text.CMU_LCDClkFDIVSet
                0x0000000000001e80       0x50 ./emlib/em_cmu.o
                0x0000000000001e80                CMU_LCDClkFDIVSet
 .text.CMU_OscillatorEnable
                0x0000000000001ed0       0xc8 ./emlib/em_cmu.o
                0x0000000000001ed0                CMU_OscillatorEnable
 .text.CORE_AtomicDisableIrq
                0x0000000000001f98        0xe ./emlib/em_core.o
                0x0000000000001f98                CORE_AtomicDisableIrq
 .text.CORE_AtomicEnableIrq
                0x0000000000001fa6        0xe ./emlib/em_core.o
                0x0000000000001fa6                CORE_AtomicEnableIrq
 .text.CORE_EnterAtomic
                0x0000000000001fb4       0x1e ./emlib/em_core.o
                0x0000000000001fb4                CORE_EnterAtomic
 .text.CORE_ExitAtomic
                0x0000000000001fd2       0x1a ./emlib/em_core.o
                0x0000000000001fd2                CORE_ExitAtomic
 .text.GPIO_PinOutClear
                0x0000000000001fec       0x98 ./emlib/em_gpio.o
 .text.GPIO_PinOutSet
                0x0000000000002084       0x98 ./emlib/em_gpio.o
 .text.GPIO_PinModeSet
                0x000000000000211c      0x15c ./emlib/em_gpio.o
                0x000000000000211c                GPIO_PinModeSet
 .text.LCD_Enable
                0x0000000000002278       0x38 ./emlib/em_lcd.o
 .text.BUS_RegBitWrite
                0x00000000000022b0       0x2c ./emlib/em_lcd.o
 .text.LCD_Init
                0x00000000000022dc       0x8c ./emlib/em_lcd.o
                0x00000000000022dc                LCD_Init
 .text.LCD_VLCDSelect
                0x0000000000002368       0x44 ./emlib/em_lcd.o
                0x0000000000002368                LCD_VLCDSelect
 .text.LCD_SegmentRangeEnable
                0x00000000000023ac       0x40 ./emlib/em_lcd.o
                0x00000000000023ac                LCD_SegmentRangeEnable
 .text.LCD_SegmentSet
                0x00000000000023ec      0x1f4 ./emlib/em_lcd.o
                0x00000000000023ec                LCD_SegmentSet
 .text.LCD_SegmentSetLow
                0x00000000000025e0      0x198 ./emlib/em_lcd.o
                0x00000000000025e0                LCD_SegmentSetLow
 .text.LCD_SegmentSetHigh
                0x0000000000002778      0x190 ./emlib/em_lcd.o
                0x0000000000002778                LCD_SegmentSetHigh
 .text.LCD_VBoostSet
                0x0000000000002908       0x28 ./emlib/em_lcd.o
                0x0000000000002908                LCD_VBoostSet
 .text.SYSTEM_ChipRevisionGet
                0x0000000000002930       0x88 ./emlib/em_system.o
                0x0000000000002930                SYSTEM_ChipRevisionGet
 .text.TIMER_Valid
                0x00000000000029b8       0x50 ./emlib/em_timer.o
 .text.TIMER_Init
                0x0000000000002a08       0xfc ./emlib/em_timer.o
                0x0000000000002a08                TIMER_Init
 .text.TIMER_InitCC
                0x0000000000002b04       0xc0 ./emlib/em_timer.o
                0x0000000000002b04                TIMER_InitCC
 .text.__NVIC_EnableIRQ
                0x0000000000002bc4       0x38 ./emusb/em_usbd.o
 .text.__NVIC_ClearPendingIRQ
                0x0000000000002bfc       0x3c ./emusb/em_usbd.o
 .text.USBHAL_DisableGlobalInt
                0x0000000000002c38       0x28 ./emusb/em_usbd.o
 .text.USBHAL_EnableGlobalInt
                0x0000000000002c60       0x28 ./emusb/em_usbd.o
 .text.USBHAL_VbusIsOn
                0x0000000000002c88       0x24 ./emusb/em_usbd.o
 .text.USBDHAL_EnableUsbResetAndSuspendInt
                0x0000000000002cac       0x2c ./emusb/em_usbd.o
 .text.USBDHAL_EpIsStalled
                0x0000000000002cd8       0x38 ./emusb/em_usbd.o
 .text.USBDHAL_GetStallStatusEp
                0x0000000000002d10       0xa4 ./emusb/em_usbd.o
 .text.USBDHAL_SetEp0InDmaPtr
                0x0000000000002db4       0x24 ./emusb/em_usbd.o
 .text.USBDHAL_SetEp0OutDmaPtr
                0x0000000000002dd8       0x24 ./emusb/em_usbd.o
 .text.USBDHAL_StartEp0In
                0x0000000000002dfc       0x50 ./emusb/em_usbd.o
 .text.USBDHAL_StartEp0Out
                0x0000000000002e4c       0x50 ./emusb/em_usbd.o
 .text.USBDHAL_StartEpIn
                0x0000000000002e9c       0xa8 ./emusb/em_usbd.o
 .text.USBDHAL_StartEpOut
                0x0000000000002f44       0xb8 ./emusb/em_usbd.o
 .text.USBD_ArmEp
                0x0000000000002ffc       0x26 ./emusb/em_usbd.o
 *fill*         0x0000000000003022        0x2 
 .text.USBD_ArmEp0
                0x0000000000003024       0x7c ./emusb/em_usbd.o
 .text.USBD_ArmEpN
                0x00000000000030a0       0x26 ./emusb/em_usbd.o
 *fill*         0x00000000000030c6        0x2 
 .text.USBD_GetEpFromAddr
                0x00000000000030c8       0x7c ./emusb/em_usbd.o
 .text.USBD_GetUsbState
                0x0000000000003144       0x18 ./emusb/em_usbd.o
                0x0000000000003144                USBD_GetUsbState
 .text.USBD_Init
                0x000000000000315c      0x480 ./emusb/em_usbd.o
                0x000000000000315c                USBD_Init
 .text.USBD_Read
                0x00000000000035dc      0x130 ./emusb/em_usbd.o
                0x00000000000035dc                USBD_Read
 .text.USBD_SetUsbState
                0x000000000000370c       0x70 ./emusb/em_usbd.o
                0x000000000000370c                USBD_SetUsbState
 .text.USBD_Write
                0x000000000000377c      0x134 ./emusb/em_usbd.o
                0x000000000000377c                USBD_Write
 .text.USBDHAL_ActivateEp
                0x00000000000038b0      0x114 ./emusb/em_usbdch9.o
 .text.USBDHAL_DeactivateEp
                0x00000000000039c4       0x6c ./emusb/em_usbdch9.o
 .text.USBDHAL_GetStallStatusEp
                0x0000000000003a30       0xa4 ./emusb/em_usbdch9.o
 .text.USBDHAL_SetAddr
                0x0000000000003ad4       0x34 ./emusb/em_usbdch9.o
 .text.USBDHAL_StallEp
                0x0000000000003b08       0xac ./emusb/em_usbdch9.o
 .text.USBDHAL_UnStallEp
                0x0000000000003bb4       0xc4 ./emusb/em_usbdch9.o
 .text.USBD_ActivateAllEps
                0x0000000000003c78       0x48 ./emusb/em_usbdch9.o
 .text.USBD_DeactivateAllEps
                0x0000000000003cc0       0x58 ./emusb/em_usbdch9.o
 .text.USBD_GetEpFromAddr
                0x0000000000003d18       0x7c ./emusb/em_usbdch9.o
 .text.USBDCH9_SetupCmd
                0x0000000000003d94       0xf0 ./emusb/em_usbdch9.o
                0x0000000000003d94                USBDCH9_SetupCmd
 .text.ClearFeature
                0x0000000000003e84       0xc4 ./emusb/em_usbdch9.o
 .text.GetConfiguration
                0x0000000000003f48       0xa4 ./emusb/em_usbdch9.o
 .text.GetDescriptor
                0x0000000000003fec       0xfa ./emusb/em_usbdch9.o
 *fill*         0x00000000000040e6        0x2 
 .text.GetInterface
                0x00000000000040e8       0x8c ./emusb/em_usbdch9.o
 .text.GetStatus
                0x0000000000004174      0x19c ./emusb/em_usbdch9.o
 .text.SetAddress
                0x0000000000004310       0xaa ./emusb/em_usbdch9.o
 .text.SetConfiguration
                0x00000000000043ba      0x100 ./emusb/em_usbdch9.o
 .text.SetFeature
                0x00000000000044ba       0xf6 ./emusb/em_usbdch9.o
 .text.SetInterface
                0x00000000000045b0       0x64 ./emusb/em_usbdch9.o
 .text.USBDHAL_ReenableEp0Setup
                0x0000000000004614       0x50 ./emusb/em_usbdep.o
 .text.USBDHAL_StallEp
                0x0000000000004664       0xac ./emusb/em_usbdep.o
 .text.USBDHAL_StartEp0In
                0x0000000000004710       0x50 ./emusb/em_usbdep.o
 .text.USBDHAL_StartEp0Out
                0x0000000000004760       0x50 ./emusb/em_usbdep.o
 .text.USBD_GetEpFromAddr
                0x00000000000047b0       0x7c ./emusb/em_usbdep.o
 .text.USBD_ReArmEp0
                0x000000000000482c       0x5c ./emusb/em_usbdep.o
 .text.USBDEP_Ep0Handler
                0x0000000000004888      0x264 ./emusb/em_usbdep.o
                0x0000000000004888                USBDEP_Ep0Handler
 .text.USBDEP_EpHandler
                0x0000000000004aec       0x6c ./emusb/em_usbdep.o
                0x0000000000004aec                USBDEP_EpHandler
 .text.USBHAL_FlushTxFifo
                0x0000000000004b58       0x40 ./emusb/em_usbdint.o
 .text.USBHAL_GetCoreInts
                0x0000000000004b98       0x34 ./emusb/em_usbdint.o
 .text.USBDHAL_EnableInts
                0x0000000000004bcc       0x58 ./emusb/em_usbdint.o
 .text.USBDHAL_EnableUsbResetAndSuspendInt
                0x0000000000004c24       0x2c ./emusb/em_usbdint.o
 .text.USBDHAL_Ep0Activate
                0x0000000000004c50       0x58 ./emusb/em_usbdint.o
 .text.USBDHAL_GetAllInEpInts
                0x0000000000004ca8       0x34 ./emusb/em_usbdint.o
 .text.USBDHAL_GetAllOutEpInts
                0x0000000000004cdc       0x34 ./emusb/em_usbdint.o
 .text.USBDHAL_GetInEpInts
                0x0000000000004d10       0x3c ./emusb/em_usbdint.o
 .text.USBDHAL_GetOutEpInts
                0x0000000000004d4c       0x3c ./emusb/em_usbdint.o
 .text.USBDHAL_StartEp0Setup
                0x0000000000004d88       0x70 ./emusb/em_usbdint.o
 .text.USBD_GetEpFromAddr
                0x0000000000004df8       0x7c ./emusb/em_usbdint.o
 .text.USB_IRQHandler
                0x0000000000004e74      0x1b8 ./emusb/em_usbdint.o
                0x0000000000004e74                USB_IRQHandler
 .text.Handle_USB_GINTSTS_ENUMDONE
                0x000000000000502c       0x34 ./emusb/em_usbdint.o
 .text.Handle_USB_GINTSTS_IEPINT
                0x0000000000005060      0x110 ./emusb/em_usbdint.o
 .text.Handle_USB_GINTSTS_OEPINT
                0x0000000000005170       0x9c ./emusb/em_usbdint.o
 .text.ProcessOepData
                0x000000000000520c       0x9c ./emusb/em_usbdint.o
 .text.ProcessSetup
                0x00000000000052a8       0xcc ./emusb/em_usbdint.o
 .text.Handle_USB_GINTSTS_RESETDET
                0x0000000000005374       0x70 ./emusb/em_usbdint.o
 .text.Handle_USB_GINTSTS_SOF
                0x00000000000053e4       0x48 ./emusb/em_usbdint.o
 .text.Handle_USB_GINTSTS_USBRST
                0x000000000000542c       0xf4 ./emusb/em_usbdint.o
 .text.Handle_USB_GINTSTS_USBSUSP
                0x0000000000005520       0x64 ./emusb/em_usbdint.o
 .text.Handle_USB_GINTSTS_WKUPINT
                0x0000000000005584       0x70 ./emusb/em_usbdint.o
 .text.UsbPowerDown
                0x00000000000055f4      0x2ac ./emusb/em_usbdint.o
 .text.UsbPowerUp
                0x00000000000058a0      0x1ac ./emusb/em_usbdint.o
 .text.RestoreEpCtrlRegisters
                0x0000000000005a4c      0x140 ./emusb/em_usbdint.o
 .text.__NVIC_ClearPendingIRQ
                0x0000000000005b8c       0x3c ./emusb/em_usbhal.o
 .text.USBHAL_FlushRxFifo
                0x0000000000005bc8       0x30 ./emusb/em_usbhal.o
 .text.USBHAL_FlushTxFifo
                0x0000000000005bf8       0x40 ./emusb/em_usbhal.o
 .text.USBDHAL_DeactivateEp
                0x0000000000005c38       0x6c ./emusb/em_usbhal.o
 .text.USBDHAL_GetInEpInts
                0x0000000000005ca4       0x3c ./emusb/em_usbhal.o
 .text.USBDHAL_GetOutEpInts
                0x0000000000005ce0       0x3c ./emusb/em_usbhal.o
 .text.USBDHAL_SetEPDISNAK
                0x0000000000005d1c       0x84 ./emusb/em_usbhal.o
 .text.USBD_GetEpFromAddr
                0x0000000000005da0       0x7c ./emusb/em_usbhal.o
 .text.PrintI   0x0000000000005e1c       0x12 ./emusb/em_usbhal.o
 .text.assertEFM
                0x0000000000005e2e       0x12 ./emusb/em_usbhal.o
                0x0000000000005e2e                assertEFM
 .text.USBHAL_CoreReset
                0x0000000000005e40       0x88 ./emusb/em_usbhal.o
                0x0000000000005e40                USBHAL_CoreReset
 .text.USBDHAL_CoreInit
                0x0000000000005ec8      0x2e8 ./emusb/em_usbhal.o
                0x0000000000005ec8                USBDHAL_CoreInit
 .text.USBDHAL_AbortAllEps
                0x00000000000061b0      0x3f0 ./emusb/em_usbhal.o
                0x00000000000061b0                USBDHAL_AbortAllEps
 .text.USBDHAL_AbortAllTransfers
                0x00000000000065a0       0xa8 ./emusb/em_usbhal.o
                0x00000000000065a0                USBDHAL_AbortAllTransfers
 .text.__NVIC_EnableIRQ
                0x0000000000006648       0x38 ./emusb/em_usbtimer.o
 .text.__NVIC_ClearPendingIRQ
                0x0000000000006680       0x3c ./emusb/em_usbtimer.o
 .text.TIMER_MaxCount
                0x00000000000066bc       0x16 ./emusb/em_usbtimer.o
 .text.TIMER_CaptureGet
                0x00000000000066d2       0x22 ./emusb/em_usbtimer.o
 .text.TIMER_CompareSet
                0x00000000000066f4       0x40 ./emusb/em_usbtimer.o
 .text.TIMER_CounterGet
                0x0000000000006734       0x16 ./emusb/em_usbtimer.o
 .text.TIMER_IntClear
                0x000000000000674a       0x1a ./emusb/em_usbtimer.o
 .text.TIMER_IntEnable
                0x0000000000006764       0x20 ./emusb/em_usbtimer.o
 .text.TIMER_IntGet
                0x0000000000006784       0x16 ./emusb/em_usbtimer.o
 *fill*         0x000000000000679a        0x2 
 .text.TIMER_TopSet
                0x000000000000679c       0x34 ./emusb/em_usbtimer.o
 .text.TIMER0_IRQHandler
                0x00000000000067d0       0x58 ./emusb/em_usbtimer.o
                0x00000000000067d0                TIMER0_IRQHandler
 .text.DelayTicks
                0x0000000000006828       0x44 ./emusb/em_usbtimer.o
 .text.USBTIMER_DelayMs
                0x000000000000686c       0x7c ./emusb/em_usbtimer.o
                0x000000000000686c                USBTIMER_DelayMs
 .text.USBTIMER_DelayUs
                0x00000000000068e8      0x104 ./emusb/em_usbtimer.o
                0x00000000000068e8                USBTIMER_DelayUs
 .text.USBTIMER_Init
                0x00000000000069ec      0x114 ./emusb/em_usbtimer.o
                0x00000000000069ec                USBTIMER_Init
 .text.USBTIMER_Start
                0x0000000000006b00      0x148 ./emusb/em_usbtimer.o
                0x0000000000006b00                USBTIMER_Start
 .text.USBTIMER_Stop
                0x0000000000006c48       0x90 ./emusb/em_usbtimer.o
                0x0000000000006c48                USBTIMER_Stop
 .text.TimerTick
                0x0000000000006cd8       0x70 ./emusb/em_usbtimer.o
 .text.BUS_RegBitRead
                0x0000000000006d48       0x28 ./src/gpio.o
 .text.GPIO_PinInGet
                0x0000000000006d70       0x98 ./src/gpio.o
 .text.led      0x0000000000006e08        0xe ./src/gpio.o
                0x0000000000006e08                led
 .text.handleButtons
                0x0000000000006e16      0x176 ./src/gpio.o
                0x0000000000006e16                handleButtons
 .text.GPIO_EVEN_IRQHandler
                0x0000000000006f8c       0x34 ./src/interrupts.o
                0x0000000000006f8c                GPIO_EVEN_IRQHandler
 .text.GPIO_ODD_IRQHandler
                0x0000000000006fc0       0x34 ./src/interrupts.o
                0x0000000000006fc0                GPIO_ODD_IRQHandler
 .text.TIMER1_IRQHandler
                0x0000000000006ff4       0x16 ./src/interrupts.o
                0x0000000000006ff4                TIMER1_IRQHandler
 .text.BUS_RegBitRead
                0x000000000000700a       0x28 ./src/main.o
 *fill*         0x0000000000007032        0x2 
 .text.SYSTEM_GetProdRev
                0x0000000000007034       0x18 ./src/main.o
 .text.GPIO_PinInGet
                0x000000000000704c       0x98 ./src/main.o
 .text.GPIO_PinOutClear
                0x00000000000070e4       0x98 ./src/main.o
 .text.GPIO_PinOutSet
                0x000000000000717c       0x98 ./src/main.o
 .text.GPIO_PinOutToggle
                0x0000000000007214       0x98 ./src/main.o
 .text.CHIP_Init
                0x00000000000072ac       0x48 ./src/main.o
 .text.main     0x00000000000072f4       0x78 ./src/main.o
                0x00000000000072f4                main
 .text.ScanTimeout
                0x000000000000736c       0xb8 ./src/main.o
 .text.StateChange
                0x0000000000007424       0x8c ./src/main.o
 .text.exit     0x00000000000074b0       0x28 /Applications/Simplicity Studio.app/Contents/Eclipse/developer/toolchains/gnu_arm/7.2_2017q4/bin/../lib/gcc/arm-none-eabi/7.2.1/../../../../arm-none-eabi/lib/thumb/v7-m/libc_nano.a(lib_a-exit.o)
                0x00000000000074b0                exit
 .text.__libc_init_array
                0x00000000000074d8       0x48 /Applications/Simplicity Studio.app/Contents/Eclipse/developer/toolchains/gnu_arm/7.2_2017q4/bin/../lib/gcc/arm-none-eabi/7.2.1/../../../../arm-none-eabi/lib/thumb/v7-m/libc_nano.a(lib_a-init.o)
                0x00000000000074d8                __libc_init_array
 .text.memcpy   0x0000000000007520       0x16 /Applications/Simplicity Studio.app/Contents/Eclipse/developer/toolchains/gnu_arm/7.2_2017q4/bin/../lib/gcc/arm-none-eabi/7.2.1/../../../../arm-none-eabi/lib/thumb/v7-m/libc_nano.a(lib_a-memcpy-stub.o)
                0x0000000000007520                memcpy
 .text.memset   0x0000000000007536       0x10 /Applications/Simplicity Studio.app/Contents/Eclipse/developer/toolchains/gnu_arm/7.2_2017q4/bin/../lib/gcc/arm-none-eabi/7.2.1/../../../../arm-none-eabi/lib/thumb/v7-m/libc_nano.a(lib_a-memset.o)
                0x0000000000007536                memset
 .text          0x0000000000007546       0x10 /Applications/Simplicity Studio.app/Contents/Eclipse/developer/toolchains/gnu_arm/7.2_2017q4/bin/../lib/gcc/arm-none-eabi/7.2.1/../../../../arm-none-eabi/lib/thumb/v7-m/libc_nano.a(lib_a-strlen.o)
                0x0000000000007546                strlen
 *fill*         0x0000000000007556        0x2 
 .text._exit    0x0000000000007558        0x4 /Applications/Simplicity Studio.app/Contents/Eclipse/developer/toolchains/gnu_arm/7.2_2017q4/bin/../lib/gcc/arm-none-eabi/7.2.1/../../../../arm-none-eabi/lib/thumb/v7-m/libnosys.a(_exit.o)
                0x0000000000007558                _exit
 *(.init)
 .init          0x000000000000755c        0x4 /Applications/Simplicity Studio.app/Contents/Eclipse/developer/toolchains/gnu_arm/7.2_2017q4/bin/../lib/gcc/arm-none-eabi/7.2.1/thumb/v7-m/crti.o
                0x000000000000755c                _init
 .init          0x0000000000007560        0x8 /Applications/Simplicity Studio.app/Contents/Eclipse/developer/toolchains/gnu_arm/7.2_2017q4/bin/../lib/gcc/arm-none-eabi/7.2.1/thumb/v7-m/crtn.o
 *(.fini)
 .fini          0x0000000000007568        0x4 /Applications/Simplicity Studio.app/Contents/Eclipse/developer/toolchains/gnu_arm/7.2_2017q4/bin/../lib/gcc/arm-none-eabi/7.2.1/thumb/v7-m/crti.o
                0x0000000000007568                _fini
 .fini          0x000000000000756c        0x8 /Applications/Simplicity Studio.app/Contents/Eclipse/developer/toolchains/gnu_arm/7.2_2017q4/bin/../lib/gcc/arm-none-eabi/7.2.1/thumb/v7-m/crtn.o
 *crtbegin.o(.ctors)
 *crtbegin?.o(.ctors)
 *(EXCLUDE_FILE(*crtend.o *crtend?.o) .ctors)
 *(SORT_BY_NAME(.ctors.*))
 *(.ctors)
 *crtbegin.o(.dtors)
 *crtbegin?.o(.dtors)
 *(EXCLUDE_FILE(*crtend.o *crtend?.o) .dtors)
 *(SORT_BY_NAME(.dtors.*))
 *(.dtors)
 *(.rodata*)
 .rodata        0x0000000000007574       0x77 ./BSP/bsp_stk_leds.o
 *fill*         0x00000000000075eb        0x1 
 .rodata.ledArray
                0x00000000000075ec       0x10 ./BSP/bsp_stk_leds.o
 .rodata.HIDKBD_ReportDescriptor
                0x00000000000075fc       0x45 ./Drivers/hidkbd.o
                0x00000000000075fc                HIDKBD_ReportDescriptor
 *fill*         0x0000000000007641        0x3 
 .rodata.EFM_Display
                0x0000000000007644      0x1fe ./Drivers/segmentlcd.o
 *fill*         0x0000000000007842        0x2 
 .rodata.Segment_Alphabet
                0x0000000000007844       0xb8 ./Drivers/segmentlcd.o
 .rodata.lcdInit
                0x00000000000078fc       0x14 ./Drivers/segmentlcd.o
 .rodata        0x0000000000007910      0x106 ./emlib/em_cmu.o
 *fill*         0x0000000000007a16        0x2 
 .rodata        0x0000000000007a18       0x8b ./emlib/em_gpio.o
 *fill*         0x0000000000007aa3        0x1 
 .rodata        0x0000000000007aa4       0x12 ./emlib/em_lcd.o
 *fill*         0x0000000000007ab6        0x2 
 .rodata        0x0000000000007ab8       0x15 ./emlib/em_system.o
 *fill*         0x0000000000007acd        0x3 
 .rodata        0x0000000000007ad0       0x8c ./emlib/em_timer.o
 .rodata        0x0000000000007b5c       0x73 ./emusb/em_usbd.o
 *fill*         0x0000000000007bcf        0x1 
 .rodata        0x0000000000007bd0       0x15 ./emusb/em_usbdep.o
 *fill*         0x0000000000007be5        0x3 
 .rodata        0x0000000000007be8       0x78 ./emusb/em_usbtimer.o
 .rodata.USBDESC_deviceDesc
                0x0000000000007c60       0x12 ./src/descriptors.o
                0x0000000000007c60                USBDESC_deviceDesc
 *fill*         0x0000000000007c72        0x2 
 .rodata.USBDESC_configDesc
                0x0000000000007c74       0x22 ./src/descriptors.o
                0x0000000000007c74                USBDESC_configDesc
 *fill*         0x0000000000007c96        0x2 
 .rodata.langID
                0x0000000000007c98        0x4 ./src/descriptors.o
 .rodata.iManufacturer
                0x0000000000007c9c       0x36 ./src/descriptors.o
 *fill*         0x0000000000007cd2        0x2 
 .rodata.iProduct
                0x0000000000007cd4       0x30 ./src/descriptors.o
 .rodata.iSerialNumber
                0x0000000000007d04       0x1c ./src/descriptors.o
 .rodata.USBDESC_strings
                0x0000000000007d20       0x10 ./src/descriptors.o
                0x0000000000007d20                USBDESC_strings
 .rodata.USBDESC_bufferingMultiplier
                0x0000000000007d30        0x2 ./src/descriptors.o
                0x0000000000007d30                USBDESC_bufferingMultiplier
 *fill*         0x0000000000007d32        0x2 
 .rodata.USBDESC_noKeyReport
                0x0000000000007d34        0x8 ./src/descriptors.o
                0x0000000000007d34                USBDESC_noKeyReport
 .rodata.USBDESC_reportTable
                0x0000000000007d3c       0x78 ./src/descriptors.o
                0x0000000000007d3c                USBDESC_reportTable
 .rodata        0x0000000000007db4       0x77 ./src/gpio.o
 *fill*         0x0000000000007e2b        0x1 
 .rodata        0x0000000000007e2c       0x80 ./src/main.o
 .rodata.callbacks
                0x0000000000007eac       0x14 ./src/main.o
 .rodata.usbInitStruct
                0x0000000000007ec0       0x1c ./src/main.o
 .rodata._global_impure_ptr
                0x0000000000007edc        0x4 /Applications/Simplicity Studio.app/Contents/Eclipse/developer/toolchains/gnu_arm/7.2_2017q4/bin/../lib/gcc/arm-none-eabi/7.2.1/../../../../arm-none-eabi/lib/thumb/v7-m/libc_nano.a(lib_a-impure.o)
                0x0000000000007edc                _global_impure_ptr
 .rodata.__sf_fake_stderr
                0x0000000000007ee0       0x20 /Applications/Simplicity Studio.app/Contents/Eclipse/developer/toolchains/gnu_arm/7.2_2017q4/bin/../lib/gcc/arm-none-eabi/7.2.1/../../../../arm-none-eabi/lib/thumb/v7-m/libc_nano.a(lib_a-findfp.o)
                0x0000000000007ee0                __sf_fake_stderr
 .rodata.__sf_fake_stdin
                0x0000000000007f00       0x20 /Applications/Simplicity Studio.app/Contents/Eclipse/developer/toolchains/gnu_arm/7.2_2017q4/bin/../lib/gcc/arm-none-eabi/7.2.1/../../../../arm-none-eabi/lib/thumb/v7-m/libc_nano.a(lib_a-findfp.o)
                0x0000000000007f00                __sf_fake_stdin
 .rodata.__sf_fake_stdout
                0x0000000000007f20       0x20 /Applications/Simplicity Studio.app/Contents/Eclipse/developer/toolchains/gnu_arm/7.2_2017q4/bin/../lib/gcc/arm-none-eabi/7.2.1/../../../../arm-none-eabi/lib/thumb/v7-m/libc_nano.a(lib_a-findfp.o)
                0x0000000000007f20                __sf_fake_stdout
 *(.eh_frame*)
 .eh_frame      0x0000000000007f40        0x0 /Applications/Simplicity Studio.app/Contents/Eclipse/developer/toolchains/gnu_arm/7.2_2017q4/bin/../lib/gcc/arm-none-eabi/7.2.1/thumb/v7-m/crtbegin.o
 .eh_frame      0x0000000000007f40        0x4 /Applications/Simplicity Studio.app/Contents/Eclipse/developer/toolchains/gnu_arm/7.2_2017q4/bin/../lib/gcc/arm-none-eabi/7.2.1/thumb/v7-m/crtend.o

.glue_7         0x0000000000007f44        0x0
 .glue_7        0x0000000000007f44        0x0 linker stubs

.glue_7t        0x0000000000007f44        0x0
 .glue_7t       0x0000000000007f44        0x0 linker stubs

.vfp11_veneer   0x0000000000007f44        0x0
 .vfp11_veneer  0x0000000000007f44        0x0 linker stubs

.v4_bx          0x0000000000007f44        0x0
 .v4_bx         0x0000000000007f44        0x0 linker stubs

.iplt           0x0000000000007f44        0x0
 .iplt          0x0000000000007f44        0x0 /Applications/Simplicity Studio.app/Contents/Eclipse/developer/toolchains/gnu_arm/7.2_2017q4/bin/../lib/gcc/arm-none-eabi/7.2.1/thumb/v7-m/crtbegin.o

.ARM.extab
 *(.ARM.extab* .gnu.linkonce.armextab.*)
                0x0000000000007f44                __exidx_start = .

.ARM.exidx      0x0000000000007f44        0x8
 *(.ARM.exidx* .gnu.linkonce.armexidx.*)
 .ARM.exidx     0x0000000000007f44        0x8 /Applications/Simplicity Studio.app/Contents/Eclipse/developer/toolchains/gnu_arm/7.2_2017q4/bin/../lib/gcc/arm-none-eabi/7.2.1/../../../../arm-none-eabi/lib/thumb/v7-m/crt0.o
                0x0000000000007f4c                __exidx_end = .
                0x0000000000007f4c                __etext = .

.rel.dyn        0x0000000000007f4c        0x0
 .rel.iplt      0x0000000000007f4c        0x0 /Applications/Simplicity Studio.app/Contents/Eclipse/developer/toolchains/gnu_arm/7.2_2017q4/bin/../lib/gcc/arm-none-eabi/7.2.1/thumb/v7-m/crtbegin.o

.data           0x0000000020000000       0x7c load address 0x0000000000007f4c
                0x0000000020000000                __data_start__ = .
 *(vtable)
 *(.data*)
 .data.SystemHFXOClock
                0x0000000020000000        0x4 ./CMSIS/EFM32GG/system_efm32gg.o
 .data.SystemLFXOClock
                0x0000000020000004        0x4 ./CMSIS/EFM32GG/system_efm32gg.o
 .data.SystemCoreClock
                0x0000000020000008        0x4 ./CMSIS/EFM32GG/system_efm32gg.o
                0x0000000020000008                SystemCoreClock
 .data.dev      0x000000002000000c        0x4 ./emusb/em_usbd.o
                0x000000002000000c                dev
 .data.USBDESC_HidDescriptor
                0x0000000020000010        0x4 ./src/descriptors.o
                0x0000000020000010                USBDESC_HidDescriptor
 .data.impure_data
                0x0000000020000014       0x60 /Applications/Simplicity Studio.app/Contents/Eclipse/developer/toolchains/gnu_arm/7.2_2017q4/bin/../lib/gcc/arm-none-eabi/7.2.1/../../../../arm-none-eabi/lib/thumb/v7-m/libc_nano.a(lib_a-impure.o)
                0x0000000020000074                . = ALIGN (0x4)
                [!provide]                        PROVIDE (__ram_func_section_start, .)
 *(.ram)
                [!provide]                        PROVIDE (__ram_func_section_end, .)
                0x0000000020000074                . = ALIGN (0x4)
                0x0000000020000074                PROVIDE (__preinit_array_start, .)
 *(.preinit_array)
                0x0000000020000074                PROVIDE (__preinit_array_end, .)
                0x0000000020000074                . = ALIGN (0x4)
                0x0000000020000074                PROVIDE (__init_array_start, .)
 *(SORT_BY_NAME(.init_array.*))
 *(.init_array)
 .init_array    0x0000000020000074        0x4 /Applications/Simplicity Studio.app/Contents/Eclipse/developer/toolchains/gnu_arm/7.2_2017q4/bin/../lib/gcc/arm-none-eabi/7.2.1/thumb/v7-m/crtbegin.o
                0x0000000020000078                PROVIDE (__init_array_end, .)
                0x0000000020000078                . = ALIGN (0x4)
                [!provide]                        PROVIDE (__fini_array_start, .)
 *(SORT_BY_NAME(.fini_array.*))
 *(.fini_array)
 .fini_array    0x0000000020000078        0x4 /Applications/Simplicity Studio.app/Contents/Eclipse/developer/toolchains/gnu_arm/7.2_2017q4/bin/../lib/gcc/arm-none-eabi/7.2.1/thumb/v7-m/crtbegin.o
                [!provide]                        PROVIDE (__fini_array_end, .)
 *(.jcr*)
                0x000000002000007c                . = ALIGN (0x4)
                0x000000002000007c                __data_end__ = .

.igot.plt       0x000000002000007c        0x0 load address 0x0000000000007fc8
 .igot.plt      0x000000002000007c        0x0 /Applications/Simplicity Studio.app/Contents/Eclipse/developer/toolchains/gnu_arm/7.2_2017q4/bin/../lib/gcc/arm-none-eabi/7.2.1/thumb/v7-m/crtbegin.o

.bss            0x000000002000007c      0x20c load address 0x0000000000007fc8
                0x000000002000007c                . = ALIGN (0x4)
                0x000000002000007c                __bss_start__ = .
 *(.bss*)
 .bss           0x000000002000007c       0x1c /Applications/Simplicity Studio.app/Contents/Eclipse/developer/toolchains/gnu_arm/7.2_2017q4/bin/../lib/gcc/arm-none-eabi/7.2.1/thumb/v7-m/crtbegin.o
 .bss.tmpBuffer
                0x0000000020000098        0x4 ./Drivers/hidkbd.o
 .bss.idleRate  0x000000002000009c        0x1 ./Drivers/hidkbd.o
 *fill*         0x000000002000009d        0x3 
 .bss.hidDescriptor
                0x00000000200000a0        0x4 ./Drivers/hidkbd.o
 .bss.setReportFunc
                0x00000000200000a4        0x4 ./Drivers/hidkbd.o
 .bss.lastSentReport
                0x00000000200000a8        0x8 ./Drivers/hidkbd.o
 .bss.lastKnownReport
                0x00000000200000b0        0x8 ./Drivers/hidkbd.o
 .bss.hidDesc.5644
                0x00000000200000b8        0xc ./Drivers/hidkbd.o
 .bss.device    0x00000000200000c4       0xa8 ./emusb/em_usbd.o
 .bss.txBuf     0x000000002000016c        0x4 ./emusb/em_usbdch9.o
 .bss.callback.5862
                0x0000000020000170        0x4 ./emusb/em_usbdep.o
 .bss.statusIn.5860
                0x0000000020000174        0x1 ./emusb/em_usbdep.o
 *fill*         0x0000000020000175        0x3 
 .bss.xferred.5861
                0x0000000020000178        0x4 ./emusb/em_usbdep.o
 .bss.USBD_poweredDown
                0x000000002000017c        0x1 ./emusb/em_usbdint.o
                0x000000002000017c                USBD_poweredDown
 *fill*         0x000000002000017d        0x3 
 .bss.x_USB_GINTMSK
                0x0000000020000180        0x4 ./emusb/em_usbdint.o
 .bss.x_USB_GOTGCTL
                0x0000000020000184        0x4 ./emusb/em_usbdint.o
 .bss.x_USB_GAHBCFG
                0x0000000020000188        0x4 ./emusb/em_usbdint.o
 .bss.x_USB_GUSBCFG
                0x000000002000018c        0x4 ./emusb/em_usbdint.o
 .bss.x_USB_GRXFSIZ
                0x0000000020000190        0x4 ./emusb/em_usbdint.o
 .bss.x_USB_GNPTXFSIZ
                0x0000000020000194        0x4 ./emusb/em_usbdint.o
 .bss.x_USB_DCFG
                0x0000000020000198        0x4 ./emusb/em_usbdint.o
 .bss.x_USB_DCTL
                0x000000002000019c        0x4 ./emusb/em_usbdint.o
 .bss.x_USB_DAINTMSK
                0x00000000200001a0        0x4 ./emusb/em_usbdint.o
 .bss.x_USB_DIEPMSK
                0x00000000200001a4        0x4 ./emusb/em_usbdint.o
 .bss.x_USB_DOEPMSK
                0x00000000200001a8        0x4 ./emusb/em_usbdint.o
 .bss.x_USB_PCGCCTL
                0x00000000200001ac        0x4 ./emusb/em_usbdint.o
 .bss.x_USB_EP_CTL
                0x00000000200001b0        0x4 ./emusb/em_usbdint.o
 .bss.x_USB_EP_TSIZ
                0x00000000200001b4        0x4 ./emusb/em_usbdint.o
 .bss.x_USB_EP_DMAADDR
                0x00000000200001b8        0x4 ./emusb/em_usbdint.o
 .bss.x_USB_DIEPTXFS
                0x00000000200001bc        0x4 ./emusb/em_usbdint.o
 .bss.cmuStatus
                0x00000000200001c0        0x4 ./emusb/em_usbdint.o
 .bss.timers    0x00000000200001c4       0x20 ./emusb/em_usbtimer.o
 .bss.head      0x00000000200001e4        0x4 ./emusb/em_usbtimer.o
 .bss.ticksPrMs
                0x00000000200001e8        0x4 ./emusb/em_usbtimer.o
 .bss.ticksPr1us
                0x00000000200001ec        0x4 ./emusb/em_usbtimer.o
 .bss.ticksPr10us
                0x00000000200001f0        0x4 ./emusb/em_usbtimer.o
 .bss.ticksPr100us
                0x00000000200001f4        0x4 ./emusb/em_usbtimer.o
 .bss.keySeqNo  0x00000000200001f8        0x4 ./src/main.o
 .bss.keyPushed
                0x00000000200001fc        0x1 ./src/main.o
 *(COMMON)
 *fill*         0x00000000200001fd        0x3 
 COMMON         0x0000000020000200       0x88 ./Drivers/hidkbd.o
                0x0000000020000200                queue
                0x0000000020000288                . = ALIGN (0x4)
                0x0000000020000288                __bss_end__ = .

.heap           0x0000000020000288      0xc00
                0x0000000020000288                __HeapBase = .
                0x0000000020000288                __end__ = .
                0x0000000020000288                end = __end__
                0x0000000020000288                _end = __end__
 *(.heap*)
 .heap          0x0000000020000288      0xc00 ./CMSIS/EFM32GG/startup_gcc_efm32gg.o
                0x0000000020000e88                __HeapLimit = .

.stack_dummy    0x0000000020000288      0x400
 *(.stack*)
 .stack         0x0000000020000288      0x400 ./CMSIS/EFM32GG/startup_gcc_efm32gg.o
                0x0000000020020000                __StackTop = (ORIGIN (RAM) + LENGTH (RAM))
                0x000000002001fc00                __StackLimit = (__StackTop - SIZEOF (.stack_dummy))
                0x0000000020020000                PROVIDE (__stack, __StackTop)
                0x0000000000000001                ASSERT ((__StackLimit >= __HeapLimit), region RAM overflowed with stack)
                0x0000000000000001                ASSERT ((LENGTH (FLASH) >= (__etext + SIZEOF (.data))), FLASH memory overflowed !)
OUTPUT(STK3700_usbdhidkbd.axf elf32-littlearm)

.ARM.attributes
                0x0000000000000000       0x29
 .ARM.attributes
                0x0000000000000000       0x1d /Applications/Simplicity Studio.app/Contents/Eclipse/developer/toolchains/gnu_arm/7.2_2017q4/bin/../lib/gcc/arm-none-eabi/7.2.1/thumb/v7-m/crti.o
 .ARM.attributes
                0x000000000000001d       0x2d /Applications/Simplicity Studio.app/Contents/Eclipse/developer/toolchains/gnu_arm/7.2_2017q4/bin/../lib/gcc/arm-none-eabi/7.2.1/thumb/v7-m/crtbegin.o
 .ARM.attributes
                0x000000000000004a       0x1b /Applications/Simplicity Studio.app/Contents/Eclipse/developer/toolchains/gnu_arm/7.2_2017q4/bin/../lib/gcc/arm-none-eabi/7.2.1/../../../../arm-none-eabi/lib/thumb/v7-m/crt0.o
 .ARM.attributes
                0x0000000000000065       0x33 ./BSP/bsp_stk_leds.o
 .ARM.attributes
                0x0000000000000098       0x33 ./BSP/bsp_trace.o
 .ARM.attributes
                0x00000000000000cb       0x1b ./CMSIS/EFM32GG/startup_gcc_efm32gg.o
 .ARM.attributes
                0x00000000000000e6       0x33 ./CMSIS/EFM32GG/system_efm32gg.o
 .ARM.attributes
                0x0000000000000119       0x33 ./Drivers/hidkbd.o
 .ARM.attributes
                0x000000000000014c       0x33 ./Drivers/segmentlcd.o
 .ARM.attributes
                0x000000000000017f       0x33 ./emlib/em_cmu.o
 .ARM.attributes
                0x00000000000001b2       0x33 ./emlib/em_core.o
 .ARM.attributes
                0x00000000000001e5       0x33 ./emlib/em_gpio.o
 .ARM.attributes
                0x0000000000000218       0x33 ./emlib/em_lcd.o
 .ARM.attributes
                0x000000000000024b       0x33 ./emlib/em_system.o
 .ARM.attributes
                0x000000000000027e       0x33 ./emlib/em_timer.o
 .ARM.attributes
                0x00000000000002b1       0x33 ./emusb/em_usbd.o
 .ARM.attributes
                0x00000000000002e4       0x33 ./emusb/em_usbdch9.o
 .ARM.attributes
                0x0000000000000317       0x33 ./emusb/em_usbdep.o
 .ARM.attributes
                0x000000000000034a       0x33 ./emusb/em_usbdint.o
 .ARM.attributes
                0x000000000000037d       0x33 ./emusb/em_usbhal.o
 .ARM.attributes
                0x00000000000003b0       0x33 ./emusb/em_usbtimer.o
 .ARM.attributes
                0x00000000000003e3       0x33 ./src/descriptors.o
 .ARM.attributes
                0x0000000000000416       0x33 ./src/gpio.o
 .ARM.attributes
                0x0000000000000449       0x33 ./src/interrupts.o
 .ARM.attributes
                0x000000000000047c       0x33 ./src/main.o
 .ARM.attributes
                0x00000000000004af       0x2d /Applications/Simplicity Studio.app/Contents/Eclipse/developer/toolchains/gnu_arm/7.2_2017q4/bin/../lib/gcc/arm-none-eabi/7.2.1/../../../../arm-none-eabi/lib/thumb/v7-m/libc_nano.a(lib_a-exit.o)
 .ARM.attributes
                0x00000000000004dc       0x2d /Applications/Simplicity Studio.app/Contents/Eclipse/developer/toolchains/gnu_arm/7.2_2017q4/bin/../lib/gcc/arm-none-eabi/7.2.1/../../../../arm-none-eabi/lib/thumb/v7-m/libc_nano.a(lib_a-impure.o)
 .ARM.attributes
                0x0000000000000509       0x2d /Applications/Simplicity Studio.app/Contents/Eclipse/developer/toolchains/gnu_arm/7.2_2017q4/bin/../lib/gcc/arm-none-eabi/7.2.1/../../../../arm-none-eabi/lib/thumb/v7-m/libc_nano.a(lib_a-init.o)
 .ARM.attributes
                0x0000000000000536       0x2d /Applications/Simplicity Studio.app/Contents/Eclipse/developer/toolchains/gnu_arm/7.2_2017q4/bin/../lib/gcc/arm-none-eabi/7.2.1/../../../../arm-none-eabi/lib/thumb/v7-m/libc_nano.a(lib_a-memcpy-stub.o)
 .ARM.attributes
                0x0000000000000563       0x2d /Applications/Simplicity Studio.app/Contents/Eclipse/developer/toolchains/gnu_arm/7.2_2017q4/bin/../lib/gcc/arm-none-eabi/7.2.1/../../../../arm-none-eabi/lib/thumb/v7-m/libc_nano.a(lib_a-memset.o)
 .ARM.attributes
                0x0000000000000590       0x17 /Applications/Simplicity Studio.app/Contents/Eclipse/developer/toolchains/gnu_arm/7.2_2017q4/bin/../lib/gcc/arm-none-eabi/7.2.1/../../../../arm-none-eabi/lib/thumb/v7-m/libc_nano.a(lib_a-strlen.o)
 .ARM.attributes
                0x00000000000005a7       0x2d /Applications/Simplicity Studio.app/Contents/Eclipse/developer/toolchains/gnu_arm/7.2_2017q4/bin/../lib/gcc/arm-none-eabi/7.2.1/../../../../arm-none-eabi/lib/thumb/v7-m/libc_nano.a(lib_a-findfp.o)
 .ARM.attributes
                0x00000000000005d4       0x2d /Applications/Simplicity Studio.app/Contents/Eclipse/developer/toolchains/gnu_arm/7.2_2017q4/bin/../lib/gcc/arm-none-eabi/7.2.1/../../../../arm-none-eabi/lib/thumb/v7-m/libnosys.a(_exit.o)
 .ARM.attributes
                0x0000000000000601       0x2d /Applications/Simplicity Studio.app/Contents/Eclipse/developer/toolchains/gnu_arm/7.2_2017q4/bin/../lib/gcc/arm-none-eabi/7.2.1/thumb/v7-m/crtend.o
 .ARM.attributes
                0x000000000000062e       0x1d /Applications/Simplicity Studio.app/Contents/Eclipse/developer/toolchains/gnu_arm/7.2_2017q4/bin/../lib/gcc/arm-none-eabi/7.2.1/thumb/v7-m/crtn.o

.comment        0x0000000000000000       0x7e
 .comment       0x0000000000000000       0x7e ./BSP/bsp_stk_leds.o
                                         0x7f (size before relaxing)
 .comment       0x000000000000007e       0x7f ./BSP/bsp_trace.o
 .comment       0x000000000000007e       0x7f ./CMSIS/EFM32GG/system_efm32gg.o
 .comment       0x000000000000007e       0x7f ./Drivers/hidkbd.o
 .comment       0x000000000000007e       0x7f ./Drivers/segmentlcd.o
 .comment       0x000000000000007e       0x7f ./emlib/em_cmu.o
 .comment       0x000000000000007e       0x7f ./emlib/em_core.o
 .comment       0x000000000000007e       0x7f ./emlib/em_gpio.o
 .comment       0x000000000000007e       0x7f ./emlib/em_lcd.o
 .comment       0x000000000000007e       0x7f ./emlib/em_system.o
 .comment       0x000000000000007e       0x7f ./emlib/em_timer.o
 .comment       0x000000000000007e       0x7f ./emusb/em_usbd.o
 .comment       0x000000000000007e       0x7f ./emusb/em_usbdch9.o
 .comment       0x000000000000007e       0x7f ./emusb/em_usbdep.o
 .comment       0x000000000000007e       0x7f ./emusb/em_usbdint.o
 .comment       0x000000000000007e       0x7f ./emusb/em_usbhal.o
 .comment       0x000000000000007e       0x7f ./emusb/em_usbtimer.o
 .comment       0x000000000000007e       0x7f ./src/descriptors.o
 .comment       0x000000000000007e       0x7f ./src/gpio.o
 .comment       0x000000000000007e       0x7f ./src/interrupts.o
 .comment       0x000000000000007e       0x7f ./src/main.o

.debug_info     0x0000000000000000    0x180f6
 .debug_info    0x0000000000000000      0x7ed ./BSP/bsp_stk_leds.o
 .debug_info    0x00000000000007ed      0xca7 ./BSP/bsp_trace.o
 .debug_info    0x0000000000001494       0x26 ./CMSIS/EFM32GG/startup_gcc_efm32gg.o
 .debug_info    0x00000000000014ba      0x75f ./CMSIS/EFM32GG/system_efm32gg.o
 .debug_info    0x0000000000001c19      0xfa6 ./Drivers/hidkbd.o
 .debug_info    0x0000000000002bbf     0x1bb1 ./Drivers/segmentlcd.o
 .debug_info    0x0000000000004770     0x15ce ./emlib/em_cmu.o
 .debug_info    0x0000000000005d3e      0xd4c ./emlib/em_core.o
 .debug_info    0x0000000000006a8a      0x69e ./emlib/em_gpio.o
 .debug_info    0x0000000000007128      0xab8 ./emlib/em_lcd.o
 .debug_info    0x0000000000007be0      0x280 ./emlib/em_system.o
 .debug_info    0x0000000000007e60      0x967 ./emlib/em_timer.o
 .debug_info    0x00000000000087c7     0x2cd8 ./emusb/em_usbd.o
 .debug_info    0x000000000000b49f     0x210b ./emusb/em_usbdch9.o
 .debug_info    0x000000000000d5aa     0x1cb9 ./emusb/em_usbdep.o
 .debug_info    0x000000000000f263     0x2497 ./emusb/em_usbdint.o
 .debug_info    0x00000000000116fa     0x23d0 ./emusb/em_usbhal.o
 .debug_info    0x0000000000013aca     0x1889 ./emusb/em_usbtimer.o
 .debug_info    0x0000000000015353      0xdeb ./src/descriptors.o
 .debug_info    0x000000000001613e      0x4fe ./src/gpio.o
 .debug_info    0x000000000001663c      0x15b ./src/interrupts.o
 .debug_info    0x0000000000016797     0x195f ./src/main.o

.debug_abbrev   0x0000000000000000     0x34a1
 .debug_abbrev  0x0000000000000000      0x1a2 ./BSP/bsp_stk_leds.o
 .debug_abbrev  0x00000000000001a2      0x191 ./BSP/bsp_trace.o
 .debug_abbrev  0x0000000000000333       0x14 ./CMSIS/EFM32GG/startup_gcc_efm32gg.o
 .debug_abbrev  0x0000000000000347      0x1b5 ./CMSIS/EFM32GG/system_efm32gg.o
 .debug_abbrev  0x00000000000004fc      0x329 ./Drivers/hidkbd.o
 .debug_abbrev  0x0000000000000825      0x2b5 ./Drivers/segmentlcd.o
 .debug_abbrev  0x0000000000000ada      0x2c0 ./emlib/em_cmu.o
 .debug_abbrev  0x0000000000000d9a      0x269 ./emlib/em_core.o
 .debug_abbrev  0x0000000000001003      0x1d6 ./emlib/em_gpio.o
 .debug_abbrev  0x00000000000011d9      0x21e ./emlib/em_lcd.o
 .debug_abbrev  0x00000000000013f7      0x11d ./emlib/em_system.o
 .debug_abbrev  0x0000000000001514      0x1ef ./emlib/em_timer.o
 .debug_abbrev  0x0000000000001703      0x4aa ./emusb/em_usbd.o
 .debug_abbrev  0x0000000000001bad      0x39c ./emusb/em_usbdch9.o
 .debug_abbrev  0x0000000000001f49      0x347 ./emusb/em_usbdep.o
 .debug_abbrev  0x0000000000002290      0x3a6 ./emusb/em_usbdint.o
 .debug_abbrev  0x0000000000002636      0x420 ./emusb/em_usbhal.o
 .debug_abbrev  0x0000000000002a56      0x316 ./emusb/em_usbtimer.o
 .debug_abbrev  0x0000000000002d6c      0x1a0 ./src/descriptors.o
 .debug_abbrev  0x0000000000002f0c      0x1c7 ./src/gpio.o
 .debug_abbrev  0x00000000000030d3       0xbe ./src/interrupts.o
 .debug_abbrev  0x0000000000003191      0x310 ./src/main.o

.debug_loc      0x0000000000000000     0x6480
 .debug_loc     0x0000000000000000      0x3cc ./BSP/bsp_stk_leds.o
 .debug_loc     0x00000000000003cc       0x7c ./BSP/bsp_trace.o
 .debug_loc     0x0000000000000448      0x31c ./CMSIS/EFM32GG/system_efm32gg.o
 .debug_loc     0x0000000000000764      0x328 ./Drivers/hidkbd.o
 .debug_loc     0x0000000000000a8c      0x66a ./Drivers/segmentlcd.o
 .debug_loc     0x00000000000010f6      0xde0 ./emlib/em_cmu.o
 .debug_loc     0x0000000000001ed6      0x844 ./emlib/em_core.o
 .debug_loc     0x000000000000271a      0x3e4 ./emlib/em_gpio.o
 .debug_loc     0x0000000000002afe      0x60c ./emlib/em_lcd.o
 .debug_loc     0x000000000000310a       0xac ./emlib/em_system.o
 .debug_loc     0x00000000000031b6      0x28c ./emlib/em_timer.o
 .debug_loc     0x0000000000003442      0xd02 ./emusb/em_usbd.o
 .debug_loc     0x0000000000004144      0x644 ./emusb/em_usbdch9.o
 .debug_loc     0x0000000000004788      0x2bc ./emusb/em_usbdep.o
 .debug_loc     0x0000000000004a44      0x854 ./emusb/em_usbdint.o
 .debug_loc     0x0000000000005298      0x5fc ./emusb/em_usbhal.o
 .debug_loc     0x0000000000005894      0x600 ./emusb/em_usbtimer.o
 .debug_loc     0x0000000000005e94      0x178 ./src/gpio.o
 .debug_loc     0x000000000000600c      0x140 ./src/interrupts.o
 .debug_loc     0x000000000000614c      0x334 ./src/main.o

.debug_aranges  0x0000000000000000      0xc28
 .debug_aranges
                0x0000000000000000       0x78 ./BSP/bsp_stk_leds.o
 .debug_aranges
                0x0000000000000078       0x28 ./BSP/bsp_trace.o
 .debug_aranges
                0x00000000000000a0       0x20 ./CMSIS/EFM32GG/startup_gcc_efm32gg.o
 .debug_aranges
                0x00000000000000c0       0x70 ./CMSIS/EFM32GG/system_efm32gg.o
 .debug_aranges
                0x0000000000000130       0x70 ./Drivers/hidkbd.o
 .debug_aranges
                0x00000000000001a0       0xc8 ./Drivers/segmentlcd.o
 .debug_aranges
                0x0000000000000268      0x180 ./emlib/em_cmu.o
 .debug_aranges
                0x00000000000003e8       0xe8 ./emlib/em_core.o
 .debug_aranges
                0x00000000000004d0       0x78 ./emlib/em_gpio.o
 .debug_aranges
                0x0000000000000548       0xa8 ./emlib/em_lcd.o
 .debug_aranges
                0x00000000000005f0       0x28 ./emlib/em_system.o
 .debug_aranges
                0x0000000000000618       0x58 ./emlib/em_timer.o
 .debug_aranges
                0x0000000000000670      0x160 ./emusb/em_usbd.o
 .debug_aranges
                0x00000000000007d0       0xb0 ./emusb/em_usbdch9.o
 .debug_aranges
                0x0000000000000880       0x58 ./emusb/em_usbdep.o
 .debug_aranges
                0x00000000000008d8       0xf8 ./emusb/em_usbdint.o
 .debug_aranges
                0x00000000000009d0       0xb0 ./emusb/em_usbhal.o
 .debug_aranges
                0x0000000000000a80       0xa8 ./emusb/em_usbtimer.o
 .debug_aranges
                0x0000000000000b28       0x18 ./src/descriptors.o
 .debug_aranges
                0x0000000000000b40       0x40 ./src/gpio.o
 .debug_aranges
                0x0000000000000b80       0x38 ./src/interrupts.o
 .debug_aranges
                0x0000000000000bb8       0x70 ./src/main.o

.debug_ranges   0x0000000000000000      0xab0
 .debug_ranges  0x0000000000000000       0x68 ./BSP/bsp_stk_leds.o
 .debug_ranges  0x0000000000000068       0x18 ./BSP/bsp_trace.o
 .debug_ranges  0x0000000000000080       0x60 ./CMSIS/EFM32GG/system_efm32gg.o
 .debug_ranges  0x00000000000000e0       0x60 ./Drivers/hidkbd.o
 .debug_ranges  0x0000000000000140       0xb8 ./Drivers/segmentlcd.o
 .debug_ranges  0x00000000000001f8      0x170 ./emlib/em_cmu.o
 .debug_ranges  0x0000000000000368       0xd8 ./emlib/em_core.o
 .debug_ranges  0x0000000000000440       0x68 ./emlib/em_gpio.o
 .debug_ranges  0x00000000000004a8       0x98 ./emlib/em_lcd.o
 .debug_ranges  0x0000000000000540       0x18 ./emlib/em_system.o
 .debug_ranges  0x0000000000000558       0x48 ./emlib/em_timer.o
 .debug_ranges  0x00000000000005a0      0x150 ./emusb/em_usbd.o
 .debug_ranges  0x00000000000006f0       0xa0 ./emusb/em_usbdch9.o
 .debug_ranges  0x0000000000000790       0x48 ./emusb/em_usbdep.o
 .debug_ranges  0x00000000000007d8       0xe8 ./emusb/em_usbdint.o
 .debug_ranges  0x00000000000008c0       0xa0 ./emusb/em_usbhal.o
 .debug_ranges  0x0000000000000960       0x98 ./emusb/em_usbtimer.o
 .debug_ranges  0x00000000000009f8       0x30 ./src/gpio.o
 .debug_ranges  0x0000000000000a28       0x28 ./src/interrupts.o
 .debug_ranges  0x0000000000000a50       0x60 ./src/main.o

.debug_macro    0x0000000000000000     0x5cec
 .debug_macro   0x0000000000000000      0x2fd ./BSP/bsp_stk_leds.o
 .debug_macro   0x00000000000002fd       0x4f ./BSP/bsp_stk_leds.o
 .debug_macro   0x000000000000034c       0x51 ./BSP/bsp_stk_leds.o
 .debug_macro   0x000000000000039d       0xc3 ./BSP/bsp_stk_leds.o
 .debug_macro   0x0000000000000460      0x2fe ./BSP/bsp_trace.o
 .debug_macro   0x000000000000075e       0xc7 ./BSP/bsp_trace.o
 .debug_macro   0x0000000000000825       0x16 ./BSP/bsp_trace.o
 .debug_macro   0x000000000000083b      0x28e ./CMSIS/EFM32GG/system_efm32gg.o
 .debug_macro   0x0000000000000ac9      0x375 ./Drivers/hidkbd.o
 .debug_macro   0x0000000000000e3e       0x63 ./Drivers/hidkbd.o
 .debug_macro   0x0000000000000ea1       0x40 ./Drivers/hidkbd.o
 .debug_macro   0x0000000000000ee1       0x58 ./Drivers/hidkbd.o
 .debug_macro   0x0000000000000f39      0x34d ./Drivers/hidkbd.o
 .debug_macro   0x0000000000001286      0x49a ./Drivers/hidkbd.o
 .debug_macro   0x0000000000001720      0x432 ./Drivers/segmentlcd.o
 .debug_macro   0x0000000000001b52       0x16 ./Drivers/segmentlcd.o
 .debug_macro   0x0000000000001b68       0x97 ./Drivers/segmentlcd.o
 .debug_macro   0x0000000000001bff       0xf6 ./Drivers/segmentlcd.o
 .debug_macro   0x0000000000001cf5       0x10 ./Drivers/segmentlcd.o
 .debug_macro   0x0000000000001d05       0x10 ./Drivers/segmentlcd.o
 .debug_macro   0x0000000000001d15       0xb6 ./Drivers/segmentlcd.o
 .debug_macro   0x0000000000001dcb       0x16 ./Drivers/segmentlcd.o
 .debug_macro   0x0000000000001de1      0x129 ./Drivers/segmentlcd.o
 .debug_macro   0x0000000000001f0a       0x16 ./Drivers/segmentlcd.o
 .debug_macro   0x0000000000001f20       0x16 ./Drivers/segmentlcd.o
 .debug_macro   0x0000000000001f36       0x22 ./Drivers/segmentlcd.o
 .debug_macro   0x0000000000001f58       0x1d ./Drivers/segmentlcd.o
 .debug_macro   0x0000000000001f75      0x117 ./Drivers/segmentlcd.o
 .debug_macro   0x000000000000208c       0x22 ./Drivers/segmentlcd.o
 .debug_macro   0x00000000000020ae      0x367 ./emlib/em_cmu.o
 .debug_macro   0x0000000000002415       0x25 ./emlib/em_cmu.o
 .debug_macro   0x000000000000243a       0xee ./emlib/em_cmu.o
 .debug_macro   0x0000000000002528       0x1f ./emlib/em_cmu.o
 .debug_macro   0x0000000000002547      0x2c0 ./emlib/em_core.o
 .debug_macro   0x0000000000002807       0xba ./emlib/em_core.o
 .debug_macro   0x00000000000028c1      0x2a7 ./emlib/em_gpio.o
 .debug_macro   0x0000000000002b68      0x29b ./emlib/em_lcd.o
 .debug_macro   0x0000000000002e03       0x17 ./emlib/em_lcd.o
 .debug_macro   0x0000000000002e1a      0x295 ./emlib/em_system.o
 .debug_macro   0x00000000000030af      0x295 ./emlib/em_timer.o
 .debug_macro   0x0000000000003344       0x79 ./emlib/em_timer.o
 .debug_macro   0x00000000000033bd      0x3bc ./emusb/em_usbd.o
 .debug_macro   0x0000000000003779       0xc0 ./emusb/em_usbd.o
 .debug_macro   0x0000000000003839       0x8c ./emusb/em_usbd.o
 .debug_macro   0x00000000000038c5      0x11c ./emusb/em_usbd.o
 .debug_macro   0x00000000000039e1       0x10 ./emusb/em_usbd.o
 .debug_macro   0x00000000000039f1      0x383 ./emusb/em_usbdch9.o
 .debug_macro   0x0000000000003d74      0x383 ./emusb/em_usbdep.o
 .debug_macro   0x00000000000040f7      0x3e8 ./emusb/em_usbdint.o
 .debug_macro   0x00000000000044df      0x3bc ./emusb/em_usbhal.o
 .debug_macro   0x000000000000489b      0x3d0 ./emusb/em_usbtimer.o
 .debug_macro   0x0000000000004c6b       0x7f ./emusb/em_usbtimer.o
 .debug_macro   0x0000000000004cea      0x372 ./src/descriptors.o
 .debug_macro   0x000000000000505c      0x302 ./src/gpio.o
 .debug_macro   0x000000000000535e      0x2fe ./src/interrupts.o
 .debug_macro   0x000000000000565c      0x266 ./src/interrupts.o
 .debug_macro   0x00000000000058c2      0x42a ./src/main.o

.debug_line     0x0000000000000000     0xfddf
 .debug_line    0x0000000000000000      0xc0e ./BSP/bsp_stk_leds.o
 .debug_line    0x0000000000000c0e      0x9e1 ./BSP/bsp_trace.o
 .debug_line    0x00000000000015ef       0x72 ./CMSIS/EFM32GG/startup_gcc_efm32gg.o
 .debug_line    0x0000000000001661      0x8a3 ./CMSIS/EFM32GG/system_efm32gg.o
 .debug_line    0x0000000000001f04      0xba2 ./Drivers/hidkbd.o
 .debug_line    0x0000000000002aa6      0xe1d ./Drivers/segmentlcd.o
 .debug_line    0x00000000000038c3     0x11ac ./emlib/em_cmu.o
 .debug_line    0x0000000000004a6f      0xbe0 ./emlib/em_core.o
 .debug_line    0x000000000000564f      0xb19 ./emlib/em_gpio.o
 .debug_line    0x0000000000006168      0xae1 ./emlib/em_lcd.o
 .debug_line    0x0000000000006c49      0x898 ./emlib/em_system.o
 .debug_line    0x00000000000074e1      0xb59 ./emlib/em_timer.o
 .debug_line    0x000000000000803a      0xf5d ./emusb/em_usbd.o
 .debug_line    0x0000000000008f97      0xd11 ./emusb/em_usbdch9.o
 .debug_line    0x0000000000009ca8      0xb5c ./emusb/em_usbdep.o
 .debug_line    0x000000000000a804      0xe73 ./emusb/em_usbdint.o
 .debug_line    0x000000000000b677      0xdae ./emusb/em_usbhal.o
 .debug_line    0x000000000000c425      0xc3a ./emusb/em_usbtimer.o
 .debug_line    0x000000000000d05f      0xa77 ./src/descriptors.o
 .debug_line    0x000000000000dad6      0xa93 ./src/gpio.o
 .debug_line    0x000000000000e569      0xa02 ./src/interrupts.o
 .debug_line    0x000000000000ef6b      0xe74 ./src/main.o

.debug_str      0x0000000000000000    0xe3a3e
 .debug_str     0x0000000000000000    0xd49ae ./BSP/bsp_stk_leds.o
                                      0xd4ff7 (size before relaxing)
 .debug_str     0x00000000000d49ae      0x391 ./BSP/bsp_trace.o
                                      0xd50b9 (size before relaxing)
 .debug_str     0x00000000000d4d3f       0x36 ./CMSIS/EFM32GG/startup_gcc_efm32gg.o
                                         0x97 (size before relaxing)
 .debug_str     0x00000000000d4d75      0x275 ./CMSIS/EFM32GG/system_efm32gg.o
                                      0xd2e96 (size before relaxing)
 .debug_str     0x00000000000d4fea     0x4a34 ./Drivers/hidkbd.o
                                      0xd790c (size before relaxing)
 .debug_str     0x00000000000d9a1e     0x3d5c ./Drivers/segmentlcd.o
                                      0xdb119 (size before relaxing)
 .debug_str     0x00000000000dd77a      0xecf ./emlib/em_cmu.o
                                      0xd6c6c (size before relaxing)
 .debug_str     0x00000000000de649      0xc14 ./emlib/em_core.o
                                      0xd3ad9 (size before relaxing)
 .debug_str     0x00000000000df25d      0x1fb ./emlib/em_gpio.o
                                      0xd36e6 (size before relaxing)
 .debug_str     0x00000000000df458      0x35f ./emlib/em_lcd.o
                                      0xd334c (size before relaxing)
 .debug_str     0x00000000000df7b7       0xac ./emlib/em_system.o
                                      0xd2f7b (size before relaxing)
 .debug_str     0x00000000000df863      0xa71 ./emlib/em_timer.o
                                      0xd3657 (size before relaxing)
 .debug_str     0x00000000000e02d4     0x17ad ./emusb/em_usbd.o
                                      0xdaeec (size before relaxing)
 .debug_str     0x00000000000e1a81      0x154 ./emusb/em_usbdch9.o
                                      0xd8d44 (size before relaxing)
 .debug_str     0x00000000000e1bd5       0x68 ./emusb/em_usbdep.o
                                      0xd8c20 (size before relaxing)
 .debug_str     0x00000000000e1c3d      0x4d7 ./emusb/em_usbdint.o
                                      0xdac17 (size before relaxing)
 .debug_str     0x00000000000e2114      0x135 ./emusb/em_usbhal.o
                                      0xdabb3 (size before relaxing)
 .debug_str     0x00000000000e2249      0x23a ./emusb/em_usbtimer.o
                                      0xda8ad (size before relaxing)
 .debug_str     0x00000000000e2483       0xf5 ./src/descriptors.o
                                      0xd7691 (size before relaxing)
 .debug_str     0x00000000000e2578       0x56 ./src/gpio.o
                                      0xd4d95 (size before relaxing)
 .debug_str     0x00000000000e25ce     0x1381 ./src/interrupts.o
                                      0xd4ea0 (size before relaxing)
 .debug_str     0x00000000000e394f       0xef ./src/main.o
                                      0xdc5f9 (size before relaxing)

.debug_frame    0x0000000000000000     0x30fc
 .debug_frame   0x0000000000000000      0x1c4 ./BSP/bsp_stk_leds.o
 .debug_frame   0x00000000000001c4       0x50 ./BSP/bsp_trace.o
 .debug_frame   0x0000000000000214      0x180 ./CMSIS/EFM32GG/system_efm32gg.o
 .debug_frame   0x0000000000000394      0x18c ./Drivers/hidkbd.o
 .debug_frame   0x0000000000000520      0x318 ./Drivers/segmentlcd.o
 .debug_frame   0x0000000000000838      0x66c ./emlib/em_cmu.o
 .debug_frame   0x0000000000000ea4      0x3c4 ./emlib/em_core.o
 .debug_frame   0x0000000000001268      0x1cc ./emlib/em_gpio.o
 .debug_frame   0x0000000000001434      0x2bc ./emlib/em_lcd.o
 .debug_frame   0x00000000000016f0       0x5c ./emlib/em_system.o
 .debug_frame   0x000000000000174c      0x134 ./emlib/em_timer.o
 .debug_frame   0x0000000000001880      0x5ec ./emusb/em_usbd.o
 .debug_frame   0x0000000000001e6c      0x2d8 ./emusb/em_usbdch9.o
 .debug_frame   0x0000000000002144      0x148 ./emusb/em_usbdep.o
 .debug_frame   0x000000000000228c      0x3f4 ./emusb/em_usbdint.o
 .debug_frame   0x0000000000002680      0x2d0 ./emusb/em_usbhal.o
 .debug_frame   0x0000000000002950      0x2cc ./emusb/em_usbtimer.o
 .debug_frame   0x0000000000002c1c       0xc0 ./src/gpio.o
 .debug_frame   0x0000000000002cdc       0xb8 ./src/interrupts.o
 .debug_frame   0x0000000000002d94      0x190 ./src/main.o
 .debug_frame   0x0000000000002f24       0x28 /Applications/Simplicity Studio.app/Contents/Eclipse/developer/toolchains/gnu_arm/7.2_2017q4/bin/../lib/gcc/arm-none-eabi/7.2.1/../../../../arm-none-eabi/lib/thumb/v7-m/libc_nano.a(lib_a-exit.o)
 .debug_frame   0x0000000000002f4c       0x2c /Applications/Simplicity Studio.app/Contents/Eclipse/developer/toolchains/gnu_arm/7.2_2017q4/bin/../lib/gcc/arm-none-eabi/7.2.1/../../../../arm-none-eabi/lib/thumb/v7-m/libc_nano.a(lib_a-init.o)
 .debug_frame   0x0000000000002f78       0x28 /Applications/Simplicity Studio.app/Contents/Eclipse/developer/toolchains/gnu_arm/7.2_2017q4/bin/../lib/gcc/arm-none-eabi/7.2.1/../../../../arm-none-eabi/lib/thumb/v7-m/libc_nano.a(lib_a-memcpy-stub.o)
 .debug_frame   0x0000000000002fa0       0x20 /Applications/Simplicity Studio.app/Contents/Eclipse/developer/toolchains/gnu_arm/7.2_2017q4/bin/../lib/gcc/arm-none-eabi/7.2.1/../../../../arm-none-eabi/lib/thumb/v7-m/libc_nano.a(lib_a-memset.o)
 .debug_frame   0x0000000000002fc0      0x11c /Applications/Simplicity Studio.app/Contents/Eclipse/developer/toolchains/gnu_arm/7.2_2017q4/bin/../lib/gcc/arm-none-eabi/7.2.1/../../../../arm-none-eabi/lib/thumb/v7-m/libc_nano.a(lib_a-findfp.o)
 .debug_frame   0x00000000000030dc       0x20 /Applications/Simplicity Studio.app/Contents/Eclipse/developer/toolchains/gnu_arm/7.2_2017q4/bin/../lib/gcc/arm-none-eabi/7.2.1/../../../../arm-none-eabi/lib/thumb/v7-m/libnosys.a(_exit.o)

.stabstr        0x0000000000000000      0x1b9
 .stabstr       0x0000000000000000      0x1b9 /Applications/Simplicity Studio.app/Contents/Eclipse/developer/toolchains/gnu_arm/7.2_2017q4/bin/../lib/gcc/arm-none-eabi/7.2.1/../../../../arm-none-eabi/lib/thumb/v7-m/libnosys.a(close.o)
